=================================================================
  📡 POSITION MONITOR
  Started: 2026-04-25 15:13:42 EDT
  Check interval: every 3 minutes
  Auto-close: TARGET and STOP hits executed automatically
  Press Ctrl+C to stop
=================================================================
  Market closed. Next open: 2026-04-27 09:29 EDT (42h 16m)
  Sleeping until market open...
  =================================================================
  📊 SESSION SUMMARY — 2026-04-25 15:13 EDT
  =================================================================
  Price checks run:    0
  Auto-closes today:   0
  Open positions:      2
  Total P&L:           $-667.00
  Win rate:            0.0%  (0W/1L)
  =================================================================
  Market closed. Next open: 2026-04-27 09:29 EDT (41h 16m)
  Sleeping until market open...
  =================================================================
  📊 SESSION SUMMARY — 2026-04-25 16:13 EDT
  =================================================================
  Price checks run:    0
  Auto-closes today:   0
  Open positions:      2
  Total P&L:           $-667.00
  Win rate:            0.0%  (0W/1L)
  =================================================================
  Market closed. Next open: 2026-04-27 09:29 EDT (40h 16m)
  Sleeping until market open...
  =================================================================
  📊 SESSION SUMMARY — 2026-04-25 17:13 EDT
  =================================================================
  Price checks run:    0
  Auto-closes today:   0
  Open positions:      2
  Total P&L:           $-667.00
  Win rate:            0.0%  (0W/1L)
  =================================================================
  Market closed. Next open: 2026-04-27 09:29 EDT (39h 16m)
  Sleeping until market open...
  =================================================================
  📊 SESSION SUMMARY — 2026-04-25 18:13 EDT
  =================================================================
  Price checks run:    0
  Auto-closes today:   0
  Open positions:      2
  Total P&L:           $-667.00
  Win rate:            0.0%  (0W/1L)
  =================================================================
  Market closed. Next open: 2026-04-27 09:29 EDT (38h 16m)
  Sleeping until market open...
  =================================================================
  📊 SESSION SUMMARY — 2026-04-25 19:13 EDT
  =================================================================
  Price checks run:    0
  Auto-closes today:   0
  Open positions:      2
  Total P&L:           $-667.00
  Win rate:            0.0%  (0W/1L)
  =================================================================
  Market closed. Next open: 2026-04-27 09:29 EDT (37h 16m)
  Sleeping until market open...
  =================================================================
  📊 SESSION SUMMARY — 2026-04-25 20:13 EDT
  =================================================================
  Price checks run:    0
  Auto-closes today:   0
  Open positions:      2
  Total P&L:           $-667.00
  Win rate:            0.0%  (0W/1L)
  =================================================================
  Market closed. Next open: 2026-04-27 09:29 EDT (36h 16m)
  Sleeping until market open...
  =================================================================
  📊 SESSION SUMMARY — 2026-04-25 21:13 EDT
  =================================================================
  Price checks run:    0
  Auto-closes today:   0
  Open positions:      2
  Total P&L:           $-667.00
  Win rate:            0.0%  (0W/1L)
  =================================================================
  Market closed. Next open: 2026-04-27 09:29 EDT (35h 16m)
  Sleeping until market open...
  =================================================================
  📊 SESSION SUMMARY — 2026-04-25 22:13 EDT
  =================================================================
  Price checks run:    0
  Auto-closes today:   0
  Open positions:      2
  Total P&L:           $-667.00
  Win rate:            0.0%  (0W/1L)
  =================================================================
  Market closed. Next open: 2026-04-27 09:29 EDT (34h 16m)
  Sleeping until market open...
  =================================================================
  📊 SESSION SUMMARY — 2026-04-25 23:13 EDT
  =================================================================
  Price checks run:    0
  Auto-closes today:   0
  Open positions:      2
  Total P&L:           $-667.00
  Win rate:            0.0%  (0W/1L)
  =================================================================
  Market closed. Next open: 2026-04-27 09:29 EDT (33h 16m)
  Sleeping until market open...
  =================================================================
  📊 SESSION SUMMARY — 2026-04-26 00:13 EDT
  =================================================================
  Price checks run:    0
  Auto-closes today:   0
  Open positions:      2
  Total P&L:           $-667.00
  Win rate:            0.0%  (0W/1L)
  =================================================================
  Market closed. Next open: 2026-04-27 09:29 EDT (32h 16m)
  Sleeping until market open...
  =================================================================
  📊 SESSION SUMMARY — 2026-04-26 01:13 EDT
  =================================================================
  Price checks run:    0
  Auto-closes today:   0
  Open positions:      2
  Total P&L:           $-667.00
  Win rate:            0.0%  (0W/1L)
  =================================================================
  Market closed. Next open: 2026-04-27 09:29 EDT (31h 16m)
  Sleeping until market open...
  =================================================================
  📊 SESSION SUMMARY — 2026-04-26 02:13 EDT
  =================================================================
  Price checks run:    0
  Auto-closes today:   0
  Open positions:      2
  Total P&L:           $-667.00
  Win rate:            0.0%  (0W/1L)
  =================================================================
  Market closed. Next open: 2026-04-27 09:29 EDT (30h 16m)
  Sleeping until market open...
  =================================================================
  📊 SESSION SUMMARY — 2026-04-26 03:13 EDT
  =================================================================
  Price checks run:    0
  Auto-closes today:   0
  Open positions:      2
  Total P&L:           $-667.00
  Win rate:            0.0%  (0W/1L)
  =================================================================
  Market closed. Next open: 2026-04-27 09:29 EDT (29h 16m)
  Sleeping until market open...
  =================================================================
  📊 SESSION SUMMARY — 2026-04-26 04:13 EDT
  =================================================================
  Price checks run:    0
  Auto-closes today:   0
  Open positions:      2
  Total P&L:           $-667.00
  Win rate:            0.0%  (0W/1L)
  =================================================================
  Market closed. Next open: 2026-04-27 09:29 EDT (28h 16m)
  Sleeping until market open...
  =================================================================
  📊 SESSION SUMMARY — 2026-04-26 05:13 EDT
  =================================================================
  Price checks run:    0
  Auto-closes today:   0
  Open positions:      2
  Total P&L:           $-667.00
  Win rate:            0.0%  (0W/1L)
  =================================================================
  Market closed. Next open: 2026-04-27 09:29 EDT (27h 16m)
  Sleeping until market open...
  =================================================================
  📊 SESSION SUMMARY — 2026-04-26 06:13 EDT
  =================================================================
  Price checks run:    0
  Auto-closes today:   0
  Open positions:      2
  Total P&L:           $-667.00
  Win rate:            0.0%  (0W/1L)
  =================================================================
  Market closed. Next open: 2026-04-27 09:29 EDT (26h 16m)
  Sleeping until market open...
  =================================================================
  📊 SESSION SUMMARY — 2026-04-26 07:13 EDT
  =================================================================
  Price checks run:    0
  Auto-closes today:   0
  Open positions:      2
  Total P&L:           $-667.00
  Win rate:            0.0%  (0W/1L)
  =================================================================
  Market closed. Next open: 2026-04-27 09:29 EDT (23h 53m)
  Sleeping until market open...
  =================================================================
  📊 SESSION SUMMARY — 2026-04-26 09:36 EDT
  =================================================================
  Price checks run:    0
  Auto-closes today:   0
  Open positions:      2
  Total P&L:           $-667.00
  Win rate:            0.0%  (0W/1L)
  =================================================================
  Market closed. Next open: 2026-04-27 09:29 EDT (22h 53m)
  Sleeping until market open...
  =================================================================
  📊 SESSION SUMMARY — 2026-04-26 10:36 EDT
  =================================================================
  Price checks run:    0
  Auto-closes today:   0
  Open positions:      2
  Total P&L:           $-667.00
  Win rate:            0.0%  (0W/1L)
  =================================================================
  Market closed. Next open: 2026-04-27 09:29 EDT (7h 31m)
  Sleeping until market open...
  =================================================================
  📊 SESSION SUMMARY — 2026-04-27 01:58 EDT
  =================================================================
  Price checks run:    0
  Auto-closes today:   0
  Open positions:      2
  Total P&L:           $-667.00
  Win rate:            0.0%  (0W/1L)
  =================================================================
  Market closed. Next open: 2026-04-27 09:29 EDT (1h 5m)
  Sleeping until market open...
  =================================================================
  📊 SESSION SUMMARY — 2026-04-27 08:24 EDT
  =================================================================
  Price checks run:    0
  Auto-closes today:   0
  Open positions:      2
  Total P&L:           $-667.00
  Win rate:            0.0%  (0W/1L)
  =================================================================
  Market closed. Next open: 2026-04-27 09:29 EDT (0h 5m)
  Sleeping until market open...
  =================================================================
  📊 SESSION SUMMARY — 2026-04-27 09:24 EDT
  =================================================================
  Price checks run:    0
  Auto-closes today:   0
  Open positions:      2
  Total P&L:           $-667.00
  Win rate:            0.0%  (0W/1L)
  =================================================================
  Refreshing auth token...
Starting new HTTPS connection (1): api.public.com:443
https://api.public.com:443 "POST /userapiauthservice/personal/access-tokens HTTP/1.1" 200 750
Starting new HTTPS connection (1): api.public.com:443
https://api.public.com:443 "GET /userapigateway/trading/account HTTP/1.1" 200 None
Starting new HTTPS connection (1): api.public.com:443
https://api.public.com:443 "POST /userapigateway/marketdata/5LT39200/quotes HTTP/1.1" 200 None
  ─────────────────────────────────────────────────────────────────
  📡 POSITION CHECK — 09:30:01 EDT
  ─────────────────────────────────────────────────────────────────
  🔴 #3  TSLA260427C00377500
     Entry: $4.35  │  Bid: $1.30  Mid: $1.33  Ask: $1.36
     P&L:   $-302.00 (-69.4%)  │  Target: $8.70  Stop: $2.17
     [●────────────────────]  Stop ←→ Target
     💭 $5.2M premium in 4 DTE calls contradicts the 58% put bias, signaling p...
  =================================================================
  🛑 STOP HIT — #3 TSLA260427C00377500
     Entry: $4.35  →  Current: $1.33
     P&L: $-302.00 (-69.4%)
  =================================================================
  ✅ Position auto-closed at STOP
  🔴 #4  SPY260427P00712000
     Entry: $2.55  │  Bid: $2.07  Mid: $2.08  Ask: $2.09
     P&L:   $-47.00 (-18.4%)  │  Target: $5.10  Stop: $1.27
     [────●────────────────]  Stop ←→ Target
     💭 $2.9M in put premium with -0.41 delta at 3 DTE contradicts the 77% bul...
  ⏰ EXPIRING SOON — 0 day(s) remaining
  ⏳ Next check in 3 minutes...
Starting new HTTPS connection (1): api.public.com:443
https://api.public.com:443 "POST /userapigateway/marketdata/5LT39200/quotes HTTP/1.1" 200 None
  ─────────────────────────────────────────────────────────────────
  📡 POSITION CHECK — 09:33:02 EDT
  ─────────────────────────────────────────────────────────────────
  🔴 #4  SPY260427P00712000
     Entry: $2.55  │  Bid: $0.75  Mid: $0.76  Ask: $0.76
     P&L:   $-179.50 (-70.4%)  │  Target: $5.10  Stop: $1.27
     [●────────────────────]  Stop ←→ Target
     💭 $2.9M in put premium with -0.41 delta at 3 DTE contradicts the 77% bul...
  =================================================================
  🛑 STOP HIT — #4 SPY260427P00712000
     Entry: $2.55  →  Current: $0.76
     P&L: $-179.50 (-70.4%)
  =================================================================
  ✅ Position auto-closed at STOP
  ⏳ Next check in 3 minutes...
  09:36:02 — No open positions. Sleeping 3m...
  09:39:02 — No open positions. Sleeping 3m...
  09:42:02 — No open positions. Sleeping 3m...
  09:45:02 — No open positions. Sleeping 3m...
  09:48:02 — No open positions. Sleeping 3m...
  09:51:02 — No open positions. Sleeping 3m...
  09:54:02 — No open positions. Sleeping 3m...
  09:57:02 — No open positions. Sleeping 3m...
  10:00:02 — No open positions. Sleeping 3m...
  10:03:02 — No open positions. Sleeping 3m...
  10:06:02 — No open positions. Sleeping 3m...
  10:09:02 — No open positions. Sleeping 3m...
  10:12:02 — No open positions. Sleeping 3m...
  10:15:02 — No open positions. Sleeping 3m...
  10:18:02 — No open positions. Sleeping 3m...
  10:21:02 — No open positions. Sleeping 3m...
  10:24:02 — No open positions. Sleeping 3m...
  10:27:02 — No open positions. Sleeping 3m...
  10:30:02 — No open positions. Sleeping 3m...
  10:33:02 — No open positions. Sleeping 3m...
  10:36:02 — No open positions. Sleeping 3m...
  10:39:02 — No open positions. Sleeping 3m...
  10:42:02 — No open positions. Sleeping 3m...
  10:45:02 — No open positions. Sleeping 3m...
  10:48:02 — No open positions. Sleeping 3m...
  10:51:02 — No open positions. Sleeping 3m...
  10:54:02 — No open positions. Sleeping 3m...
  10:57:02 — No open positions. Sleeping 3m...
  11:00:02 — No open positions. Sleeping 3m...
  11:03:02 — No open positions. Sleeping 3m...
  11:06:04 — No open positions. Sleeping 3m...
  11:09:04 — No open positions. Sleeping 3m...
  11:12:04 — No open positions. Sleeping 3m...
  11:15:04 — No open positions. Sleeping 3m...
  11:18:04 — No open positions. Sleeping 3m...
  11:21:04 — No open positions. Sleeping 3m...
  11:24:04 — No open positions. Sleeping 3m...
  11:27:04 — No open positions. Sleeping 3m...
  11:30:04 — No open positions. Sleeping 3m...
  11:33:04 — No open positions. Sleeping 3m...
  11:36:04 — No open positions. Sleeping 3m...
  11:39:04 — No open positions. Sleeping 3m...
  11:42:04 — No open positions. Sleeping 3m...
  11:45:04 — No open positions. Sleeping 3m...
  11:48:04 — No open positions. Sleeping 3m...
  11:51:04 — No open positions. Sleeping 3m...
  11:54:04 — No open positions. Sleeping 3m...
  11:57:04 — No open positions. Sleeping 3m...
  12:00:04 — No open positions. Sleeping 3m...
  12:03:04 — No open positions. Sleeping 3m...
  12:06:04 — No open positions. Sleeping 3m...
  12:09:04 — No open positions. Sleeping 3m...
  12:12:04 — No open positions. Sleeping 3m...
  12:15:04 — No open positions. Sleeping 3m...
  12:18:04 — No open positions. Sleeping 3m...
  12:21:04 — No open positions. Sleeping 3m...
  12:24:04 — No open positions. Sleeping 3m...
  12:27:04 — No open positions. Sleeping 3m...
  12:30:04 — No open positions. Sleeping 3m...
  12:33:04 — No open positions. Sleeping 3m...
  12:36:04 — No open positions. Sleeping 3m...
  12:39:04 — No open positions. Sleeping 3m...
  12:42:04 — No open positions. Sleeping 3m...
  12:45:04 — No open positions. Sleeping 3m...
  12:48:04 — No open positions. Sleeping 3m...
  12:51:04 — No open positions. Sleeping 3m...
  12:54:04 — No open positions. Sleeping 3m...
  12:57:04 — No open positions. Sleeping 3m...
  13:00:04 — No open positions. Sleeping 3m...
  13:03:04 — No open positions. Sleeping 3m...
  13:06:04 — No open positions. Sleeping 3m...
  13:09:04 — No open positions. Sleeping 3m...
  13:12:04 — No open positions. Sleeping 3m...
  13:15:04 — No open positions. Sleeping 3m...
  13:18:04 — No open positions. Sleeping 3m...
  13:21:04 — No open positions. Sleeping 3m...
  13:24:04 — No open positions. Sleeping 3m...
  13:27:04 — No open positions. Sleeping 3m...
  13:30:04 — No open positions. Sleeping 3m...
  13:33:04 — No open positions. Sleeping 3m...
  13:36:04 — No open positions. Sleeping 3m...
  13:39:04 — No open positions. Sleeping 3m...
  13:42:04 — No open positions. Sleeping 3m...
  13:45:04 — No open positions. Sleeping 3m...
  13:48:04 — No open positions. Sleeping 3m...
  13:51:04 — No open positions. Sleeping 3m...
  13:54:04 — No open positions. Sleeping 3m...
  13:57:04 — No open positions. Sleeping 3m...
  14:00:04 — No open positions. Sleeping 3m...
  14:03:04 — No open positions. Sleeping 3m...
  14:06:04 — No open positions. Sleeping 3m...
  14:09:04 — No open positions. Sleeping 3m...
  14:12:04 — No open positions. Sleeping 3m...
  14:15:04 — No open positions. Sleeping 3m...
  14:18:04 — No open positions. Sleeping 3m...
  14:21:04 — No open positions. Sleeping 3m...
  14:24:04 — No open positions. Sleeping 3m...
  14:27:04 — No open positions. Sleeping 3m...
  14:30:04 — No open positions. Sleeping 3m...
  14:33:04 — No open positions. Sleeping 3m...
  14:36:04 — No open positions. Sleeping 3m...
  14:39:04 — No open positions. Sleeping 3m...
  14:42:04 — No open positions. Sleeping 3m...
  14:45:04 — No open positions. Sleeping 3m...
  14:48:04 — No open positions. Sleeping 3m...
  14:51:04 — No open positions. Sleeping 3m...
  14:54:04 — No open positions. Sleeping 3m...
  14:57:04 — No open positions. Sleeping 3m...
  15:00:04 — No open positions. Sleeping 3m...
  15:03:04 — No open positions. Sleeping 3m...
  15:06:04 — No open positions. Sleeping 3m...
  15:09:04 — No open positions. Sleeping 3m...
  15:12:04 — No open positions. Sleeping 3m...
  15:15:04 — No open positions. Sleeping 3m...
  15:18:04 — No open positions. Sleeping 3m...
  15:21:04 — No open positions. Sleeping 3m...
  15:24:04 — No open positions. Sleeping 3m...
  15:27:04 — No open positions. Sleeping 3m...
  15:30:04 — No open positions. Sleeping 3m...
  15:33:04 — No open positions. Sleeping 3m...
  15:36:04 — No open positions. Sleeping 3m...
  15:39:04 — No open positions. Sleeping 3m...
  15:42:04 — No open positions. Sleeping 3m...
  15:45:04 — No open positions. Sleeping 3m...
  15:48:04 — No open positions. Sleeping 3m...
  15:51:04 — No open positions. Sleeping 3m...
  15:54:04 — No open positions. Sleeping 3m...
  15:57:04 — No open positions. Sleeping 3m...
  Market closed. Next open: 2026-04-28 09:29 EDT (17h 29m)
  Sleeping until market open...
  =================================================================
  📊 SESSION SUMMARY — 2026-04-27 16:00 EDT
  =================================================================
  Price checks run:    2
  Auto-closes today:   2
  Open positions:      0
  Total P&L:           $-1,148.50
  Win rate:            0.0%  (0W/3L)
  =================================================================
  Market closed. Next open: 2026-04-28 09:29 EDT (16h 29m)
  Sleeping until market open...
  =================================================================
  📊 SESSION SUMMARY — 2026-04-27 17:00 EDT
  =================================================================
  Price checks run:    2
  Auto-closes today:   2
  Open positions:      0
  Total P&L:           $-1,148.50
  Win rate:            0.0%  (0W/3L)
  =================================================================
  Market closed. Next open: 2026-04-28 09:29 EDT (15h 29m)
  Sleeping until market open...
  =================================================================
  📊 SESSION SUMMARY — 2026-04-27 18:00 EDT
  =================================================================
  Price checks run:    2
  Auto-closes today:   2
  Open positions:      0
  Total P&L:           $-1,148.50
  Win rate:            0.0%  (0W/3L)
  =================================================================
  Market closed. Next open: 2026-04-28 09:29 EDT (13h 33m)
  Sleeping until market open...
  =================================================================
  📊 SESSION SUMMARY — 2026-04-27 19:56 EDT
  =================================================================
  Price checks run:    2
  Auto-closes today:   2
  Open positions:      0
  Total P&L:           $-1,148.50
  Win rate:            0.0%  (0W/3L)
  =================================================================
