
[Session started: 2026-05-02 08:30:39]

=================================================================
  📡 POSITION MONITOR
  Started: 2026-05-02 08:30:46 EDT
  Check interval: every 3 minutes
  Auto-close: TARGET and STOP hits executed automatically
  Press Ctrl+C to stop
=================================================================

  Market closed. Next open: 2026-05-04 09:29 EDT (48h 59m)
  Sleeping until market open...

  =================================================================
  📊 SESSION SUMMARY — 2026-05-02 08:30 EDT
  =================================================================
  Price checks run:    0
  Auto-closes today:   0
  Open positions:      0
  Total P&L:           $-1,148.50
  Win rate:            0.0%  (0W/3L)
  =================================================================

  Market closed. Next open: 2026-05-04 09:29 EDT (47h 59m)
  Sleeping until market open...

  =================================================================
  📊 SESSION SUMMARY — 2026-05-02 09:30 EDT
  =================================================================
  Price checks run:    0
  Auto-closes today:   0
  Open positions:      0
  Total P&L:           $-1,148.50
  Win rate:            0.0%  (0W/3L)
  =================================================================

  Market closed. Next open: 2026-05-04 09:29 EDT (46h 59m)
  Sleeping until market open...

  =================================================================
  📊 SESSION SUMMARY — 2026-05-02 10:30 EDT
  =================================================================
  Price checks run:    0
  Auto-closes today:   0
  Open positions:      0
  Total P&L:           $-1,148.50
  Win rate:            0.0%  (0W/3L)
  =================================================================

  Market closed. Next open: 2026-05-04 09:29 EDT (45h 59m)
  Sleeping until market open...

  =================================================================
  📊 SESSION SUMMARY — 2026-05-02 11:30 EDT
  =================================================================
  Price checks run:    0
  Auto-closes today:   0
  Open positions:      0
  Total P&L:           $-1,148.50
  Win rate:            0.0%  (0W/3L)
  =================================================================

  Market closed. Next open: 2026-05-04 09:29 EDT (44h 59m)
  Sleeping until market open...

  =================================================================
  📊 SESSION SUMMARY — 2026-05-02 12:30 EDT
  =================================================================
  Price checks run:    0
  Auto-closes today:   0
  Open positions:      0
  Total P&L:           $-1,148.50
  Win rate:            0.0%  (0W/3L)
  =================================================================

[Session started: 2026-05-02 20:14:33]

=================================================================
  📡 POSITION MONITOR
  Started: 2026-05-02 20:14:36 EDT
  Check interval: every 3 minutes
  Auto-close: TARGET and STOP hits executed automatically
  Press Ctrl+C to stop
=================================================================

  Market closed. Next open: 2026-05-04 09:29 EDT (37h 15m)
  Sleeping until market open...

  =================================================================
  📊 SESSION SUMMARY — 2026-05-02 20:14 EDT
  =================================================================
  Price checks run:    0
  Auto-closes today:   0
  Open positions:      0
  Total P&L:           $-1,148.50
  Win rate:            0.0%  (0W/3L)
  =================================================================
