
[Session started: 2026-05-15 09:25:02]

=================================================================
  📡 POSITION MONITOR
  Started: 2026-05-15 09:25:07 EDT
  Check interval: every 3 minutes
  Auto-close: TARGET and STOP hits executed automatically
  Press Ctrl+C to stop
=================================================================

  Market closed. Next open: 2026-05-15 09:29 EDT (0h 4m)
  Sleeping until market open...

  =================================================================
  📊 SESSION SUMMARY — 2026-05-15 09:25 EDT
  =================================================================
  Price checks run:    0
  Auto-closes today:   0
  Open positions:      58
  Total P&L:           +$4,385.50
  Win rate:            66.7%  (12W/6L)
  =================================================================

  Market closed. Next open: 2026-05-15 09:29 EDT (0h 0m)
  Sleeping until market open...

  =================================================================
  📊 SESSION SUMMARY — 2026-05-15 09:29 EDT
  =================================================================
  Price checks run:    0
  Auto-closes today:   0
  Open positions:      58
  Total P&L:           +$4,385.50
  Win rate:            66.7%  (12W/6L)
  =================================================================

  Market closed. Next open: 2026-05-15 09:29 EDT (0h 0m)
  Sleeping until market open...

  =================================================================
  📊 SESSION SUMMARY — 2026-05-15 09:29 EDT
  =================================================================
  Price checks run:    0
  Auto-closes today:   0
  Open positions:      58
  Total P&L:           +$4,385.50
  Win rate:            66.7%  (12W/6L)
  =================================================================

  Market closed. Next open: 2026-05-15 09:29 EDT (0h 0m)
  Sleeping until market open...

  =================================================================
  📊 SESSION SUMMARY — 2026-05-15 09:29 EDT
  =================================================================
  Price checks run:    0
  Auto-closes today:   0
  Open positions:      58
  Total P&L:           +$4,385.50
  Win rate:            66.7%  (12W/6L)
  =================================================================

  Market closed. Next open: 2026-05-15 09:29 EDT (0h 0m)
  Sleeping until market open...

  =================================================================
  📊 SESSION SUMMARY — 2026-05-15 09:29 EDT
  =================================================================
  Price checks run:    0
  Auto-closes today:   0
  Open positions:      58
  Total P&L:           +$4,385.50
  Win rate:            66.7%  (12W/6L)
  =================================================================

  Market closed. Next open: 2026-05-15 09:29 EDT (0h 0m)
  Sleeping until market open...

  =================================================================
  📊 SESSION SUMMARY — 2026-05-15 09:29 EDT
  =================================================================
  Price checks run:    0
  Auto-closes today:   0
  Open positions:      58
  Total P&L:           +$4,385.50
  Win rate:            66.7%  (12W/6L)
  =================================================================

  Market closed. Next open: 2026-05-15 09:29 EDT (0h 0m)
  Sleeping until market open...

  =================================================================
  📊 SESSION SUMMARY — 2026-05-15 09:29 EDT
  =================================================================
  Price checks run:    0
  Auto-closes today:   0
  Open positions:      58
  Total P&L:           +$4,385.50
  Win rate:            66.7%  (12W/6L)
  =================================================================

  Market closed. Next open: 2026-05-15 09:29 EDT (0h 0m)
  Sleeping until market open...

  =================================================================
  📊 SESSION SUMMARY — 2026-05-15 09:29 EDT
  =================================================================
  Price checks run:    0
  Auto-closes today:   0
  Open positions:      58
  Total P&L:           +$4,385.50
  Win rate:            66.7%  (12W/6L)
  =================================================================

  Market closed. Next open: 2026-05-15 09:29 EDT (0h 0m)
  Sleeping until market open...

  =================================================================
  📊 SESSION SUMMARY — 2026-05-15 09:29 EDT
  =================================================================
  Price checks run:    0
  Auto-closes today:   0
  Open positions:      58
  Total P&L:           +$4,385.50
  Win rate:            66.7%  (12W/6L)
  =================================================================

  Market closed. Next open: 2026-05-15 09:29 EDT (0h 0m)
  Sleeping until market open...

  =================================================================
  📊 SESSION SUMMARY — 2026-05-15 09:29 EDT
  =================================================================
  Price checks run:    0
  Auto-closes today:   0
  Open positions:      58
  Total P&L:           +$4,385.50
  Win rate:            66.7%  (12W/6L)
  =================================================================

  Market closed. Next open: 2026-05-15 09:29 EDT (0h 0m)
  Sleeping until market open...

  =================================================================
  📊 SESSION SUMMARY — 2026-05-15 09:29 EDT
  =================================================================
  Price checks run:    0
  Auto-closes today:   0
  Open positions:      58
  Total P&L:           +$4,385.50
  Win rate:            66.7%  (12W/6L)
  =================================================================

  Market closed. Next open: 2026-05-15 09:29 EDT (0h 0m)
  Sleeping until market open...

  =================================================================
  📊 SESSION SUMMARY — 2026-05-15 09:29 EDT
  =================================================================
  Price checks run:    0
  Auto-closes today:   0
  Open positions:      58
  Total P&L:           +$4,385.50
  Win rate:            66.7%  (12W/6L)
  =================================================================

  Market closed. Next open: 2026-05-15 09:29 EDT (0h 0m)
  Sleeping until market open...

  =================================================================
  📊 SESSION SUMMARY — 2026-05-15 09:29 EDT
  =================================================================
  Price checks run:    0
  Auto-closes today:   0
  Open positions:      58
  Total P&L:           +$4,385.50
  Win rate:            66.7%  (12W/6L)
  =================================================================

  Market closed. Next open: 2026-05-15 09:29 EDT (0h 0m)
  Sleeping until market open...

  =================================================================
  📊 SESSION SUMMARY — 2026-05-15 09:29 EDT
  =================================================================
  Price checks run:    0
  Auto-closes today:   0
  Open positions:      58
  Total P&L:           +$4,385.50
  Win rate:            66.7%  (12W/6L)
  =================================================================

  Market closed. Next open: 2026-05-15 09:29 EDT (0h 0m)
  Sleeping until market open...

  =================================================================
  📊 SESSION SUMMARY — 2026-05-15 09:29 EDT
  =================================================================
  Price checks run:    0
  Auto-closes today:   0
  Open positions:      58
  Total P&L:           +$4,385.50
  Win rate:            66.7%  (12W/6L)
  =================================================================

  Market closed. Next open: 2026-05-15 09:29 EDT (0h 0m)
  Sleeping until market open...

  =================================================================
  📊 SESSION SUMMARY — 2026-05-15 09:29 EDT
  =================================================================
  Price checks run:    0
  Auto-closes today:   0
  Open positions:      58
  Total P&L:           +$4,385.50
  Win rate:            66.7%  (12W/6L)
  =================================================================

  Market closed. Next open: 2026-05-15 09:29 EDT (0h 0m)
  Sleeping until market open...

  =================================================================
  📊 SESSION SUMMARY — 2026-05-15 09:29 EDT
  =================================================================
  Price checks run:    0
  Auto-closes today:   0
  Open positions:      58
  Total P&L:           +$4,385.50
  Win rate:            66.7%  (12W/6L)
  =================================================================

  Market closed. Next open: 2026-05-15 09:29 EDT (0h 0m)
  Sleeping until market open...

  =================================================================
  📊 SESSION SUMMARY — 2026-05-15 09:29 EDT
  =================================================================
  Price checks run:    0
  Auto-closes today:   0
  Open positions:      58
  Total P&L:           +$4,385.50
  Win rate:            66.7%  (12W/6L)
  =================================================================

  Market closed. Next open: 2026-05-15 09:29 EDT (0h 0m)
  Sleeping until market open...

  =================================================================
  📊 SESSION SUMMARY — 2026-05-15 09:29 EDT
  =================================================================
  Price checks run:    0
  Auto-closes today:   0
  Open positions:      58
  Total P&L:           +$4,385.50
  Win rate:            66.7%  (12W/6L)
  =================================================================

  Market closed. Next open: 2026-05-15 09:29 EDT (0h 0m)
  Sleeping until market open...

  =================================================================
  📊 SESSION SUMMARY — 2026-05-15 09:29 EDT
  =================================================================
  Price checks run:    0
  Auto-closes today:   0
  Open positions:      58
  Total P&L:           +$4,385.50
  Win rate:            66.7%  (12W/6L)
  =================================================================

  Market closed. Next open: 2026-05-15 09:29 EDT (0h 0m)
  Sleeping until market open...

  =================================================================
  📊 SESSION SUMMARY — 2026-05-15 09:29 EDT
  =================================================================
  Price checks run:    0
  Auto-closes today:   0
  Open positions:      58
  Total P&L:           +$4,385.50
  Win rate:            66.7%  (12W/6L)
  =================================================================

  Market closed. Next open: 2026-05-15 09:29 EDT (0h 0m)
  Sleeping until market open...

  =================================================================
  📊 SESSION SUMMARY — 2026-05-15 09:29 EDT
  =================================================================
  Price checks run:    0
  Auto-closes today:   0
  Open positions:      58
  Total P&L:           +$4,385.50
  Win rate:            66.7%  (12W/6L)
  =================================================================

  Market closed. Next open: 2026-05-15 09:29 EDT (0h 0m)
  Sleeping until market open...

  =================================================================
  📊 SESSION SUMMARY — 2026-05-15 09:29 EDT
  =================================================================
  Price checks run:    0
  Auto-closes today:   0
  Open positions:      58
  Total P&L:           +$4,385.50
  Win rate:            66.7%  (12W/6L)
  =================================================================

  Market closed. Next open: 2026-05-15 09:29 EDT (0h 0m)
  Sleeping until market open...

  =================================================================
  📊 SESSION SUMMARY — 2026-05-15 09:29 EDT
  =================================================================
  Price checks run:    0
  Auto-closes today:   0
  Open positions:      58
  Total P&L:           +$4,385.50
  Win rate:            66.7%  (12W/6L)
  =================================================================

  Market closed. Next open: 2026-05-15 09:29 EDT (0h 0m)
  Sleeping until market open...

  =================================================================
  📊 SESSION SUMMARY — 2026-05-15 09:29 EDT
  =================================================================
  Price checks run:    0
  Auto-closes today:   0
  Open positions:      58
  Total P&L:           +$4,385.50
  Win rate:            66.7%  (12W/6L)
  =================================================================

  Market closed. Next open: 2026-05-15 09:29 EDT (0h 0m)
  Sleeping until market open...

  =================================================================
  📊 SESSION SUMMARY — 2026-05-15 09:29 EDT
  =================================================================
  Price checks run:    0
  Auto-closes today:   0
  Open positions:      58
  Total P&L:           +$4,385.50
  Win rate:            66.7%  (12W/6L)
  =================================================================

  Market closed. Next open: 2026-05-15 09:29 EDT (0h 0m)
  Sleeping until market open...

  =================================================================
  📊 SESSION SUMMARY — 2026-05-15 09:29 EDT
  =================================================================
  Price checks run:    0
  Auto-closes today:   0
  Open positions:      58
  Total P&L:           +$4,385.50
  Win rate:            66.7%  (12W/6L)
  =================================================================

  Market closed. Next open: 2026-05-15 09:29 EDT (0h 0m)
  Sleeping until market open...

  =================================================================
  📊 SESSION SUMMARY — 2026-05-15 09:29 EDT
  =================================================================
  Price checks run:    0
  Auto-closes today:   0
  Open positions:      58
  Total P&L:           +$4,385.50
  Win rate:            66.7%  (12W/6L)
  =================================================================

  Market closed. Next open: 2026-05-15 09:29 EDT (0h 0m)
  Sleeping until market open...

  =================================================================
  📊 SESSION SUMMARY — 2026-05-15 09:29 EDT
  =================================================================
  Price checks run:    0
  Auto-closes today:   0
  Open positions:      58
  Total P&L:           +$4,385.50
  Win rate:            66.7%  (12W/6L)
  =================================================================

  Market closed. Next open: 2026-05-15 09:29 EDT (0h 0m)
  Sleeping until market open...

  =================================================================
  📊 SESSION SUMMARY — 2026-05-15 09:29 EDT
  =================================================================
  Price checks run:    0
  Auto-closes today:   0
  Open positions:      58
  Total P&L:           +$4,385.50
  Win rate:            66.7%  (12W/6L)
  =================================================================

  Market closed. Next open: 2026-05-15 09:29 EDT (0h 0m)
  Sleeping until market open...

  =================================================================
  📊 SESSION SUMMARY — 2026-05-15 09:29 EDT
  =================================================================
  Price checks run:    0
  Auto-closes today:   0
  Open positions:      58
  Total P&L:           +$4,385.50
  Win rate:            66.7%  (12W/6L)
  =================================================================

  Market closed. Next open: 2026-05-15 09:29 EDT (0h 0m)
  Sleeping until market open...

  =================================================================
  📊 SESSION SUMMARY — 2026-05-15 09:29 EDT
  =================================================================
  Price checks run:    0
  Auto-closes today:   0
  Open positions:      58
  Total P&L:           +$4,385.50
  Win rate:            66.7%  (12W/6L)
  =================================================================

  Market closed. Next open: 2026-05-15 09:29 EDT (0h 0m)
  Sleeping until market open...

  =================================================================
  📊 SESSION SUMMARY — 2026-05-15 09:29 EDT
  =================================================================
  Price checks run:    0
  Auto-closes today:   0
  Open positions:      58
  Total P&L:           +$4,385.50
  Win rate:            66.7%  (12W/6L)
  =================================================================

  Market closed. Next open: 2026-05-15 09:29 EDT (0h 0m)
  Sleeping until market open...

  =================================================================
  📊 SESSION SUMMARY — 2026-05-15 09:29 EDT
  =================================================================
  Price checks run:    0
  Auto-closes today:   0
  Open positions:      58
  Total P&L:           +$4,385.50
  Win rate:            66.7%  (12W/6L)
  =================================================================

  Market closed. Next open: 2026-05-15 09:29 EDT (0h 0m)
  Sleeping until market open...

  =================================================================
  📊 SESSION SUMMARY — 2026-05-15 09:29 EDT
  =================================================================
  Price checks run:    0
  Auto-closes today:   0
  Open positions:      58
  Total P&L:           +$4,385.50
  Win rate:            66.7%  (12W/6L)
  =================================================================

  Market closed. Next open: 2026-05-15 09:29 EDT (0h 0m)
  Sleeping until market open...

  =================================================================
  📊 SESSION SUMMARY — 2026-05-15 09:29 EDT
  =================================================================
  Price checks run:    0
  Auto-closes today:   0
  Open positions:      58
  Total P&L:           +$4,385.50
  Win rate:            66.7%  (12W/6L)
  =================================================================

  Market closed. Next open: 2026-05-15 09:29 EDT (0h 0m)
  Sleeping until market open...

  =================================================================
  📊 SESSION SUMMARY — 2026-05-15 09:29 EDT
  =================================================================
  Price checks run:    0
  Auto-closes today:   0
  Open positions:      58
  Total P&L:           +$4,385.50
  Win rate:            66.7%  (12W/6L)
  =================================================================

  Refreshing auth token...

  ─────────────────────────────────────────────────────────────────
  📡 POSITION CHECK — 09:30:04 EDT
  ─────────────────────────────────────────────────────────────────

  🔴 #10 SPY260511P00745000  [⏸ TRACKING]
      Entry: $9.88 │ Bid: $6.03  Mid: $6.17  Ask: $6.31
      P&L: $-370.50 (-37.5%) │ Target: $19.75  Stop: $4.94  DTE: -4d
      ⚠️  Stop was triggered — continuing to track for data
      💭 HIGH SPY put signal — score 8.0, $4.4M premium, 3 DTE, bearish thesis....
      🌍 SPY +0.00%  QQQ +0.00%  VIX 18.9

  ⏰ CONTRACT EXPIRED — auto-closing #10

  🔴 #11 TSLA260511P00425000  [⏸ TRACKING]
      Entry: $7.83 │ Bid: $0.00  Mid: $0.02  Ask: $0.01
      P&L: $-780.50 (-99.7%) │ Target: $15.65  Stop: $3.91  DTE: -4d
      ⚠️  Stop was triggered — continuing to track for data
      💭 HIGH TSLA put signal — score 5.62, $1.6M premium, 3 DTE, bearish thesi...
      🌍 SPY +0.00%  QQQ +0.00%  VIX 18.9

  ⏰ CONTRACT EXPIRED — auto-closing #11

  🔴 #13 TSLA260511P00430000  [⏸ TRACKING]
      Entry: $7.33 │ Bid: $0.00  Mid: $0.01  Ask: $0.01
      P&L: $-731.50 (-99.9%) │ Target: $14.65  Stop: $3.66  DTE: -4d
      ⚠️  Stop was triggered — continuing to track for data
      💭 $2.8M premium on TSLA puts with 100% bearish flow and 8.0 score warran...
      🌍 SPY +0.00%  QQQ +0.00%  VIX 18.9

  ⏰ CONTRACT EXPIRED — auto-closing #13

  🔴 #14 TSLA260513P00430000  [⏸ TRACKING]
      Entry: $11.70 │ Bid: $0.00  Mid: $0.01  Ask: $0.01
      P&L: $-1,169.00 (-99.9%) │ Target: $23.40  Stop: $5.85  DTE: -2d
      ⚠️  Stop was triggered — continuing to track for data
      💭 $1.1M premium on TSLA 430 puts expiring today with 100% bearish flow a...
      🌍 SPY +0.00%  QQQ +0.00%  VIX 18.9

  ⏰ CONTRACT EXPIRED — auto-closing #14

  🔴 #15 AMD260515P00457500  [⏸ TRACKING]
      Entry: $22.60 │ Bid: $11.25  Mid: $11.72  Ask: $12.20
      P&L: $-1,087.50 (-48.1%) │ Target: $45.20  Stop: $11.30  DTE: 0d
      ⚠️  Stop was triggered — continuing to track for data
      💭 $2.0M premium in AMD puts expiring today with 100% bearish flow and 8....
      🌍 SPY +0.00%  QQQ +0.00%  VIX 18.9

  ⏰ CONTRACT EXPIRED — auto-closing #15

  🔴 #16 QQQ260511P00706000  [⏸ TRACKING]
      Entry: $2.11 │ Bid: $0.01  Mid: $0.02  Ask: $0.03
      P&L: $-209.00 (-99.0%) │ Target: $4.22  Stop: $1.05  DTE: -4d
      ⚠️  Stop was triggered — continuing to track for data
      💭 QQQ put with $1.8M premium and 8.0 score expiring today in 100% bearis...
      🌍 SPY +0.00%  QQQ +0.00%  VIX 18.9

  ⏰ CONTRACT EXPIRED — auto-closing #16

  🔴 #17 TSLA260515P00427500  [⏸ TRACKING]
      Entry: $11.00 │ Bid: $0.81  Mid: $0.82  Ask: $0.83
      P&L: $-1,018.00 (-92.5%) │ Target: $22.00  Stop: $5.50  DTE: 0d
      ⚠️  Stop was triggered — continuing to track for data
      💭 $6M premium on TSLA puts with 8.8 score and 100% bearish flow concentr...
      🌍 SPY +0.00%  QQQ +0.00%  VIX 18.9

  ⏰ CONTRACT EXPIRED — auto-closing #17

  🟢 #18 NFLX260515P00106000  [▶ OPEN]
      Entry: $17.38 │ Bid: $17.70  Mid: $18.80  Ask: $19.90
      P&L: +$142.50 (+8.2%) │ Target: $34.75  Stop: $8.69  DTE: 0d
      💭 NFLX $106 puts expiring today generated $7.9M premium with 8.2 score i...
      🌍 SPY +0.00%  QQQ +0.00%  VIX 18.9
  ⏰ EXPIRING SOON — 0 day(s) remaining

  🔴 #19 SPY260515P00755000  [⏸ TRACKING]
      Entry: $22.60 │ Bid: $6.67  Mid: $6.79  Ask: $6.92
      P&L: $-1,580.50 (-69.9%) │ Target: $45.20  Stop: $11.30  DTE: 0d
      ⚠️  Stop was triggered — continuing to track for data
      💭 $1.5M premium accumulated in deep OTM SPY 755 puts expiring today with...
      🌍 SPY +0.00%  QQQ +0.00%  VIX 18.9

  ⏰ CONTRACT EXPIRED — auto-closing #19

  🔴 #20 TSLA260513P00455000  [⏸ TRACKING]
      Entry: $28.93 │ Bid: $8.55  Mid: $9.28  Ask: $10.00
      P&L: $-1,965.00 (-67.9%) │ Target: $57.85  Stop: $14.46  DTE: -2d
      ⚠️  Stop was triggered — continuing to track for data
      💭 $18.8M in put premium with 100% bearish flow bias into a zero-DTE TSLA...
      🌍 SPY +0.00%  QQQ +0.00%  VIX 18.9

  ⏰ CONTRACT EXPIRED — auto-closing #20

  🔴 #22 CRM260605C00100000  [▶ OPEN]
      Entry: $72.58 │ Bid: $66.10  Mid: $68.12  Ask: $70.15
      P&L: $-445.00 (-6.1%) │ Target: $145.15  Stop: $14.52  DTE: 21d
      💭 CRM $100 calls expiring today show $1.0M premium with 7.53 score in 10...
      🌍 SPY +0.00%  QQQ +0.00%  VIX 18.9

  🟢 #26 NFLX260515P00107000  [▶ OPEN]
      Entry: $18.35 │ Bid: $18.70  Mid: $19.68  Ask: $20.65
      P&L: +$132.50 (+7.2%) │ Target: $36.70  Stop: $9.18  DTE: 0d
      💭 $9.9M in put premium flowing into $107 OTM puts expiring today signals...
      🌍 SPY +0.00%  QQQ +0.00%  VIX 18.9
  ⏰ EXPIRING SOON — 0 day(s) remaining

  🔴 #29 NVDA260513P00222500  [⏸ TRACKING]
      Entry: $5.03 │ Bid: $0.00  Mid: $0.01  Ask: $0.01
      P&L: $-501.50 (-99.8%) │ Target: $10.05  Stop: $2.51  DTE: -2d
      ⚠️  Stop was triggered — continuing to track for data
      💭 $8.0M premium concentrated in zero-DTE NVDA puts at 100% bearish flow ...
      🌍 SPY +0.00%  QQQ +0.00%  VIX 18.9

  ⏰ CONTRACT EXPIRED — auto-closing #29

  🔴 #30 TSLA260513P00435000  [⏸ TRACKING]
      Entry: $8.90 │ Bid: $0.00  Mid: $0.01  Ask: $0.01
      P&L: $-889.00 (-99.9%) │ Target: $17.80  Stop: $4.45  DTE: -2d
      ⚠️  Stop was triggered — continuing to track for data
      💭 $21.2M in put premium with 100% bearish flow and 0 DTE expiration crea...
      🌍 SPY +0.00%  QQQ +0.00%  VIX 18.9

  ⏰ CONTRACT EXPIRED — auto-closing #30

  🔴 #31 TSLA260513C00450000  [⏸ TRACKING]
      Entry: $1.04 │ Bid: $0.00  Mid: $0.01  Ask: $0.01
      P&L: $-103.00 (-99.0%) │ Target: $2.08  Stop: $0.52  DTE: -2d
      ⚠️  Stop was triggered — continuing to track for data
      💭 $9.2M premium in TSLA calls expiring today with 100% bullish flow sign...
      🌍 SPY +0.00%  QQQ +0.00%  VIX 18.9

  ⏰ CONTRACT EXPIRED — auto-closing #31

  🔴 #32 TSLA260513P00427500  [⏸ TRACKING]
      Entry: $4.58 │ Bid: $0.00  Mid: $0.01  Ask: $0.01
      P&L: $-456.50 (-99.8%) │ Target: $9.15  Stop: $2.29  DTE: -2d
      ⚠️  Stop was triggered — continuing to track for data
      💭 TSLA put with $11.5M premium and 100% bearish flow skew warrants paper...
      🌍 SPY +0.00%  QQQ +0.00%  VIX 18.9

  ⏰ CONTRACT EXPIRED — auto-closing #32

  🟢 #35 SPY260518C00717000  [▶ OPEN]
      Entry: $20.80 │ Bid: $31.45  Mid: $31.61  Ask: $31.77
      P&L: +$1,081.50 (+52.0%) │ Target: $41.59  Stop: $10.40  DTE: 3d
      💭 $4.0M call premium into SPY 717 strike with zero DTE and 100% bullish ...
      🌍 SPY +0.00%  QQQ +0.00%  VIX 18.9

  🟢 #36 AAPL260520C00282500  [▶ OPEN]
      Entry: $14.47 │ Bid: $14.75  Mid: $16.35  Ask: $17.95
      P&L: +$187.50 (+12.9%) │ Target: $28.95  Stop: $7.24  DTE: 5d
      💭 $2.6M premium in AAPL calls with 100% bullish flow and 6.56 score warr...
      🌍 SPY +0.00%  QQQ +0.00%  VIX 18.9

  🔴 #37 QQQ260514P00705000  [⏸ TRACKING]
      Entry: $1.82 │ Bid: $0.00  Mid: $0.01  Ask: $0.01
      P&L: $-181.50 (-99.5%) │ Target: $3.65  Stop: $0.91  DTE: -1d
      ⚠️  Stop was triggered — continuing to track for data
      💭 $7.1M premium into QQQ 705 puts (expiring today) with 100% put flow bi...
      🌍 SPY +0.00%  QQQ +0.00%  VIX 18.9

  ⏰ CONTRACT EXPIRED — auto-closing #37

  🔴 #38 SPY260515P00750000  [⏸ TRACKING]
      Entry: $11.00 │ Bid: $2.76  Mid: $2.80  Ask: $2.84
      P&L: $-820.00 (-74.5%) │ Target: $22.00  Stop: $5.50  DTE: 0d
      ⚠️  Stop was triggered — continuing to track for data
      💭 $6.8M premium in puts expiring today at 750 strike signals institution...
      🌍 SPY +0.00%  QQQ +0.00%  VIX 18.9

  ⏰ CONTRACT EXPIRED — auto-closing #38

  🔴 #40 TSLA260515C00452500  [⏸ TRACKING]
      Entry: $8.15 │ Bid: $2.24  Mid: $2.26  Ask: $2.28
      P&L: $-589.00 (-72.3%) │ Target: $16.30  Stop: $4.08  DTE: 0d
      ⚠️  Stop was triggered — continuing to track for data
      💭 $7.9M premium in TSLA calls expiring today with 100% bullish flow bias...
      🌍 SPY +0.00%  QQQ +0.00%  VIX 18.9

  ⏰ CONTRACT EXPIRED — auto-closing #40

  🔴 #41 TSLA260518C00435000  [▶ OPEN]
      Entry: $18.38 │ Bid: $5.20  Mid: $6.70  Ask: $8.20
      P&L: $-1,167.50 (-63.5%) │ Target: $36.75  Stop: $9.19  DTE: 3d
      💭 $6.2M premium on 435 calls with 100% call flow bias warrants a test tr...
      🌍 SPY +0.00%  QQQ +0.00%  VIX 18.9

  =================================================================
  🛑 STOP TRIGGERED — #41 TSLA260518C00435000
      Entry: $18.38 → Current: $6.70
      Dynamic stop: $9.19 (DTE: 3d)
      Theoretical P&L if exited: $-1,167.50 (-63.5%)
      Continuing to track through expiration for data collection
  =================================================================

  🔴 #42 TSLA260518C00430000  [▶ OPEN]
      Entry: $22.25 │ Bid: $15.85  Mid: $16.02  Ask: $16.20
      P&L: $-622.50 (-28.0%) │ Target: $44.50  Stop: $11.12  DTE: 3d
      💭 $9M notional premium into TSLA 430 calls with 100% bullish flow bias w...
      🌍 SPY +0.00%  QQQ +0.00%  VIX 18.9

  🔴 #43 TSLA260518C00440000  [▶ OPEN]
      Entry: $14.78 │ Bid: $9.30  Mid: $9.45  Ask: $9.60
      P&L: $-532.50 (-36.0%) │ Target: $29.55  Stop: $7.39  DTE: 3d
      💭 $7.6M premium into 440 calls with 100% bullish flow concentration warr...
      🌍 SPY +0.00%  QQQ +0.00%  VIX 18.9

  🔴 #44 TSLA260515C00455000  [⏸ TRACKING]
      Entry: $5.20 │ Bid: $1.77  Mid: $1.78  Ask: $1.79
      P&L: $-342.00 (-65.8%) │ Target: $10.40  Stop: $2.60  DTE: 0d
      ⚠️  Stop was triggered — continuing to track for data
      💭 $6.0M premium accumulated on TSLA 455 calls expiring today with 100% b...
      🌍 SPY +0.00%  QQQ +0.00%  VIX 18.9

  ⏰ CONTRACT EXPIRED — auto-closing #44

  🔴 #45 NVDA260518P00225000  [⏸ TRACKING]
      Entry: $3.42 │ Bid: $0.58  Mid: $1.22  Ask: $1.86
      P&L: $-220.50 (-64.4%) │ Target: $6.85  Stop: $1.71  DTE: 3d
      ⚠️  Stop was triggered — continuing to track for data
      💭 $3.0M premium into NVDA 225 puts expiring today with 100% put bias sig...
      🌍 SPY +0.00%  QQQ +0.00%  VIX 18.9

  🔴 #46 NVDA260515P00232500  [▶ OPEN]
      Entry: $1.81 │ Bid: $1.05  Mid: $1.06  Ask: $1.07
      P&L: $-75.00 (-41.4%) │ Target: $3.62  Stop: $0.91  DTE: 0d
      💭 NVDA put with 9.0 score and $10.2M premium expiring today faces 100% b...
      🌍 SPY +0.00%  QQQ +0.00%  VIX 18.9
  ⚠️  STOP APPROACHING — $0.15 away (83%)
  ⏰ EXPIRING SOON — 0 day(s) remaining

  🔴 #47 NVDA260515P00237500  [▶ OPEN]
      Entry: $4.05 │ Bid: $3.40  Mid: $3.45  Ask: $3.50
      P&L: $-60.00 (-14.8%) │ Target: $8.10  Stop: $2.02  DTE: 0d
      💭 $4M premium on NVDA puts with 100% bearish flow and 8.0 score justifie...
      🌍 SPY +0.00%  QQQ +0.00%  VIX 18.9
  ⏰ EXPIRING SOON — 0 day(s) remaining

  🔴 #48 NVDA260518P00235000  [▶ OPEN]
      Entry: $3.62 │ Bid: $3.10  Mid: $3.12  Ask: $3.15
      P&L: $-50.00 (-13.8%) │ Target: $7.25  Stop: $1.81  DTE: 3d
      💭 $1.4M premium on NVDA 235 puts with 100% bearish flow and 8.0 score ju...
      🌍 SPY +0.00%  QQQ +0.00%  VIX 18.9

  🟢 #49 NVDA260518P00232500  [▶ OPEN]
      Entry: $2.54 │ Bid: $3.70  Mid: $4.72  Ask: $5.75
      P&L: +$219.00 (+86.4%) │ Target: $5.07  Stop: $1.27  DTE: 3d
      💭 NVDA put expiring today collected $1.2M premium with 100% put flow bia...
      🌍 SPY +0.00%  QQQ +0.00%  VIX 18.9
  ⚡ TARGET APPROACHING — $0.35 away (86%)

  🔴 #50 NVDA260515P00230000  [▶ OPEN]
      Entry: $0.96 │ Bid: $0.51  Mid: $0.52  Ask: $0.52
      P&L: $-44.50 (-46.4%) │ Target: $1.92  Stop: $0.48  DTE: 0d
      💭 NVDA 0-DTE $230 puts with $7.8M premium and 7.53 score capture 100% be...
      🌍 SPY +0.00%  QQQ +0.00%  VIX 18.9
  ⚠️  STOP APPROACHING — $0.04 away (93%)
  ⏰ EXPIRING SOON — 0 day(s) remaining

  🔴 #51 QQQ260518P00717000  [▶ OPEN]
      Entry: $3.94 │ Bid: $3.56  Mid: $3.59  Ask: $3.62
      P&L: $-35.00 (-8.9%) │ Target: $7.88  Stop: $1.97  DTE: 3d
      💭 $1.6M premium on QQQ puts expiring today with 100% bearish flow concen...
      🌍 SPY +0.00%  QQQ +0.00%  VIX 18.9

  🔴 #52 SPY260519C00719000  [▶ OPEN]
      Entry: $30.81 │ Bid: $28.39  Mid: $29.79  Ask: $31.19
      P&L: $-102.00 (-3.3%) │ Target: $61.62  Stop: $15.40  DTE: 4d
      💭 $10.1M call premium into SPY 719 calls with 100% bullish flow bias war...
      🌍 SPY +0.00%  QQQ +0.00%  VIX 18.9

  🔴 #53 AMD260529P00427500  [▶ OPEN]
      Entry: $15.85 │ Bid: $14.05  Mid: $14.65  Ask: $15.25
      P&L: $-120.00 (-7.6%) │ Target: $31.70  Stop: $4.75  DTE: 14d
      💭 $1.9M premium in AMD puts at 427.50 strike with 100% bearish flow and ...
      🌍 SPY +0.00%  QQQ +0.00%  VIX 18.9

  🔴 #54 QQQ260515P00719000  [▶ OPEN]
      Entry: $2.84 │ Bid: $2.51  Mid: $2.73  Ask: $2.94
      P&L: $-11.50 (-4.0%) │ Target: $5.68  Stop: $1.42  DTE: 0d
      💭 QQQ put with $2.1M premium and 7.1 score expires today in 100% bearish...
      🌍 SPY +0.00%  QQQ +0.00%  VIX 18.9
  ⏰ EXPIRING SOON — 0 day(s) remaining

  🔴 #55 SPY260518C00724000  [▶ OPEN]
      Entry: $25.45 │ Bid: $23.30  Mid: $24.11  Ask: $24.93
      P&L: $-134.00 (-5.3%) │ Target: $50.91  Stop: $12.73  DTE: 3d
      💭 $11.1M bullish call premium into SPY 724 strike with 100% call/put flo...
      🌍 SPY +0.00%  QQQ +0.00%  VIX 18.9

  🔴 #56 NVDA260522P00245000  [▶ OPEN]
      Entry: $15.45 │ Bid: $14.95  Mid: $15.03  Ask: $15.10
      P&L: $-42.50 (-2.8%) │ Target: $30.90  Stop: $4.63  DTE: 7d
      💭 $944K premium on a bearish NVDA put with 7.0 score and 100% put flow b...
      🌍 SPY +0.00%  QQQ +0.00%  VIX 18.9

  🟢 #57 SPY260518P00760000  [▶ OPEN]
      Entry: $11.42 │ Bid: $10.50  Mid: $11.82  Ask: $13.15
      P&L: +$40.50 (+3.5%) │ Target: $22.84  Stop: $5.71  DTE: 3d
      💭 $502K premium on SPY puts expiring today with 100% bearish flow concen...
      🌍 SPY +0.00%  QQQ +0.00%  VIX 18.9

  🔴 #58 NVDA260518P00230000  [▶ OPEN]
      Entry: $1.93 │ Bid: $1.25  Mid: $1.27  Ask: $1.29
      P&L: $-65.50 (-34.0%) │ Target: $3.85  Stop: $0.96  DTE: 3d
      💭 NVDA put with $1.8M premium and 100% bearish flow on expiration day pr...
      🌍 SPY +0.00%  QQQ +0.00%  VIX 18.9

  🔴 #59 QQQ260518P00718000  [▶ OPEN]
      Entry: $4.52 │ Bid: $3.72  Mid: $3.90  Ask: $4.08
      P&L: $-62.00 (-13.7%) │ Target: $9.04  Stop: $2.26  DTE: 3d
      💭 $1.5M in put premium at 718 strike with 100% bearish flow bias on QQQ ...
      🌍 SPY +0.00%  QQQ +0.00%  VIX 18.9

  🔴 #60 QQQ260515P00718000  [▶ OPEN]
      Entry: $2.78 │ Bid: $2.21  Mid: $2.35  Ask: $2.48
      P&L: $-43.50 (-15.7%) │ Target: $5.56  Stop: $1.39  DTE: 0d
      💭 $2.4M premium flowing into QQQ puts expiring today signals institution...
      🌍 SPY +0.00%  QQQ +0.00%  VIX 18.9
  ⏰ EXPIRING SOON — 0 day(s) remaining

  🔴 #61 SPY260515P00746000  [▶ OPEN]
      Entry: $1.64 │ Bid: $1.08  Mid: $1.08  Ask: $1.09
      P&L: $-55.00 (-33.6%) │ Target: $3.27  Stop: $0.82  DTE: 0d
      💭 $2.2M in put premium on SPY 746 strike with 100% bearish flow bias and...
      🌍 SPY +0.00%  QQQ +0.00%  VIX 18.9
  ⏰ EXPIRING SOON — 0 day(s) remaining

  🔴 #62 SPY260515P00747000  [▶ OPEN]
      Entry: $1.90 │ Bid: $1.38  Mid: $1.39  Ask: $1.40
      P&L: $-50.50 (-26.6%) │ Target: $3.79  Stop: $0.95  DTE: 0d
      💭 $2.2M premium in SPY puts expiring today with 100% bearish flow concen...
      🌍 SPY +0.00%  QQQ +0.00%  VIX 18.9
  ⏰ EXPIRING SOON — 0 day(s) remaining

  🔴 #63 NVDA260515P00245000  [▶ OPEN]
      Entry: $9.65 │ Bid: $9.50  Mid: $9.57  Ask: $9.65
      P&L: $-7.50 (-0.8%) │ Target: $19.30  Stop: $4.83  DTE: 0d
      💭 NVDA $245 puts expire today with $1.6M premium and 100% put flow bias ...
      🌍 SPY +0.00%  QQQ +0.00%  VIX 18.9
  ⏰ EXPIRING SOON — 0 day(s) remaining

  🟢 #64 NVDA260526C00195000  [▶ OPEN]
      Entry: $41.25 │ Bid: $41.00  Mid: $41.38  Ask: $41.75
      P&L: +$12.50 (+0.3%) │ Target: $82.50  Stop: $12.38  DTE: 11d
      💭 $3.2M premium flowing into NVDA $195 calls expiring 26May with 100% bu...
      🌍 SPY +0.00%  QQQ +0.00%  VIX 18.9

  🟢 #65 TSLA260518P00485000  [▶ OPEN]
      Entry: $38.83 │ Bid: $41.60  Mid: $42.12  Ask: $42.65
      P&L: +$330.00 (+8.5%) │ Target: $77.65  Stop: $19.41  DTE: 3d
      💭 $1.1M premium in TSLA puts expiring today with 100% bearish flow bias ...
      🌍 SPY +0.00%  QQQ +0.00%  VIX 18.9

  🔴 #66 NVDA260522P00247500  [▶ OPEN]
      Entry: $17.75 │ Bid: $16.70  Mid: $16.77  Ask: $16.85
      P&L: $-97.50 (-5.5%) │ Target: $35.50  Stop: $5.33  DTE: 7d
      💭 NVDA put expires today with $380K premium collected and 100% put flow ...
      🌍 SPY +0.00%  QQQ +0.00%  VIX 18.9

  🟢 #67 TSLA260515P00465000  [▶ OPEN]
      Entry: $20.15 │ Bid: $22.10  Mid: $22.32  Ask: $22.55
      P&L: +$217.50 (+10.8%) │ Target: $40.30  Stop: $10.07  DTE: 0d
      💭 $12.2M in put premium with 100% bearish flow skew into a zero-DTE expi...
      🌍 SPY +0.00%  QQQ +0.00%  VIX 18.9
  ⏰ EXPIRING SOON — 0 day(s) remaining

  🔴 #68 QQQ260515P00717000  [▶ OPEN]
      Entry: $2.96 │ Bid: $1.87  Mid: $1.91  Ask: $1.95
      P&L: $-104.50 (-35.4%) │ Target: $5.91  Stop: $1.48  DTE: 0d
      💭 $2.3M premium on QQQ puts expiring today with 100% bearish flow concen...
      🌍 SPY +0.00%  QQQ +0.00%  VIX 18.9
  ⏰ EXPIRING SOON — 0 day(s) remaining

  🟢 #69 TSLA260515P00442500  [▶ OPEN]
      Entry: $4.65 │ Bid: $4.90  Mid: $4.95  Ask: $5.00
      P&L: +$30.00 (+6.5%) │ Target: $9.30  Stop: $2.33  DTE: 0d
      💭 TSLA puts accumulated $18.3M premium with 100% bearish flow concentrat...
      🌍 SPY +0.00%  QQQ +0.00%  VIX 18.9
  ⏰ EXPIRING SOON — 0 day(s) remaining

  🟢 #70 NVDA260526C00197500  [▶ OPEN]
      Entry: $37.50 │ Bid: $38.75  Mid: $39.20  Ask: $39.65
      P&L: +$170.00 (+4.5%) │ Target: $75.00  Stop: $11.25  DTE: 11d
      💭 NVDA June 26 $197.50 calls accumulated $648K premium with 100% bullish...
      🌍 SPY +0.00%  QQQ +0.00%  VIX 18.9

  🟢 #71 TSLA260515P00452500  [▶ OPEN]
      Entry: $9.45 │ Bid: $11.25  Mid: $11.38  Ask: $11.50
      P&L: +$192.50 (+20.4%) │ Target: $18.90  Stop: $4.72  DTE: 0d
      💭 TSLA $452.50 puts expiring today with $6.8M premium flowing into puts ...
      🌍 SPY +0.00%  QQQ +0.00%  VIX 18.9
  ⏰ EXPIRING SOON — 0 day(s) remaining

  🟢 #72 TSLA260522P00455000  [▶ OPEN]
      Entry: $17.93 │ Bid: $19.40  Mid: $19.50  Ask: $19.60
      P&L: +$157.50 (+8.8%) │ Target: $35.85  Stop: $5.38  DTE: 7d
      💭 $5.8M premium in TSLA puts expiring today with 100% bearish flow bias ...
      🌍 SPY +0.00%  QQQ +0.00%  VIX 18.9

  🟢 #73 SPY260519C00720000  [▶ OPEN]
      Entry: $27.96 │ Bid: $28.59  Mid: $28.78  Ask: $28.97
      P&L: +$81.50 (+2.9%) │ Target: $55.93  Stop: $13.98  DTE: 4d
      💭 $20.3M in call premium on SPY 720 strike expiration today with 100% bu...
      🌍 SPY +0.00%  QQQ +0.00%  VIX 18.9

  🟢 #74 NVDA260522C00247500  [▶ OPEN]
      Entry: $4.83 │ Bid: $5.25  Mid: $5.28  Ask: $5.30
      P&L: +$45.00 (+9.3%) │ Target: $9.65  Stop: $1.45  DTE: 7d
      💭 NVDA $247.50 calls expiring today show $11.2M premium with 100% call f...
      🌍 SPY +0.00%  QQQ +0.00%  VIX 18.9

  🟢 #75 TSLA260518P00475000  [▶ OPEN]
      Entry: $31.50 │ Bid: $32.25  Mid: $32.52  Ask: $32.80
      P&L: +$102.50 (+3.2%) │ Target: $63.00  Stop: $15.75  DTE: 3d
      💭 $1.8M premium on TSLA 475 puts expiring today with 100% bearish flow c...
      🌍 SPY +0.00%  QQQ +0.00%  VIX 18.9

  🔴 #76 QQQ260515P00722000  [▶ OPEN]
      Entry: $4.59 │ Bid: $3.88  Mid: $4.19  Ask: $4.50
      P&L: $-40.00 (-8.7%) │ Target: $9.18  Stop: $2.29  DTE: 0d
      💭 $895K premium in QQQ puts at 100% bearish flow with zero DTE suggests ...
      🌍 SPY +0.00%  QQQ +0.00%  VIX 18.9
  ⏰ EXPIRING SOON — 0 day(s) remaining

  🟢 #77 SPY260519C00725000  [▶ OPEN]
      Entry: $23.89 │ Bid: $23.71  Mid: $23.90  Ask: $24.09
      P&L: +$1.50 (+0.1%) │ Target: $47.77  Stop: $11.94  DTE: 4d
      💭 A $9M premium flow into SPY 725 calls expiring today with 100% bullish...
      🌍 SPY +0.00%  QQQ +0.00%  VIX 18.9

  🟢 #78 NVDA260518C00232500  [▶ OPEN]
      Entry: $5.12 │ Bid: $5.30  Mid: $5.38  Ask: $5.45
      P&L: +$25.00 (+4.9%) │ Target: $10.25  Stop: $2.56  DTE: 3d
      💭 $9.9M premium on NVDA calls with 100% bullish flow concentration makes...
      🌍 SPY +0.00%  QQQ +0.00%  VIX 18.9

  🔴 #79 QQQ260515C00719000  [▶ OPEN]
      Entry: $4.31 │ Bid: $3.95  Mid: $4.09  Ask: $4.24
      P&L: $-21.50 (-5.0%) │ Target: $8.62  Stop: $2.15  DTE: 0d
      💭 $9.1M in call premium on QQQ 719 strike with 100% bullish flow bias wa...
      🌍 SPY +0.00%  QQQ +0.00%  VIX 18.9
  ⏰ EXPIRING SOON — 0 day(s) remaining

  🔴 #80 SPY260518P00745000  [▶ OPEN]
      Entry: $2.17 │ Bid: $1.88  Mid: $1.89  Ask: $1.90
      P&L: $-28.00 (-12.9%) │ Target: $4.34  Stop: $1.08  DTE: 3d
      💭 $1.4M premium on SPY 745 puts expiring today with 100% put flow bias s...
      🌍 SPY +0.00%  QQQ +0.00%  VIX 18.9

  🟢 #81 NVDA260515C00232500  [▶ OPEN]
      Entry: $4.22 │ Bid: $4.35  Mid: $4.40  Ask: $4.45
      P&L: +$17.50 (+4.1%) │ Target: $8.45  Stop: $2.11  DTE: 0d
      💭 $57.7M call premium into NVDA 232.50 strike with 100% bullish flow bia...
      🌍 SPY +0.00%  QQQ +0.00%  VIX 18.9
  ⏰ EXPIRING SOON — 0 day(s) remaining

  🔴 #82 NVDA260515P00235000  [▶ OPEN]
      Entry: $2.48 │ Bid: $2.02  Mid: $2.04  Ask: $2.05
      P&L: $-45.00 (-18.1%) │ Target: $4.97  Stop: $1.24  DTE: 0d
      💭 $8.8M premium in NVDA puts at 235 strike with 100% bearish flow and 5....
      🌍 SPY +0.00%  QQQ +0.00%  VIX 18.9
  ⏰ EXPIRING SOON — 0 day(s) remaining

  🔴 #83 SPY260515P00745000  [▶ OPEN]
      Entry: $1.10 │ Bid: $0.85  Mid: $0.85  Ask: $0.86
      P&L: $-25.00 (-22.6%) │ Target: $2.21  Stop: $0.55  DTE: 0d
      💭 $3.3M premium in SPY puts expiring today with 100% bearish flow bias w...
      🌍 SPY +0.00%  QQQ +0.00%  VIX 18.9
  ⏰ EXPIRING SOON — 0 day(s) remaining

  🔴 #84 NVDA260522C00237500  [▶ OPEN]
      Entry: $9.15 │ Bid: $8.75  Mid: $8.78  Ask: $8.80
      P&L: $-37.50 (-4.1%) │ Target: $18.30  Stop: $2.75  DTE: 7d
      💭 $21.7M premium accumulated in NVDA $237.50 calls expiring today with 1...
      🌍 SPY +0.00%  QQQ +0.00%  VIX 18.9

  🟢 #85 TSLA260515P00445000  [▶ OPEN]
      Entry: $5.35 │ Bid: $6.15  Mid: $6.25  Ask: $6.35
      P&L: +$90.00 (+16.8%) │ Target: $10.70  Stop: $2.67  DTE: 0d
      💭 TSLA put with $17.9M premium and 100% bearish flow bias on expiration ...
      🌍 SPY +0.00%  QQQ +0.00%  VIX 18.9
  ⏰ EXPIRING SOON — 0 day(s) remaining

  🔴 #86 SPY260518C00725000  [▶ OPEN]
      Entry: $24.03 │ Bid: $23.53  Mid: $23.69  Ask: $23.85
      P&L: $-34.00 (-1.4%) │ Target: $48.06  Stop: $12.02  DTE: 3d
      💭 $21.3M call premium into a 0-DTE SPY $725 strike with 4.94 score and 1...
      🌍 SPY +0.00%  QQQ +0.00%  VIX 18.9

  🟢 #87 TSLA260518P00450000  [▶ OPEN]
      Entry: $10.68 │ Bid: $11.55  Mid: $11.70  Ask: $11.85
      P&L: +$102.50 (+9.6%) │ Target: $21.35  Stop: $5.34  DTE: 3d
      💭 $15.5M put premium on TSLA 450 strike with 100% bearish flow bias and ...
      🌍 SPY +0.00%  QQQ +0.00%  VIX 18.9

  🔴 #88 TSLA260518C00442500  [▶ OPEN]
      Entry: $9.35 │ Bid: $8.00  Mid: $8.12  Ask: $8.25
      P&L: $-122.50 (-13.1%) │ Target: $18.70  Stop: $4.67  DTE: 3d
      💭 $7.0M premium on TSLA 442.5 calls with 100% bullish call/put ratio war...
      🌍 SPY +0.00%  QQQ +0.00%  VIX 18.9

  🟢 #89 NVDA260515C00237500  [▶ OPEN]
      Entry: $1.77 │ Bid: $1.77  Mid: $1.77  Ask: $1.78
      P&L: +$0.50 (+0.3%) │ Target: $3.54  Stop: $0.89  DTE: 0d
      💭 $21.7M in call premium at 237.5 strike with 100% bullish flow bias war...
      🌍 SPY +0.00%  QQQ +0.00%  VIX 18.9
  ⏰ EXPIRING SOON — 0 day(s) remaining

  🟢 #90 TSLA260522P00445000  [▶ OPEN]
      Entry: $13.15 │ Bid: $13.25  Mid: $13.35  Ask: $13.45
      P&L: +$20.00 (+1.5%) │ Target: $26.30  Stop: $3.94  DTE: 7d
      💭 TSLA puts expiring today with $5.2M premium and 4.87 score warrant pap...
      🌍 SPY +0.00%  QQQ +0.00%  VIX 18.9

  🔴 #91 SPY260515C00748000  [▶ OPEN]
      Entry: $2.50 │ Bid: $2.24  Mid: $2.25  Ask: $2.25
      P&L: $-25.50 (-10.2%) │ Target: $5.00  Stop: $1.25  DTE: 0d
      💭 $8.5M call premium at 748 strike with 100% bullish flow bias warrants ...
      🌍 SPY +0.00%  QQQ +0.00%  VIX 18.9
  ⏰ EXPIRING SOON — 0 day(s) remaining

  🔴 #92 TSLA260515C00442500  [▶ OPEN]
      Entry: $6.33 │ Bid: $5.70  Mid: $5.78  Ask: $5.85
      P&L: $-55.00 (-8.7%) │ Target: $12.65  Stop: $3.16  DTE: 0d
      💭 TSLA $442.50 calls expiring today show $22.7M premium with 100% bullis...
      🌍 SPY +0.00%  QQQ +0.00%  VIX 18.9
  ⏰ EXPIRING SOON — 0 day(s) remaining

  🟢 #93 TSLA260515P00440000  [▶ OPEN]
      Entry: $3.80 │ Bid: $3.75  Mid: $3.80  Ask: $3.85
      P&L: +$0.00 (+0.0%) │ Target: $7.60  Stop: $1.90  DTE: 0d
      💭 TSLA $440 puts expiring today captured $16.8M premium on 100% put flow...
      🌍 SPY +0.00%  QQQ +0.00%  VIX 18.9
  ⏰ EXPIRING SOON — 0 day(s) remaining

  🟢 #94 SPY260518C00713000  [▶ OPEN]
      Entry: $35.41 │ Bid: $34.22  Mid: $35.62  Ask: $37.02
      P&L: +$21.00 (+0.6%) │ Target: $70.82  Stop: $17.70  DTE: 3d
      💭 $7.5M call premium into SPY 713 strike with zero DTE and 4.8 score in ...
      🌍 SPY +0.00%  QQQ +0.00%  VIX 18.9

  🔴 #95 TSLA260518C00432500  [▶ OPEN]
      Entry: $14.15 │ Bid: $6.15  Mid: $7.65  Ask: $9.15
      P&L: $-650.00 (-45.9%) │ Target: $28.30  Stop: $7.08  DTE: 3d
      💭 $5.4M premium accumulated on 432.50 calls with zero DTE and 100% bulli...
      🌍 SPY +0.00%  QQQ +0.00%  VIX 18.9

  =================================================================
  🛑 STOP TRIGGERED — #95 TSLA260518C00432500
      Entry: $14.15 → Current: $7.65
      Dynamic stop: $7.08 (DTE: 3d)
      Theoretical P&L if exited: $-650.00 (-45.9%)
      Continuing to track through expiration for data collection
  =================================================================

  ⏳ Next check in 3 minutes...

  ─────────────────────────────────────────────────────────────────
  📡 POSITION CHECK — 09:33:08 EDT
  ─────────────────────────────────────────────────────────────────

  🔴 #10 SPY260511P00745000  [⏸ TRACKING]
      Entry: $9.88 │ Bid: $6.03  Mid: $6.17  Ask: $6.31
      P&L: $-370.50 (-37.5%) │ Target: $19.75  Stop: $4.94  DTE: -4d
      ⚠️  Stop was triggered — continuing to track for data
      💭 HIGH SPY put signal — score 8.0, $4.4M premium, 3 DTE, bearish thesis....
      🌍 SPY +0.00%  QQQ +0.00%  VIX 18.8

  ⏰ CONTRACT EXPIRED — auto-closing #10

  🔴 #11 TSLA260511P00425000  [⏸ TRACKING]
      Entry: $7.83 │ Bid: $0.00  Mid: $0.02  Ask: $0.01
      P&L: $-780.50 (-99.7%) │ Target: $15.65  Stop: $3.91  DTE: -4d
      ⚠️  Stop was triggered — continuing to track for data
      💭 HIGH TSLA put signal — score 5.62, $1.6M premium, 3 DTE, bearish thesi...
      🌍 SPY +0.00%  QQQ +0.00%  VIX 18.8

  ⏰ CONTRACT EXPIRED — auto-closing #11

  🔴 #13 TSLA260511P00430000  [⏸ TRACKING]
      Entry: $7.33 │ Bid: $0.00  Mid: $0.01  Ask: $0.01
      P&L: $-731.50 (-99.9%) │ Target: $14.65  Stop: $3.66  DTE: -4d
      ⚠️  Stop was triggered — continuing to track for data
      💭 $2.8M premium on TSLA puts with 100% bearish flow and 8.0 score warran...
      🌍 SPY +0.00%  QQQ +0.00%  VIX 18.8

  ⏰ CONTRACT EXPIRED — auto-closing #13

  🔴 #14 TSLA260513P00430000  [⏸ TRACKING]
      Entry: $11.70 │ Bid: $0.00  Mid: $0.01  Ask: $0.01
      P&L: $-1,169.00 (-99.9%) │ Target: $23.40  Stop: $5.85  DTE: -2d
      ⚠️  Stop was triggered — continuing to track for data
      💭 $1.1M premium on TSLA 430 puts expiring today with 100% bearish flow a...
      🌍 SPY +0.00%  QQQ +0.00%  VIX 18.8

  ⏰ CONTRACT EXPIRED — auto-closing #14

  🟢 #15 AMD260515P00457500  [⏸ TRACKING]
      Entry: $22.60 │ Bid: $21.55  Mid: $23.55  Ask: $25.55
      P&L: +$95.00 (+4.2%) │ Target: $45.20  Stop: $11.30  DTE: 0d
      ⚠️  Stop was triggered — continuing to track for data
      💭 $2.0M premium in AMD puts expiring today with 100% bearish flow and 8....
      🌍 SPY +0.00%  QQQ +0.00%  VIX 18.8

  ⏰ CONTRACT EXPIRED — auto-closing #15

  🔴 #16 QQQ260511P00706000  [⏸ TRACKING]
      Entry: $2.11 │ Bid: $0.01  Mid: $0.02  Ask: $0.03
      P&L: $-209.00 (-99.0%) │ Target: $4.22  Stop: $1.05  DTE: -4d
      ⚠️  Stop was triggered — continuing to track for data
      💭 QQQ put with $1.8M premium and 8.0 score expiring today in 100% bearis...
      🌍 SPY +0.00%  QQQ +0.00%  VIX 18.8

  ⏰ CONTRACT EXPIRED — auto-closing #16

  🔴 #17 TSLA260515P00427500  [⏸ TRACKING]
      Entry: $11.00 │ Bid: $3.55  Mid: $3.60  Ask: $3.65
      P&L: $-740.00 (-67.3%) │ Target: $22.00  Stop: $5.50  DTE: 0d
      ⚠️  Stop was triggered — continuing to track for data
      💭 $6M premium on TSLA puts with 8.8 score and 100% bearish flow concentr...
      🌍 SPY +0.00%  QQQ +0.00%  VIX 18.8

  ⏰ CONTRACT EXPIRED — auto-closing #17

  🟢 #18 NFLX260515P00106000  [▶ OPEN]
      Entry: $17.38 │ Bid: $16.75  Mid: $17.93  Ask: $19.10
      P&L: +$55.00 (+3.2%) │ Target: $34.75  Stop: $8.69  DTE: 0d
      💭 NFLX $106 puts expiring today generated $7.9M premium with 8.2 score i...
      🌍 SPY +0.00%  QQQ +0.00%  VIX 18.8
  ⏰ EXPIRING SOON — 0 day(s) remaining

  🔴 #19 SPY260515P00755000  [⏸ TRACKING]
      Entry: $22.60 │ Bid: $14.72  Mid: $14.84  Ask: $14.96
      P&L: $-776.00 (-34.3%) │ Target: $45.20  Stop: $11.30  DTE: 0d
      ⚠️  Stop was triggered — continuing to track for data
      💭 $1.5M premium accumulated in deep OTM SPY 755 puts expiring today with...
      🌍 SPY +0.00%  QQQ +0.00%  VIX 18.8

  ⏰ CONTRACT EXPIRED — auto-closing #19

  🔴 #20 TSLA260513P00455000  [⏸ TRACKING]
      Entry: $28.93 │ Bid: $8.55  Mid: $9.28  Ask: $10.00
      P&L: $-1,965.00 (-67.9%) │ Target: $57.85  Stop: $14.46  DTE: -2d
      ⚠️  Stop was triggered — continuing to track for data
      💭 $18.8M in put premium with 100% bearish flow bias into a zero-DTE TSLA...
      🌍 SPY +0.00%  QQQ +0.00%  VIX 18.8

  ⏰ CONTRACT EXPIRED — auto-closing #20

  🔴 #22 CRM260605C00100000  [▶ OPEN]
      Entry: $72.58 │ Bid: $69.20  Mid: $71.12  Ask: $73.05
      P&L: $-145.00 (-2.0%) │ Target: $145.15  Stop: $14.52  DTE: 21d
      💭 CRM $100 calls expiring today show $1.0M premium with 7.53 score in 10...
      🌍 SPY +0.00%  QQQ +0.00%  VIX 18.8

  🟢 #26 NFLX260515P00107000  [▶ OPEN]
      Entry: $18.35 │ Bid: $17.50  Mid: $18.80  Ask: $20.10
      P&L: +$45.00 (+2.5%) │ Target: $36.70  Stop: $9.18  DTE: 0d
      💭 $9.9M in put premium flowing into $107 OTM puts expiring today signals...
      🌍 SPY +0.00%  QQQ +0.00%  VIX 18.8
  ⏰ EXPIRING SOON — 0 day(s) remaining

  🔴 #29 NVDA260513P00222500  [⏸ TRACKING]
      Entry: $5.03 │ Bid: $0.00  Mid: $0.01  Ask: $0.01
      P&L: $-501.50 (-99.8%) │ Target: $10.05  Stop: $2.51  DTE: -2d
      ⚠️  Stop was triggered — continuing to track for data
      💭 $8.0M premium concentrated in zero-DTE NVDA puts at 100% bearish flow ...
      🌍 SPY +0.00%  QQQ +0.00%  VIX 18.8

  ⏰ CONTRACT EXPIRED — auto-closing #29

  🔴 #30 TSLA260513P00435000  [⏸ TRACKING]
      Entry: $8.90 │ Bid: $0.00  Mid: $0.01  Ask: $0.01
      P&L: $-889.00 (-99.9%) │ Target: $17.80  Stop: $4.45  DTE: -2d
      ⚠️  Stop was triggered — continuing to track for data
      💭 $21.2M in put premium with 100% bearish flow and 0 DTE expiration crea...
      🌍 SPY +0.00%  QQQ +0.00%  VIX 18.8

  ⏰ CONTRACT EXPIRED — auto-closing #30

  🔴 #31 TSLA260513C00450000  [⏸ TRACKING]
      Entry: $1.04 │ Bid: $0.00  Mid: $0.01  Ask: $0.01
      P&L: $-103.00 (-99.0%) │ Target: $2.08  Stop: $0.52  DTE: -2d
      ⚠️  Stop was triggered — continuing to track for data
      💭 $9.2M premium in TSLA calls expiring today with 100% bullish flow sign...
      🌍 SPY +0.00%  QQQ +0.00%  VIX 18.8

  ⏰ CONTRACT EXPIRED — auto-closing #31

  🔴 #32 TSLA260513P00427500  [⏸ TRACKING]
      Entry: $4.58 │ Bid: $0.00  Mid: $0.01  Ask: $0.01
      P&L: $-456.50 (-99.8%) │ Target: $9.15  Stop: $2.29  DTE: -2d
      ⚠️  Stop was triggered — continuing to track for data
      💭 TSLA put with $11.5M premium and 100% bearish flow skew warrants paper...
      🌍 SPY +0.00%  QQQ +0.00%  VIX 18.8

  ⏰ CONTRACT EXPIRED — auto-closing #32

  🟢 #35 SPY260518C00717000  [▶ OPEN]
      Entry: $20.80 │ Bid: $23.39  Mid: $23.83  Ask: $24.27
      P&L: +$303.50 (+14.6%) │ Target: $41.59  Stop: $10.40  DTE: 3d
      💭 $4.0M call premium into SPY 717 strike with zero DTE and 100% bullish ...
      🌍 SPY +0.00%  QQQ +0.00%  VIX 18.8

  🟢 #36 AAPL260520C00282500  [▶ OPEN]
      Entry: $14.47 │ Bid: $14.20  Mid: $15.57  Ask: $16.95
      P&L: +$110.00 (+7.6%) │ Target: $28.95  Stop: $7.24  DTE: 5d
      💭 $2.6M premium in AAPL calls with 100% bullish flow and 6.56 score warr...
      🌍 SPY +0.00%  QQQ +0.00%  VIX 18.8

  🔴 #37 QQQ260514P00705000  [⏸ TRACKING]
      Entry: $1.82 │ Bid: $0.00  Mid: $0.01  Ask: $0.01
      P&L: $-181.50 (-99.5%) │ Target: $3.65  Stop: $0.91  DTE: -1d
      ⚠️  Stop was triggered — continuing to track for data
      💭 $7.1M premium into QQQ 705 puts (expiring today) with 100% put flow bi...
      🌍 SPY +0.00%  QQQ +0.00%  VIX 18.8

  ⏰ CONTRACT EXPIRED — auto-closing #37

  🔴 #38 SPY260515P00750000  [⏸ TRACKING]
      Entry: $11.00 │ Bid: $9.83  Mid: $9.91  Ask: $10.00
      P&L: $-108.50 (-9.9%) │ Target: $22.00  Stop: $5.50  DTE: 0d
      ⚠️  Stop was triggered — continuing to track for data
      💭 $6.8M premium in puts expiring today at 750 strike signals institution...
      🌍 SPY +0.00%  QQQ +0.00%  VIX 18.8

  ⏰ CONTRACT EXPIRED — auto-closing #38

  🔴 #40 TSLA260515C00452500  [⏸ TRACKING]
      Entry: $8.15 │ Bid: $0.27  Mid: $0.28  Ask: $0.28
      P&L: $-787.50 (-96.6%) │ Target: $16.30  Stop: $4.08  DTE: 0d
      ⚠️  Stop was triggered — continuing to track for data
      💭 $7.9M premium in TSLA calls expiring today with 100% bullish flow bias...
      🌍 SPY +0.00%  QQQ +0.00%  VIX 18.8

  ⏰ CONTRACT EXPIRED — auto-closing #40

  🔴 #41 TSLA260518C00435000  [⏸ TRACKING]
      Entry: $18.38 │ Bid: $4.50  Mid: $4.60  Ask: $4.70
      P&L: $-1,377.50 (-75.0%) │ Target: $36.75  Stop: $9.19  DTE: 3d
      ⚠️  Stop was triggered — continuing to track for data
      💭 $6.2M premium on 435 calls with 100% call flow bias warrants a test tr...
      🌍 SPY +0.00%  QQQ +0.00%  VIX 18.8

  🔴 #42 TSLA260518C00430000  [▶ OPEN]
      Entry: $22.25 │ Bid: $6.50  Mid: $6.65  Ask: $6.80
      P&L: $-1,560.00 (-70.1%) │ Target: $44.50  Stop: $11.12  DTE: 3d
      💭 $9M notional premium into TSLA 430 calls with 100% bullish flow bias w...
      🌍 SPY +0.00%  QQQ +0.00%  VIX 18.8

  =================================================================
  🛑 STOP TRIGGERED — #42 TSLA260518C00430000
      Entry: $22.25 → Current: $6.65
      Dynamic stop: $11.12 (DTE: 3d)
      Theoretical P&L if exited: $-1,560.00 (-70.1%)
      Continuing to track through expiration for data collection
  =================================================================

  🔴 #43 TSLA260518C00440000  [▶ OPEN]
      Entry: $14.78 │ Bid: $3.05  Mid: $3.10  Ask: $3.15
      P&L: $-1,167.50 (-79.0%) │ Target: $29.55  Stop: $7.39  DTE: 3d
      💭 $7.6M premium into 440 calls with 100% bullish flow concentration warr...
      🌍 SPY +0.00%  QQQ +0.00%  VIX 18.8

  =================================================================
  🛑 STOP TRIGGERED — #43 TSLA260518C00440000
      Entry: $14.78 → Current: $3.10
      Dynamic stop: $7.39 (DTE: 3d)
      Theoretical P&L if exited: $-1,167.50 (-79.0%)
      Continuing to track through expiration for data collection
  =================================================================

  🔴 #44 TSLA260515C00455000  [⏸ TRACKING]
      Entry: $5.20 │ Bid: $0.19  Mid: $0.20  Ask: $0.20
      P&L: $-500.50 (-96.2%) │ Target: $10.40  Stop: $2.60  DTE: 0d
      ⚠️  Stop was triggered — continuing to track for data
      💭 $6.0M premium accumulated on TSLA 455 calls expiring today with 100% b...
      🌍 SPY +0.00%  QQQ +0.00%  VIX 18.8

  ⏰ CONTRACT EXPIRED — auto-closing #44

  🔴 #45 NVDA260518P00225000  [⏸ TRACKING]
      Entry: $3.42 │ Bid: $1.76  Mid: $1.78  Ask: $1.81
      P&L: $-164.00 (-47.9%) │ Target: $6.85  Stop: $1.71  DTE: 3d
      ⚠️  Stop was triggered — continuing to track for data
      💭 $3.0M premium into NVDA 225 puts expiring today with 100% put bias sig...
      🌍 SPY +0.00%  QQQ +0.00%  VIX 18.8

  🟢 #46 NVDA260515P00232500  [▶ OPEN]
      Entry: $1.81 │ Bid: $4.85  Mid: $4.95  Ask: $5.05
      P&L: +$314.00 (+173.5%) │ Target: $3.62  Stop: $0.91  DTE: 0d
      💭 NVDA put with 9.0 score and $10.2M premium expiring today faces 100% b...
      🌍 SPY +0.00%  QQQ +0.00%  VIX 18.8

  =================================================================
  🎯 TARGET HIT — #46 NVDA260515P00232500
      Entry: $1.81 → Current: $4.95
      P&L: +$314.00 (+173.5%)
  =================================================================
  ✅ Position auto-closed at TARGET

  🟢 #47 NVDA260515P00237500  [▶ OPEN]
      Entry: $4.05 │ Bid: $9.15  Mid: $9.30  Ask: $9.45
      P&L: +$525.00 (+129.6%) │ Target: $8.10  Stop: $2.02  DTE: 0d
      💭 $4M premium on NVDA puts with 100% bearish flow and 8.0 score justifie...
      🌍 SPY +0.00%  QQQ +0.00%  VIX 18.8

  =================================================================
  🎯 TARGET HIT — #47 NVDA260515P00237500
      Entry: $4.05 → Current: $9.30
      P&L: +$525.00 (+129.6%)
  =================================================================
  ✅ Position auto-closed at TARGET

  🟢 #48 NVDA260518P00235000  [▶ OPEN]
      Entry: $3.62 │ Bid: $7.55  Mid: $7.70  Ask: $7.85
      P&L: +$407.50 (+112.4%) │ Target: $7.25  Stop: $1.81  DTE: 3d
      💭 $1.4M premium on NVDA 235 puts with 100% bearish flow and 8.0 score ju...
      🌍 SPY +0.00%  QQQ +0.00%  VIX 18.8

  =================================================================
  🎯 TARGET HIT — #48 NVDA260518P00235000
      Entry: $3.62 → Current: $7.70
      P&L: +$407.50 (+112.4%)
  =================================================================
  ✅ Position auto-closed at TARGET

  🟢 #49 NVDA260518P00232500  [▶ OPEN]
      Entry: $2.54 │ Bid: $5.40  Mid: $5.65  Ask: $5.90
      P&L: +$311.50 (+122.9%) │ Target: $5.07  Stop: $1.27  DTE: 3d
      💭 NVDA put expiring today collected $1.2M premium with 100% put flow bia...
      🌍 SPY +0.00%  QQQ +0.00%  VIX 18.8

  =================================================================
  🎯 TARGET HIT — #49 NVDA260518P00232500
      Entry: $2.54 → Current: $5.65
      P&L: +$311.50 (+122.9%)
  =================================================================
  ✅ Position auto-closed at TARGET

  🟢 #50 NVDA260515P00230000  [▶ OPEN]
      Entry: $0.96 │ Bid: $3.10  Mid: $3.15  Ask: $3.20
      P&L: +$219.00 (+228.1%) │ Target: $1.92  Stop: $0.48  DTE: 0d
      💭 NVDA 0-DTE $230 puts with $7.8M premium and 7.53 score capture 100% be...
      🌍 SPY +0.00%  QQQ +0.00%  VIX 18.8

  =================================================================
  🎯 TARGET HIT — #50 NVDA260515P00230000
      Entry: $0.96 → Current: $3.15
      P&L: +$219.00 (+228.1%)
  =================================================================
  ✅ Position auto-closed at TARGET

  🟢 #51 QQQ260518P00717000  [▶ OPEN]
      Entry: $3.94 │ Bid: $9.76  Mid: $10.00  Ask: $10.24
      P&L: +$606.00 (+153.8%) │ Target: $7.88  Stop: $1.97  DTE: 3d
      💭 $1.6M premium on QQQ puts expiring today with 100% bearish flow concen...
      🌍 SPY +0.00%  QQQ +0.00%  VIX 18.8

  =================================================================
  🎯 TARGET HIT — #51 QQQ260518P00717000
      Entry: $3.94 → Current: $10.00
      P&L: +$606.00 (+153.8%)
  =================================================================
  ✅ Position auto-closed at TARGET

  🔴 #52 SPY260519C00719000  [▶ OPEN]
      Entry: $30.81 │ Bid: $21.71  Mid: $21.81  Ask: $21.91
      P&L: $-900.00 (-29.2%) │ Target: $61.62  Stop: $15.40  DTE: 4d
      💭 $10.1M call premium into SPY 719 calls with 100% bullish flow bias war...
      🌍 SPY +0.00%  QQQ +0.00%  VIX 18.8

  🟢 #53 AMD260529P00427500  [▶ OPEN]
      Entry: $15.85 │ Bid: $19.15  Mid: $20.07  Ask: $21.00
      P&L: +$422.50 (+26.7%) │ Target: $31.70  Stop: $4.75  DTE: 14d
      💭 $1.9M premium in AMD puts at 427.50 strike with 100% bearish flow and ...
      🌍 SPY +0.00%  QQQ +0.00%  VIX 18.8

  🟢 #54 QQQ260515P00719000  [▶ OPEN]
      Entry: $2.84 │ Bid: $10.11  Mid: $10.18  Ask: $10.24
      P&L: +$733.50 (+258.3%) │ Target: $5.68  Stop: $1.42  DTE: 0d
      💭 QQQ put with $2.1M premium and 7.1 score expires today in 100% bearish...
      🌍 SPY +0.00%  QQQ +0.00%  VIX 18.8

  =================================================================
  🎯 TARGET HIT — #54 QQQ260515P00719000
      Entry: $2.84 → Current: $10.18
      P&L: +$733.50 (+258.3%)
  =================================================================
  ✅ Position auto-closed at TARGET

  🔴 #55 SPY260518C00724000  [▶ OPEN]
      Entry: $25.45 │ Bid: $16.66  Mid: $17.04  Ask: $17.42
      P&L: $-841.50 (-33.1%) │ Target: $50.91  Stop: $12.73  DTE: 3d
      💭 $11.1M bullish call premium into SPY 724 strike with 100% call/put flo...
      🌍 SPY +0.00%  QQQ +0.00%  VIX 18.8

  🟢 #56 NVDA260522P00245000  [▶ OPEN]
      Entry: $15.45 │ Bid: $19.80  Mid: $19.88  Ask: $19.95
      P&L: +$442.50 (+28.6%) │ Target: $30.90  Stop: $4.63  DTE: 7d
      💭 $944K premium on a bearish NVDA put with 7.0 score and 100% put flow b...
      🌍 SPY +0.00%  QQQ +0.00%  VIX 18.8

  🟢 #57 SPY260518P00760000  [▶ OPEN]
      Entry: $11.42 │ Bid: $18.72  Mid: $19.72  Ask: $20.72
      P&L: +$830.00 (+72.7%) │ Target: $22.84  Stop: $5.71  DTE: 3d
      💭 $502K premium on SPY puts expiring today with 100% bearish flow concen...
      🌍 SPY +0.00%  QQQ +0.00%  VIX 18.8

  🟢 #58 NVDA260518P00230000  [▶ OPEN]
      Entry: $1.93 │ Bid: $4.05  Mid: $4.12  Ask: $4.20
      P&L: +$220.00 (+114.3%) │ Target: $3.85  Stop: $0.96  DTE: 3d
      💭 NVDA put with $1.8M premium and 100% bearish flow on expiration day pr...
      🌍 SPY +0.00%  QQQ +0.00%  VIX 18.8

  =================================================================
  🎯 TARGET HIT — #58 NVDA260518P00230000
      Entry: $1.93 → Current: $4.12
      P&L: +$220.00 (+114.3%)
  =================================================================
  ✅ Position auto-closed at TARGET

  🟢 #59 QQQ260518P00718000  [▶ OPEN]
      Entry: $4.52 │ Bid: $10.48  Mid: $10.73  Ask: $10.98
      P&L: +$621.00 (+137.4%) │ Target: $9.04  Stop: $2.26  DTE: 3d
      💭 $1.5M in put premium at 718 strike with 100% bearish flow bias on QQQ ...
      🌍 SPY +0.00%  QQQ +0.00%  VIX 18.8

  =================================================================
  🎯 TARGET HIT — #59 QQQ260518P00718000
      Entry: $4.52 → Current: $10.73
      P&L: +$621.00 (+137.4%)
  =================================================================
  ✅ Position auto-closed at TARGET

  🟢 #60 QQQ260515P00718000  [▶ OPEN]
      Entry: $2.78 │ Bid: $9.22  Mid: $9.29  Ask: $9.35
      P&L: +$650.50 (+234.0%) │ Target: $5.56  Stop: $1.39  DTE: 0d
      💭 $2.4M premium flowing into QQQ puts expiring today signals institution...
      🌍 SPY +0.00%  QQQ +0.00%  VIX 18.8

  =================================================================
  🎯 TARGET HIT — #60 QQQ260515P00718000
      Entry: $2.78 → Current: $9.29
      P&L: +$650.50 (+234.0%)
  =================================================================
  ✅ Position auto-closed at TARGET

  🟢 #61 SPY260515P00746000  [▶ OPEN]
      Entry: $1.64 │ Bid: $6.22  Mid: $6.22  Ask: $6.23
      P&L: +$459.00 (+280.7%) │ Target: $3.27  Stop: $0.82  DTE: 0d
      💭 $2.2M in put premium on SPY 746 strike with 100% bearish flow bias and...
      🌍 SPY +0.00%  QQQ +0.00%  VIX 18.8

  =================================================================
  🎯 TARGET HIT — #61 SPY260515P00746000
      Entry: $1.64 → Current: $6.22
      P&L: +$459.00 (+280.7%)
  =================================================================
  ✅ Position auto-closed at TARGET

  🟢 #62 SPY260515P00747000  [▶ OPEN]
      Entry: $1.90 │ Bid: $7.01  Mid: $7.09  Ask: $7.17
      P&L: +$519.50 (+274.1%) │ Target: $3.79  Stop: $0.95  DTE: 0d
      💭 $2.2M premium in SPY puts expiring today with 100% bearish flow concen...
      🌍 SPY +0.00%  QQQ +0.00%  VIX 18.8

  =================================================================
  🎯 TARGET HIT — #62 SPY260515P00747000
      Entry: $1.90 → Current: $7.09
      P&L: +$519.50 (+274.1%)
  =================================================================
  ✅ Position auto-closed at TARGET

  🟢 #63 NVDA260515P00245000  [▶ OPEN]
      Entry: $9.65 │ Bid: $16.30  Mid: $16.55  Ask: $16.80
      P&L: +$690.00 (+71.5%) │ Target: $19.30  Stop: $4.83  DTE: 0d
      💭 NVDA $245 puts expire today with $1.6M premium and 100% put flow bias ...
      🌍 SPY +0.00%  QQQ +0.00%  VIX 18.8
  ⏰ EXPIRING SOON — 0 day(s) remaining

  🔴 #64 NVDA260526C00195000  [▶ OPEN]
      Entry: $41.25 │ Bid: $34.15  Mid: $34.75  Ask: $35.35
      P&L: $-650.00 (-15.8%) │ Target: $82.50  Stop: $12.38  DTE: 11d
      💭 $3.2M premium flowing into NVDA $195 calls expiring 26May with 100% bu...
      🌍 SPY +0.00%  QQQ +0.00%  VIX 18.8

  🟢 #65 TSLA260518P00485000  [▶ OPEN]
      Entry: $38.83 │ Bid: $54.25  Mid: $56.33  Ask: $58.40
      P&L: +$1,750.00 (+45.1%) │ Target: $77.65  Stop: $19.41  DTE: 3d
      💭 $1.1M premium in TSLA puts expiring today with 100% bearish flow bias ...
      🌍 SPY +0.00%  QQQ +0.00%  VIX 18.8

  🟢 #66 NVDA260522P00247500  [▶ OPEN]
      Entry: $17.75 │ Bid: $21.80  Mid: $21.90  Ask: $22.00
      P&L: +$415.00 (+23.4%) │ Target: $35.50  Stop: $5.33  DTE: 7d
      💭 NVDA put expires today with $380K premium collected and 100% put flow ...
      🌍 SPY +0.00%  QQQ +0.00%  VIX 18.8

  🟢 #67 TSLA260515P00465000  [▶ OPEN]
      Entry: $20.15 │ Bid: $35.45  Mid: $35.77  Ask: $36.10
      P&L: +$1,562.50 (+77.5%) │ Target: $40.30  Stop: $10.07  DTE: 0d
      💭 $12.2M in put premium with 100% bearish flow skew into a zero-DTE expi...
      🌍 SPY +0.00%  QQQ +0.00%  VIX 18.8
  ⏰ EXPIRING SOON — 0 day(s) remaining

  🟢 #68 QQQ260515P00717000  [▶ OPEN]
      Entry: $2.96 │ Bid: $8.37  Mid: $8.45  Ask: $8.52
      P&L: +$549.00 (+185.8%) │ Target: $5.91  Stop: $1.48  DTE: 0d
      💭 $2.3M premium on QQQ puts expiring today with 100% bearish flow concen...
      🌍 SPY +0.00%  QQQ +0.00%  VIX 18.8

  =================================================================
  🎯 TARGET HIT — #68 QQQ260515P00717000
      Entry: $2.96 → Current: $8.45
      P&L: +$549.00 (+185.8%)
  =================================================================
  ✅ Position auto-closed at TARGET

  🟢 #69 TSLA260515P00442500  [▶ OPEN]
      Entry: $4.65 │ Bid: $13.95  Mid: $14.18  Ask: $14.40
      P&L: +$952.50 (+204.8%) │ Target: $9.30  Stop: $2.33  DTE: 0d
      💭 TSLA puts accumulated $18.3M premium with 100% bearish flow concentrat...
      🌍 SPY +0.00%  QQQ +0.00%  VIX 18.8

  =================================================================
  🎯 TARGET HIT — #69 TSLA260515P00442500
      Entry: $4.65 → Current: $14.18
      P&L: +$952.50 (+204.8%)
  =================================================================
  ✅ Position auto-closed at TARGET

  🔴 #70 NVDA260526C00197500  [▶ OPEN]
      Entry: $37.50 │ Bid: $31.80  Mid: $32.38  Ask: $32.95
      P&L: $-512.50 (-13.7%) │ Target: $75.00  Stop: $11.25  DTE: 11d
      💭 NVDA June 26 $197.50 calls accumulated $648K premium with 100% bullish...
      🌍 SPY +0.00%  QQQ +0.00%  VIX 18.8

  🟢 #71 TSLA260515P00452500  [▶ OPEN]
      Entry: $9.45 │ Bid: $23.15  Mid: $23.48  Ask: $23.80
      P&L: +$1,402.50 (+148.4%) │ Target: $18.90  Stop: $4.72  DTE: 0d
      💭 TSLA $452.50 puts expiring today with $6.8M premium flowing into puts ...
      🌍 SPY +0.00%  QQQ +0.00%  VIX 18.8

  =================================================================
  🎯 TARGET HIT — #71 TSLA260515P00452500
      Entry: $9.45 → Current: $23.48
      P&L: +$1,402.50 (+148.4%)
  =================================================================
  ✅ Position auto-closed at TARGET

  🟢 #72 TSLA260522P00455000  [▶ OPEN]
      Entry: $17.93 │ Bid: $28.85  Mid: $29.27  Ask: $29.70
      P&L: +$1,135.00 (+63.3%) │ Target: $35.85  Stop: $5.38  DTE: 7d
      💭 $5.8M premium in TSLA puts expiring today with 100% bearish flow bias ...
      🌍 SPY +0.00%  QQQ +0.00%  VIX 18.8

  🔴 #73 SPY260519C00720000  [▶ OPEN]
      Entry: $27.96 │ Bid: $20.76  Mid: $20.86  Ask: $20.96
      P&L: $-710.50 (-25.4%) │ Target: $55.93  Stop: $13.98  DTE: 4d
      💭 $20.3M in call premium on SPY 720 strike expiration today with 100% bu...
      🌍 SPY +0.00%  QQQ +0.00%  VIX 18.8

  🔴 #74 NVDA260522C00247500  [▶ OPEN]
      Entry: $4.83 │ Bid: $2.97  Mid: $3.01  Ask: $3.05
      P&L: $-181.50 (-37.6%) │ Target: $9.65  Stop: $1.45  DTE: 7d
      💭 NVDA $247.50 calls expiring today show $11.2M premium with 100% call f...
      🌍 SPY +0.00%  QQQ +0.00%  VIX 18.8

  🟢 #75 TSLA260518P00475000  [▶ OPEN]
      Entry: $31.50 │ Bid: $44.55  Mid: $45.83  Ask: $47.10
      P&L: +$1,432.50 (+45.5%) │ Target: $63.00  Stop: $15.75  DTE: 3d
      💭 $1.8M premium on TSLA 475 puts expiring today with 100% bearish flow c...
      🌍 SPY +0.00%  QQQ +0.00%  VIX 18.8

  🟢 #76 QQQ260515P00722000  [▶ OPEN]
      Entry: $4.59 │ Bid: $12.84  Mid: $13.02  Ask: $13.19
      P&L: +$842.50 (+183.6%) │ Target: $9.18  Stop: $2.29  DTE: 0d
      💭 $895K premium in QQQ puts at 100% bearish flow with zero DTE suggests ...
      🌍 SPY +0.00%  QQQ +0.00%  VIX 18.8

  =================================================================
  🎯 TARGET HIT — #76 QQQ260515P00722000
      Entry: $4.59 → Current: $13.02
      P&L: +$842.50 (+183.6%)
  =================================================================
  ✅ Position auto-closed at TARGET

  🔴 #77 SPY260519C00725000  [▶ OPEN]
      Entry: $23.89 │ Bid: $16.15  Mid: $16.25  Ask: $16.34
      P&L: $-764.00 (-32.0%) │ Target: $47.77  Stop: $11.94  DTE: 4d
      💭 A $9M premium flow into SPY 725 calls expiring today with 100% bullish...
      🌍 SPY +0.00%  QQQ +0.00%  VIX 18.8

  🔴 #78 NVDA260518C00232500  [▶ OPEN]
      Entry: $5.12 │ Bid: $1.70  Mid: $1.72  Ask: $1.74
      P&L: $-340.50 (-66.4%) │ Target: $10.25  Stop: $2.56  DTE: 3d
      💭 $9.9M premium on NVDA calls with 100% bullish flow concentration makes...
      🌍 SPY +0.00%  QQQ +0.00%  VIX 18.8

  =================================================================
  🛑 STOP TRIGGERED — #78 NVDA260518C00232500
      Entry: $5.12 → Current: $1.72
      Dynamic stop: $2.56 (DTE: 3d)
      Theoretical P&L if exited: $-340.50 (-66.4%)
      Continuing to track through expiration for data collection
  =================================================================

  🔴 #79 QQQ260515C00719000  [▶ OPEN]
      Entry: $4.31 │ Bid: $0.39  Mid: $0.40  Ask: $0.40
      P&L: $-391.50 (-90.8%) │ Target: $8.62  Stop: $2.15  DTE: 0d
      💭 $9.1M in call premium on QQQ 719 strike with 100% bullish flow bias wa...
      🌍 SPY +0.00%  QQQ +0.00%  VIX 18.8

  =================================================================
  🛑 STOP TRIGGERED — #79 QQQ260515C00719000
      Entry: $4.31 → Current: $0.40
      Dynamic stop: $2.15 (DTE: 0d)
      Theoretical P&L if exited: $-391.50 (-90.8%)
      Continuing to track through expiration for data collection
  =================================================================

  🟢 #80 SPY260518P00745000  [▶ OPEN]
      Entry: $2.17 │ Bid: $6.25  Mid: $6.28  Ask: $6.31
      P&L: +$411.00 (+189.4%) │ Target: $4.34  Stop: $1.08  DTE: 3d
      💭 $1.4M premium on SPY 745 puts expiring today with 100% put flow bias s...
      🌍 SPY +0.00%  QQQ +0.00%  VIX 18.8

  =================================================================
  🎯 TARGET HIT — #80 SPY260518P00745000
      Entry: $2.17 → Current: $6.28
      P&L: +$411.00 (+189.4%)
  =================================================================
  ✅ Position auto-closed at TARGET

  🔴 #81 NVDA260515C00232500  [▶ OPEN]
      Entry: $4.22 │ Bid: $0.83  Mid: $0.85  Ask: $0.87
      P&L: $-337.50 (-79.9%) │ Target: $8.45  Stop: $2.11  DTE: 0d
      💭 $57.7M call premium into NVDA 232.50 strike with 100% bullish flow bia...
      🌍 SPY +0.00%  QQQ +0.00%  VIX 18.8

  =================================================================
  🛑 STOP TRIGGERED — #81 NVDA260515C00232500
      Entry: $4.22 → Current: $0.85
      Dynamic stop: $2.11 (DTE: 0d)
      Theoretical P&L if exited: $-337.50 (-79.9%)
      Continuing to track through expiration for data collection
  =================================================================

  🟢 #82 NVDA260515P00235000  [▶ OPEN]
      Entry: $2.48 │ Bid: $6.90  Mid: $7.03  Ask: $7.15
      P&L: +$454.00 (+182.7%) │ Target: $4.97  Stop: $1.24  DTE: 0d
      💭 $8.8M premium in NVDA puts at 235 strike with 100% bearish flow and 5....
      🌍 SPY +0.00%  QQQ +0.00%  VIX 18.8

  =================================================================
  🎯 TARGET HIT — #82 NVDA260515P00235000
      Entry: $2.48 → Current: $7.03
      P&L: +$454.00 (+182.7%)
  =================================================================
  ✅ Position auto-closed at TARGET

  🟢 #83 SPY260515P00745000  [▶ OPEN]
      Entry: $1.10 │ Bid: $5.38  Mid: $5.39  Ask: $5.41
      P&L: +$429.00 (+388.2%) │ Target: $2.21  Stop: $0.55  DTE: 0d
      💭 $3.3M premium in SPY puts expiring today with 100% bearish flow bias w...
      🌍 SPY +0.00%  QQQ +0.00%  VIX 18.8

  =================================================================
  🎯 TARGET HIT — #83 SPY260515P00745000
      Entry: $1.10 → Current: $5.39
      P&L: +$429.00 (+388.2%)
  =================================================================
  ✅ Position auto-closed at TARGET

  🔴 #84 NVDA260522C00237500  [▶ OPEN]
      Entry: $9.15 │ Bid: $5.30  Mid: $5.38  Ask: $5.45
      P&L: $-377.50 (-41.3%) │ Target: $18.30  Stop: $2.75  DTE: 7d
      💭 $21.7M premium accumulated in NVDA $237.50 calls expiring today with 1...
      🌍 SPY +0.00%  QQQ +0.00%  VIX 18.8

  🟢 #85 TSLA260515P00445000  [▶ OPEN]
      Entry: $5.35 │ Bid: $16.15  Mid: $16.38  Ask: $16.60
      P&L: +$1,102.50 (+206.1%) │ Target: $10.70  Stop: $2.67  DTE: 0d
      💭 TSLA put with $17.9M premium and 100% bearish flow bias on expiration ...
      🌍 SPY +0.00%  QQQ +0.00%  VIX 18.8

  =================================================================
  🎯 TARGET HIT — #85 TSLA260515P00445000
      Entry: $5.35 → Current: $16.38
      P&L: +$1,102.50 (+206.1%)
  =================================================================
  ✅ Position auto-closed at TARGET

  🔴 #86 SPY260518C00725000  [▶ OPEN]
      Entry: $24.03 │ Bid: $15.77  Mid: $15.80  Ask: $15.84
      P&L: $-822.50 (-34.2%) │ Target: $48.06  Stop: $12.02  DTE: 3d
      💭 $21.3M call premium into a 0-DTE SPY $725 strike with 4.94 score and 1...
      🌍 SPY +0.00%  QQQ +0.00%  VIX 18.8

  🟢 #87 TSLA260518P00450000  [▶ OPEN]
      Entry: $10.68 │ Bid: $21.20  Mid: $22.07  Ask: $22.95
      P&L: +$1,140.00 (+106.8%) │ Target: $21.35  Stop: $5.34  DTE: 3d
      💭 $15.5M put premium on TSLA 450 strike with 100% bearish flow bias and ...
      🌍 SPY +0.00%  QQQ +0.00%  VIX 18.8

  =================================================================
  🎯 TARGET HIT — #87 TSLA260518P00450000
      Entry: $10.68 → Current: $22.07
      P&L: +$1,140.00 (+106.8%)
  =================================================================
  ✅ Position auto-closed at TARGET

  🔴 #88 TSLA260518C00442500  [▶ OPEN]
      Entry: $9.35 │ Bid: $2.49  Mid: $2.54  Ask: $2.59
      P&L: $-681.00 (-72.8%) │ Target: $18.70  Stop: $4.67  DTE: 3d
      💭 $7.0M premium on TSLA 442.5 calls with 100% bullish call/put ratio war...
      🌍 SPY +0.00%  QQQ +0.00%  VIX 18.8

  =================================================================
  🛑 STOP TRIGGERED — #88 TSLA260518C00442500
      Entry: $9.35 → Current: $2.54
      Dynamic stop: $4.67 (DTE: 3d)
      Theoretical P&L if exited: $-681.00 (-72.8%)
      Continuing to track through expiration for data collection
  =================================================================

  🔴 #89 NVDA260515C00237500  [▶ OPEN]
      Entry: $1.77 │ Bid: $0.22  Mid: $0.23  Ask: $0.23
      P&L: $-154.50 (-87.3%) │ Target: $3.54  Stop: $0.89  DTE: 0d
      💭 $21.7M in call premium at 237.5 strike with 100% bullish flow bias war...
      🌍 SPY +0.00%  QQQ +0.00%  VIX 18.8

  =================================================================
  🛑 STOP TRIGGERED — #89 NVDA260515C00237500
      Entry: $1.77 → Current: $0.23
      Dynamic stop: $0.89 (DTE: 0d)
      Theoretical P&L if exited: $-154.50 (-87.3%)
      Continuing to track through expiration for data collection
  =================================================================

  🟢 #90 TSLA260522P00445000  [▶ OPEN]
      Entry: $13.15 │ Bid: $21.20  Mid: $21.52  Ask: $21.85
      P&L: +$837.50 (+63.7%) │ Target: $26.30  Stop: $3.94  DTE: 7d
      💭 TSLA puts expiring today with $5.2M premium and 4.87 score warrant pap...
      🌍 SPY +0.00%  QQQ +0.00%  VIX 18.8

  🔴 #91 SPY260515C00748000  [▶ OPEN]
      Entry: $2.50 │ Bid: $0.17  Mid: $0.17  Ask: $0.18
      P&L: $-232.50 (-93.0%) │ Target: $5.00  Stop: $1.25  DTE: 0d
      💭 $8.5M call premium at 748 strike with 100% bullish flow bias warrants ...
      🌍 SPY +0.00%  QQQ +0.00%  VIX 18.8

  =================================================================
  🛑 STOP TRIGGERED — #91 SPY260515C00748000
      Entry: $2.50 → Current: $0.17
      Dynamic stop: $1.25 (DTE: 0d)
      Theoretical P&L if exited: $-232.50 (-93.0%)
      Continuing to track through expiration for data collection
  =================================================================

  🔴 #92 TSLA260515C00442500  [▶ OPEN]
      Entry: $6.33 │ Bid: $0.98  Mid: $1.00  Ask: $1.02
      P&L: $-532.50 (-84.2%) │ Target: $12.65  Stop: $3.16  DTE: 0d
      💭 TSLA $442.50 calls expiring today show $22.7M premium with 100% bullis...
      🌍 SPY +0.00%  QQQ +0.00%  VIX 18.8

  =================================================================
  🛑 STOP TRIGGERED — #92 TSLA260515C00442500
      Entry: $6.33 → Current: $1.00
      Dynamic stop: $3.16 (DTE: 0d)
      Theoretical P&L if exited: $-532.50 (-84.2%)
      Continuing to track through expiration for data collection
  =================================================================

  🟢 #93 TSLA260515P00440000  [▶ OPEN]
      Entry: $3.80 │ Bid: $11.85  Mid: $12.05  Ask: $12.25
      P&L: +$825.00 (+217.1%) │ Target: $7.60  Stop: $1.90  DTE: 0d
      💭 TSLA $440 puts expiring today captured $16.8M premium on 100% put flow...
      🌍 SPY +0.00%  QQQ +0.00%  VIX 18.8

  =================================================================
  🎯 TARGET HIT — #93 TSLA260515P00440000
      Entry: $3.80 → Current: $12.05
      P&L: +$825.00 (+217.1%)
  =================================================================
  ✅ Position auto-closed at TARGET

  🔴 #94 SPY260518C00713000  [▶ OPEN]
      Entry: $35.41 │ Bid: $27.32  Mid: $27.72  Ask: $28.12
      P&L: $-769.00 (-21.7%) │ Target: $70.82  Stop: $17.70  DTE: 3d
      💭 $7.5M call premium into SPY 713 strike with zero DTE and 4.8 score in ...
      🌍 SPY +0.00%  QQQ +0.00%  VIX 18.8

  🔴 #95 TSLA260518C00432500  [⏸ TRACKING]
      Entry: $14.15 │ Bid: $5.45  Mid: $5.55  Ask: $5.65
      P&L: $-860.00 (-60.8%) │ Target: $28.30  Stop: $7.08  DTE: 3d
      ⚠️  Stop was triggered — continuing to track for data
      💭 $5.4M premium accumulated on 432.50 calls with zero DTE and 100% bulli...
      🌍 SPY +0.00%  QQQ +0.00%  VIX 18.8

  ⏳ Next check in 3 minutes...
