
[Session started: 2026-04-29 05:22:12]

=================================================================
  📡 POSITION MONITOR
  Started: 2026-04-29 05:22:12 EDT
  Check interval: every 3 minutes
  Auto-close: TARGET and STOP hits executed automatically
  Press Ctrl+C to stop
=================================================================

  Market closed. Next open: 2026-04-29 09:29 EDT (4h 7m)
  Sleeping until market open...

  =================================================================
  📊 SESSION SUMMARY — 2026-04-29 05:22 EDT
  =================================================================
  Price checks run:    0
  Auto-closes today:   0
  Open positions:      0
  Total P&L:           $-1,148.50
  Win rate:            0.0%  (0W/3L)
  =================================================================

  Market closed. Next open: 2026-04-29 09:29 EDT (3h 7m)
  Sleeping until market open...

  =================================================================
  📊 SESSION SUMMARY — 2026-04-29 06:22 EDT
  =================================================================
  Price checks run:    0
  Auto-closes today:   0
  Open positions:      0
  Total P&L:           $-1,148.50
  Win rate:            0.0%  (0W/3L)
  =================================================================

  Market closed. Next open: 2026-04-29 09:29 EDT (2h 7m)
  Sleeping until market open...

  =================================================================
  📊 SESSION SUMMARY — 2026-04-29 07:22 EDT
  =================================================================
  Price checks run:    0
  Auto-closes today:   0
  Open positions:      0
  Total P&L:           $-1,148.50
  Win rate:            0.0%  (0W/3L)
  =================================================================

  Market closed. Next open: 2026-04-29 09:29 EDT (1h 7m)
  Sleeping until market open...

  =================================================================
  📊 SESSION SUMMARY — 2026-04-29 08:22 EDT
  =================================================================
  Price checks run:    0
  Auto-closes today:   0
  Open positions:      0
  Total P&L:           $-1,148.50
  Win rate:            0.0%  (0W/3L)
  =================================================================

  Market closed. Next open: 2026-04-29 09:29 EDT (0h 7m)
  Sleeping until market open...

  =================================================================
  📊 SESSION SUMMARY — 2026-04-29 09:22 EDT
  =================================================================
  Price checks run:    0
  Auto-closes today:   0
  Open positions:      0
  Total P&L:           $-1,148.50
  Win rate:            0.0%  (0W/3L)
  =================================================================

  Market closed. Next open: 2026-04-29 09:29 EDT (0h 0m)
  Sleeping until market open...

  =================================================================
  📊 SESSION SUMMARY — 2026-04-29 09:29 EDT
  =================================================================
  Price checks run:    0
  Auto-closes today:   0
  Open positions:      0
  Total P&L:           $-1,148.50
  Win rate:            0.0%  (0W/3L)
  =================================================================

  Market closed. Next open: 2026-04-29 09:29 EDT (0h 0m)
  Sleeping until market open...

  =================================================================
  📊 SESSION SUMMARY — 2026-04-29 09:29 EDT
  =================================================================
  Price checks run:    0
  Auto-closes today:   0
  Open positions:      0
  Total P&L:           $-1,148.50
  Win rate:            0.0%  (0W/3L)
  =================================================================

  Market closed. Next open: 2026-04-29 09:29 EDT (0h 0m)
  Sleeping until market open...

  =================================================================
  📊 SESSION SUMMARY — 2026-04-29 09:29 EDT
  =================================================================
  Price checks run:    0
  Auto-closes today:   0
  Open positions:      0
  Total P&L:           $-1,148.50
  Win rate:            0.0%  (0W/3L)
  =================================================================

  Market closed. Next open: 2026-04-29 09:29 EDT (0h 0m)
  Sleeping until market open...

  =================================================================
  📊 SESSION SUMMARY — 2026-04-29 09:29 EDT
  =================================================================
  Price checks run:    0
  Auto-closes today:   0
  Open positions:      0
  Total P&L:           $-1,148.50
  Win rate:            0.0%  (0W/3L)
  =================================================================

  Market closed. Next open: 2026-04-29 09:29 EDT (0h 0m)
  Sleeping until market open...

  =================================================================
  📊 SESSION SUMMARY — 2026-04-29 09:29 EDT
  =================================================================
  Price checks run:    0
  Auto-closes today:   0
  Open positions:      0
  Total P&L:           $-1,148.50
  Win rate:            0.0%  (0W/3L)
  =================================================================

  Market closed. Next open: 2026-04-29 09:29 EDT (0h 0m)
  Sleeping until market open...

  =================================================================
  📊 SESSION SUMMARY — 2026-04-29 09:29 EDT
  =================================================================
  Price checks run:    0
  Auto-closes today:   0
  Open positions:      0
  Total P&L:           $-1,148.50
  Win rate:            0.0%  (0W/3L)
  =================================================================

  Market closed. Next open: 2026-04-29 09:29 EDT (0h 0m)
  Sleeping until market open...

  =================================================================
  📊 SESSION SUMMARY — 2026-04-29 09:29 EDT
  =================================================================
  Price checks run:    0
  Auto-closes today:   0
  Open positions:      0
  Total P&L:           $-1,148.50
  Win rate:            0.0%  (0W/3L)
  =================================================================

  Market closed. Next open: 2026-04-29 09:29 EDT (0h 0m)
  Sleeping until market open...

  =================================================================
  📊 SESSION SUMMARY — 2026-04-29 09:29 EDT
  =================================================================
  Price checks run:    0
  Auto-closes today:   0
  Open positions:      0
  Total P&L:           $-1,148.50
  Win rate:            0.0%  (0W/3L)
  =================================================================

  Market closed. Next open: 2026-04-29 09:29 EDT (0h 0m)
  Sleeping until market open...

  =================================================================
  📊 SESSION SUMMARY — 2026-04-29 09:29 EDT
  =================================================================
  Price checks run:    0
  Auto-closes today:   0
  Open positions:      0
  Total P&L:           $-1,148.50
  Win rate:            0.0%  (0W/3L)
  =================================================================

  Market closed. Next open: 2026-04-29 09:29 EDT (0h 0m)
  Sleeping until market open...

  =================================================================
  📊 SESSION SUMMARY — 2026-04-29 09:29 EDT
  =================================================================
  Price checks run:    0
  Auto-closes today:   0
  Open positions:      0
  Total P&L:           $-1,148.50
  Win rate:            0.0%  (0W/3L)
  =================================================================

  Market closed. Next open: 2026-04-29 09:29 EDT (0h 0m)
  Sleeping until market open...

  =================================================================
  📊 SESSION SUMMARY — 2026-04-29 09:29 EDT
  =================================================================
  Price checks run:    0
  Auto-closes today:   0
  Open positions:      0
  Total P&L:           $-1,148.50
  Win rate:            0.0%  (0W/3L)
  =================================================================

  Market closed. Next open: 2026-04-29 09:29 EDT (0h 0m)
  Sleeping until market open...

  =================================================================
  📊 SESSION SUMMARY — 2026-04-29 09:29 EDT
  =================================================================
  Price checks run:    0
  Auto-closes today:   0
  Open positions:      0
  Total P&L:           $-1,148.50
  Win rate:            0.0%  (0W/3L)
  =================================================================

  Market closed. Next open: 2026-04-29 09:29 EDT (0h 0m)
  Sleeping until market open...

  =================================================================
  📊 SESSION SUMMARY — 2026-04-29 09:29 EDT
  =================================================================
  Price checks run:    0
  Auto-closes today:   0
  Open positions:      0
  Total P&L:           $-1,148.50
  Win rate:            0.0%  (0W/3L)
  =================================================================

  Market closed. Next open: 2026-04-29 09:29 EDT (0h 0m)
  Sleeping until market open...

  =================================================================
  📊 SESSION SUMMARY — 2026-04-29 09:29 EDT
  =================================================================
  Price checks run:    0
  Auto-closes today:   0
  Open positions:      0
  Total P&L:           $-1,148.50
  Win rate:            0.0%  (0W/3L)
  =================================================================

  Market closed. Next open: 2026-04-29 09:29 EDT (0h 0m)
  Sleeping until market open...

  =================================================================
  📊 SESSION SUMMARY — 2026-04-29 09:29 EDT
  =================================================================
  Price checks run:    0
  Auto-closes today:   0
  Open positions:      0
  Total P&L:           $-1,148.50
  Win rate:            0.0%  (0W/3L)
  =================================================================

  Market closed. Next open: 2026-04-29 09:29 EDT (0h 0m)
  Sleeping until market open...

  =================================================================
  📊 SESSION SUMMARY — 2026-04-29 09:29 EDT
  =================================================================
  Price checks run:    0
  Auto-closes today:   0
  Open positions:      0
  Total P&L:           $-1,148.50
  Win rate:            0.0%  (0W/3L)
  =================================================================

  Market closed. Next open: 2026-04-29 09:29 EDT (0h 0m)
  Sleeping until market open...

  =================================================================
  📊 SESSION SUMMARY — 2026-04-29 09:29 EDT
  =================================================================
  Price checks run:    0
  Auto-closes today:   0
  Open positions:      0
  Total P&L:           $-1,148.50
  Win rate:            0.0%  (0W/3L)
  =================================================================

  Market closed. Next open: 2026-04-29 09:29 EDT (0h 0m)
  Sleeping until market open...

  =================================================================
  📊 SESSION SUMMARY — 2026-04-29 09:29 EDT
  =================================================================
  Price checks run:    0
  Auto-closes today:   0
  Open positions:      0
  Total P&L:           $-1,148.50
  Win rate:            0.0%  (0W/3L)
  =================================================================

  Market closed. Next open: 2026-04-29 09:29 EDT (0h 0m)
  Sleeping until market open...

  =================================================================
  📊 SESSION SUMMARY — 2026-04-29 09:29 EDT
  =================================================================
  Price checks run:    0
  Auto-closes today:   0
  Open positions:      0
  Total P&L:           $-1,148.50
  Win rate:            0.0%  (0W/3L)
  =================================================================

  Market closed. Next open: 2026-04-29 09:29 EDT (0h 0m)
  Sleeping until market open...

  =================================================================
  📊 SESSION SUMMARY — 2026-04-29 09:29 EDT
  =================================================================
  Price checks run:    0
  Auto-closes today:   0
  Open positions:      0
  Total P&L:           $-1,148.50
  Win rate:            0.0%  (0W/3L)
  =================================================================

  Market closed. Next open: 2026-04-29 09:29 EDT (0h 0m)
  Sleeping until market open...

  =================================================================
  📊 SESSION SUMMARY — 2026-04-29 09:29 EDT
  =================================================================
  Price checks run:    0
  Auto-closes today:   0
  Open positions:      0
  Total P&L:           $-1,148.50
  Win rate:            0.0%  (0W/3L)
  =================================================================

  Market closed. Next open: 2026-04-29 09:29 EDT (0h 0m)
  Sleeping until market open...

  =================================================================
  📊 SESSION SUMMARY — 2026-04-29 09:29 EDT
  =================================================================
  Price checks run:    0
  Auto-closes today:   0
  Open positions:      0
  Total P&L:           $-1,148.50
  Win rate:            0.0%  (0W/3L)
  =================================================================

  Market closed. Next open: 2026-04-29 09:29 EDT (0h 0m)
  Sleeping until market open...

  =================================================================
  📊 SESSION SUMMARY — 2026-04-29 09:29 EDT
  =================================================================
  Price checks run:    0
  Auto-closes today:   0
  Open positions:      0
  Total P&L:           $-1,148.50
  Win rate:            0.0%  (0W/3L)
  =================================================================

  Market closed. Next open: 2026-04-29 09:29 EDT (0h 0m)
  Sleeping until market open...

  =================================================================
  📊 SESSION SUMMARY — 2026-04-29 09:29 EDT
  =================================================================
  Price checks run:    0
  Auto-closes today:   0
  Open positions:      0
  Total P&L:           $-1,148.50
  Win rate:            0.0%  (0W/3L)
  =================================================================

  Market closed. Next open: 2026-04-29 09:29 EDT (0h 0m)
  Sleeping until market open...

  =================================================================
  📊 SESSION SUMMARY — 2026-04-29 09:29 EDT
  =================================================================
  Price checks run:    0
  Auto-closes today:   0
  Open positions:      0
  Total P&L:           $-1,148.50
  Win rate:            0.0%  (0W/3L)
  =================================================================

  Market closed. Next open: 2026-04-29 09:29 EDT (0h 0m)
  Sleeping until market open...

  =================================================================
  📊 SESSION SUMMARY — 2026-04-29 09:29 EDT
  =================================================================
  Price checks run:    0
  Auto-closes today:   0
  Open positions:      0
  Total P&L:           $-1,148.50
  Win rate:            0.0%  (0W/3L)
  =================================================================

  Market closed. Next open: 2026-04-29 09:29 EDT (0h 0m)
  Sleeping until market open...

  =================================================================
  📊 SESSION SUMMARY — 2026-04-29 09:29 EDT
  =================================================================
  Price checks run:    0
  Auto-closes today:   0
  Open positions:      0
  Total P&L:           $-1,148.50
  Win rate:            0.0%  (0W/3L)
  =================================================================

  Market closed. Next open: 2026-04-29 09:29 EDT (0h 0m)
  Sleeping until market open...

  =================================================================
  📊 SESSION SUMMARY — 2026-04-29 09:29 EDT
  =================================================================
  Price checks run:    0
  Auto-closes today:   0
  Open positions:      0
  Total P&L:           $-1,148.50
  Win rate:            0.0%  (0W/3L)
  =================================================================

  Market closed. Next open: 2026-04-29 09:29 EDT (0h 0m)
  Sleeping until market open...

  =================================================================
  📊 SESSION SUMMARY — 2026-04-29 09:29 EDT
  =================================================================
  Price checks run:    0
  Auto-closes today:   0
  Open positions:      0
  Total P&L:           $-1,148.50
  Win rate:            0.0%  (0W/3L)
  =================================================================

  Market closed. Next open: 2026-04-29 09:29 EDT (0h 0m)
  Sleeping until market open...

  =================================================================
  📊 SESSION SUMMARY — 2026-04-29 09:29 EDT
  =================================================================
  Price checks run:    0
  Auto-closes today:   0
  Open positions:      0
  Total P&L:           $-1,148.50
  Win rate:            0.0%  (0W/3L)
  =================================================================

  Market closed. Next open: 2026-04-29 09:29 EDT (0h 0m)
  Sleeping until market open...

  =================================================================
  📊 SESSION SUMMARY — 2026-04-29 09:29 EDT
  =================================================================
  Price checks run:    0
  Auto-closes today:   0
  Open positions:      0
  Total P&L:           $-1,148.50
  Win rate:            0.0%  (0W/3L)
  =================================================================

  Market closed. Next open: 2026-04-29 09:29 EDT (0h 0m)
  Sleeping until market open...

  =================================================================
  📊 SESSION SUMMARY — 2026-04-29 09:29 EDT
  =================================================================
  Price checks run:    0
  Auto-closes today:   0
  Open positions:      0
  Total P&L:           $-1,148.50
  Win rate:            0.0%  (0W/3L)
  =================================================================

  Market closed. Next open: 2026-04-29 09:29 EDT (0h 0m)
  Sleeping until market open...

  =================================================================
  📊 SESSION SUMMARY — 2026-04-29 09:29 EDT
  =================================================================
  Price checks run:    0
  Auto-closes today:   0
  Open positions:      0
  Total P&L:           $-1,148.50
  Win rate:            0.0%  (0W/3L)
  =================================================================

  Market closed. Next open: 2026-04-29 09:29 EDT (0h 0m)
  Sleeping until market open...

  =================================================================
  📊 SESSION SUMMARY — 2026-04-29 09:29 EDT
  =================================================================
  Price checks run:    0
  Auto-closes today:   0
  Open positions:      0
  Total P&L:           $-1,148.50
  Win rate:            0.0%  (0W/3L)
  =================================================================

  Market closed. Next open: 2026-04-29 09:29 EDT (0h 0m)
  Sleeping until market open...

  =================================================================
  📊 SESSION SUMMARY — 2026-04-29 09:29 EDT
  =================================================================
  Price checks run:    0
  Auto-closes today:   0
  Open positions:      0
  Total P&L:           $-1,148.50
  Win rate:            0.0%  (0W/3L)
  =================================================================

  Market closed. Next open: 2026-04-29 09:29 EDT (0h 0m)
  Sleeping until market open...

  =================================================================
  📊 SESSION SUMMARY — 2026-04-29 09:29 EDT
  =================================================================
  Price checks run:    0
  Auto-closes today:   0
  Open positions:      0
  Total P&L:           $-1,148.50
  Win rate:            0.0%  (0W/3L)
  =================================================================

  Market closed. Next open: 2026-04-29 09:29 EDT (0h 0m)
  Sleeping until market open...

  =================================================================
  📊 SESSION SUMMARY — 2026-04-29 09:29 EDT
  =================================================================
  Price checks run:    0
  Auto-closes today:   0
  Open positions:      0
  Total P&L:           $-1,148.50
  Win rate:            0.0%  (0W/3L)
  =================================================================

  Market closed. Next open: 2026-04-29 09:29 EDT (0h 0m)
  Sleeping until market open...

  =================================================================
  📊 SESSION SUMMARY — 2026-04-29 09:29 EDT
  =================================================================
  Price checks run:    0
  Auto-closes today:   0
  Open positions:      0
  Total P&L:           $-1,148.50
  Win rate:            0.0%  (0W/3L)
  =================================================================

  Market closed. Next open: 2026-04-29 09:29 EDT (0h 0m)
  Sleeping until market open...

  =================================================================
  📊 SESSION SUMMARY — 2026-04-29 09:29 EDT
  =================================================================
  Price checks run:    0
  Auto-closes today:   0
  Open positions:      0
  Total P&L:           $-1,148.50
  Win rate:            0.0%  (0W/3L)
  =================================================================

  Market closed. Next open: 2026-04-29 09:29 EDT (0h 0m)
  Sleeping until market open...

  =================================================================
  📊 SESSION SUMMARY — 2026-04-29 09:29 EDT
  =================================================================
  Price checks run:    0
  Auto-closes today:   0
  Open positions:      0
  Total P&L:           $-1,148.50
  Win rate:            0.0%  (0W/3L)
  =================================================================

  Market closed. Next open: 2026-04-29 09:29 EDT (0h 0m)
  Sleeping until market open...

  =================================================================
  📊 SESSION SUMMARY — 2026-04-29 09:29 EDT
  =================================================================
  Price checks run:    0
  Auto-closes today:   0
  Open positions:      0
  Total P&L:           $-1,148.50
  Win rate:            0.0%  (0W/3L)
  =================================================================

  Market closed. Next open: 2026-04-29 09:29 EDT (0h 0m)
  Sleeping until market open...

  =================================================================
  📊 SESSION SUMMARY — 2026-04-29 09:29 EDT
  =================================================================
  Price checks run:    0
  Auto-closes today:   0
  Open positions:      0
  Total P&L:           $-1,148.50
  Win rate:            0.0%  (0W/3L)
  =================================================================

  09:30:00 — No open positions. Sleeping 3m...

  09:33:00 — No open positions. Sleeping 3m...

  09:36:00 — No open positions. Sleeping 3m...

  09:39:00 — No open positions. Sleeping 3m...

  09:42:00 — No open positions. Sleeping 3m...

  09:45:00 — No open positions. Sleeping 3m...

  09:48:00 — No open positions. Sleeping 3m...

  09:51:00 — No open positions. Sleeping 3m...

  09:54:00 — No open positions. Sleeping 3m...

  09:57:00 — No open positions. Sleeping 3m...

  10:00:00 — No open positions. Sleeping 3m...

  10:03:00 — No open positions. Sleeping 3m...

  10:06:00 — No open positions. Sleeping 3m...

  10:09:00 — No open positions. Sleeping 3m...

  10:12:00 — No open positions. Sleeping 3m...

  10:15:00 — No open positions. Sleeping 3m...

  10:18:00 — No open positions. Sleeping 3m...

  10:21:00 — No open positions. Sleeping 3m...

  10:24:00 — No open positions. Sleeping 3m...

  10:27:00 — No open positions. Sleeping 3m...

  10:30:00 — No open positions. Sleeping 3m...

  10:33:00 — No open positions. Sleeping 3m...

  10:36:00 — No open positions. Sleeping 3m...

  10:39:00 — No open positions. Sleeping 3m...

  10:42:00 — No open positions. Sleeping 3m...

  10:45:00 — No open positions. Sleeping 3m...

  10:48:00 — No open positions. Sleeping 3m...

  10:51:00 — No open positions. Sleeping 3m...

  10:54:00 — No open positions. Sleeping 3m...

  10:57:00 — No open positions. Sleeping 3m...

  11:00:00 — No open positions. Sleeping 3m...

  11:03:00 — No open positions. Sleeping 3m...

  11:06:00 — No open positions. Sleeping 3m...

  11:09:00 — No open positions. Sleeping 3m...

  11:12:00 — No open positions. Sleeping 3m...

  11:15:00 — No open positions. Sleeping 3m...

  11:18:00 — No open positions. Sleeping 3m...

  11:21:00 — No open positions. Sleeping 3m...

  11:24:00 — No open positions. Sleeping 3m...

  11:27:00 — No open positions. Sleeping 3m...

  11:30:00 — No open positions. Sleeping 3m...

  11:33:00 — No open positions. Sleeping 3m...

  11:36:00 — No open positions. Sleeping 3m...

  11:39:00 — No open positions. Sleeping 3m...

  11:42:00 — No open positions. Sleeping 3m...

  11:45:00 — No open positions. Sleeping 3m...

  11:48:00 — No open positions. Sleeping 3m...

  11:51:00 — No open positions. Sleeping 3m...

  11:54:00 — No open positions. Sleeping 3m...

  11:57:00 — No open positions. Sleeping 3m...

  12:00:00 — No open positions. Sleeping 3m...

  12:03:00 — No open positions. Sleeping 3m...

  12:06:01 — No open positions. Sleeping 3m...

  12:09:01 — No open positions. Sleeping 3m...

  12:12:01 — No open positions. Sleeping 3m...

  12:15:01 — No open positions. Sleeping 3m...

  12:18:01 — No open positions. Sleeping 3m...

  12:21:01 — No open positions. Sleeping 3m...

  12:24:01 — No open positions. Sleeping 3m...

  12:27:01 — No open positions. Sleeping 3m...

  12:30:01 — No open positions. Sleeping 3m...

  12:33:01 — No open positions. Sleeping 3m...

  12:36:01 — No open positions. Sleeping 3m...

  12:39:01 — No open positions. Sleeping 3m...

  12:42:01 — No open positions. Sleeping 3m...

  12:45:01 — No open positions. Sleeping 3m...

  12:48:01 — No open positions. Sleeping 3m...

  12:51:01 — No open positions. Sleeping 3m...

  12:54:01 — No open positions. Sleeping 3m...

  12:57:01 — No open positions. Sleeping 3m...

  13:00:01 — No open positions. Sleeping 3m...

  13:03:01 — No open positions. Sleeping 3m...

  13:06:01 — No open positions. Sleeping 3m...

  13:09:01 — No open positions. Sleeping 3m...

  13:12:01 — No open positions. Sleeping 3m...

  13:15:01 — No open positions. Sleeping 3m...

  13:18:01 — No open positions. Sleeping 3m...

  13:21:01 — No open positions. Sleeping 3m...

  13:24:01 — No open positions. Sleeping 3m...

  13:27:01 — No open positions. Sleeping 3m...

  13:30:01 — No open positions. Sleeping 3m...

  13:33:01 — No open positions. Sleeping 3m...

  13:36:01 — No open positions. Sleeping 3m...

  13:39:01 — No open positions. Sleeping 3m...

  13:42:01 — No open positions. Sleeping 3m...

  13:45:01 — No open positions. Sleeping 3m...

  13:48:01 — No open positions. Sleeping 3m...

  13:51:01 — No open positions. Sleeping 3m...

  13:54:01 — No open positions. Sleeping 3m...

  13:57:01 — No open positions. Sleeping 3m...

  14:00:01 — No open positions. Sleeping 3m...

  14:03:01 — No open positions. Sleeping 3m...

  14:06:01 — No open positions. Sleeping 3m...

  14:09:01 — No open positions. Sleeping 3m...

  14:12:01 — No open positions. Sleeping 3m...

  14:15:01 — No open positions. Sleeping 3m...

  14:18:01 — No open positions. Sleeping 3m...

  14:21:01 — No open positions. Sleeping 3m...

  14:24:01 — No open positions. Sleeping 3m...

  14:27:03 — No open positions. Sleeping 3m...

  14:30:03 — No open positions. Sleeping 3m...

  14:33:03 — No open positions. Sleeping 3m...

  14:36:03 — No open positions. Sleeping 3m...

  14:39:03 — No open positions. Sleeping 3m...

  14:42:03 — No open positions. Sleeping 3m...

  14:45:03 — No open positions. Sleeping 3m...

  14:48:03 — No open positions. Sleeping 3m...

  14:51:03 — No open positions. Sleeping 3m...

  14:54:04 — No open positions. Sleeping 3m...

  14:57:04 — No open positions. Sleeping 3m...

  15:00:04 — No open positions. Sleeping 3m...

  15:03:04 — No open positions. Sleeping 3m...

  15:06:04 — No open positions. Sleeping 3m...

  15:09:04 — No open positions. Sleeping 3m...

  15:12:04 — No open positions. Sleeping 3m...

  15:15:04 — No open positions. Sleeping 3m...

  15:18:04 — No open positions. Sleeping 3m...

  15:21:04 — No open positions. Sleeping 3m...

  15:24:04 — No open positions. Sleeping 3m...

  15:27:04 — No open positions. Sleeping 3m...

  15:30:04 — No open positions. Sleeping 3m...

  15:33:04 — No open positions. Sleeping 3m...

  15:36:04 — No open positions. Sleeping 3m...

  15:39:04 — No open positions. Sleeping 3m...

  15:42:04 — No open positions. Sleeping 3m...

  15:45:04 — No open positions. Sleeping 3m...

  15:48:04 — No open positions. Sleeping 3m...

  15:51:04 — No open positions. Sleeping 3m...

  15:54:04 — No open positions. Sleeping 3m...

  15:57:04 — No open positions. Sleeping 3m...

  Market closed. Next open: 2026-04-30 09:29 EDT (17h 29m)
  Sleeping until market open...

  =================================================================
  📊 SESSION SUMMARY — 2026-04-29 16:00 EDT
  =================================================================
  Price checks run:    0
  Auto-closes today:   0
  Open positions:      0
  Total P&L:           $-1,148.50
  Win rate:            0.0%  (0W/3L)
  =================================================================

  Market closed. Next open: 2026-04-30 09:29 EDT (16h 29m)
  Sleeping until market open...

  =================================================================
  📊 SESSION SUMMARY — 2026-04-29 17:00 EDT
  =================================================================
  Price checks run:    0
  Auto-closes today:   0
  Open positions:      0
  Total P&L:           $-1,148.50
  Win rate:            0.0%  (0W/3L)
  =================================================================

  Market closed. Next open: 2026-04-30 09:29 EDT (15h 29m)
  Sleeping until market open...

  =================================================================
  📊 SESSION SUMMARY — 2026-04-29 18:00 EDT
  =================================================================
  Price checks run:    0
  Auto-closes today:   0
  Open positions:      0
  Total P&L:           $-1,148.50
  Win rate:            0.0%  (0W/3L)
  =================================================================

  Market closed. Next open: 2026-04-30 09:29 EDT (14h 29m)
  Sleeping until market open...

  =================================================================
  📊 SESSION SUMMARY — 2026-04-29 19:00 EDT
  =================================================================
  Price checks run:    0
  Auto-closes today:   0
  Open positions:      0
  Total P&L:           $-1,148.50
  Win rate:            0.0%  (0W/3L)
  =================================================================

[Session started: 2026-04-29 21:00:29]

=================================================================
  📡 POSITION MONITOR
  Started: 2026-04-29 21:00:33 EDT
  Check interval: every 3 minutes
  Auto-close: TARGET and STOP hits executed automatically
  Press Ctrl+C to stop
=================================================================

  Market closed. Next open: 2026-04-30 09:29 EDT (12h 29m)
  Sleeping until market open...

  =================================================================
  📊 SESSION SUMMARY — 2026-04-29 21:00 EDT
  =================================================================
  Price checks run:    0
  Auto-closes today:   0
  Open positions:      0
  Total P&L:           $-1,148.50
  Win rate:            0.0%  (0W/3L)
  =================================================================

  Market closed. Next open: 2026-04-30 09:29 EDT (8h 35m)
  Sleeping until market open...

  =================================================================
  📊 SESSION SUMMARY — 2026-04-30 00:54 EDT
  =================================================================
  Price checks run:    0
  Auto-closes today:   0
  Open positions:      0
  Total P&L:           $-1,148.50
  Win rate:            0.0%  (0W/3L)
  =================================================================

  Market closed. Next open: 2026-04-30 09:29 EDT (1h 54m)
  Sleeping until market open...

  =================================================================
  📊 SESSION SUMMARY — 2026-04-30 07:35 EDT
  =================================================================
  Price checks run:    0
  Auto-closes today:   0
  Open positions:      0
  Total P&L:           $-1,148.50
  Win rate:            0.0%  (0W/3L)
  =================================================================

  Market closed. Next open: 2026-04-30 09:29 EDT (0h 54m)
  Sleeping until market open...

  =================================================================
  📊 SESSION SUMMARY — 2026-04-30 08:35 EDT
  =================================================================
  Price checks run:    0
  Auto-closes today:   0
  Open positions:      0
  Total P&L:           $-1,148.50
  Win rate:            0.0%  (0W/3L)
  =================================================================

  Market closed. Next open: 2026-04-30 09:29 EDT (0h 0m)
  Sleeping until market open...

  =================================================================
  📊 SESSION SUMMARY — 2026-04-30 09:29 EDT
  =================================================================
  Price checks run:    0
  Auto-closes today:   0
  Open positions:      0
  Total P&L:           $-1,148.50
  Win rate:            0.0%  (0W/3L)
  =================================================================

  Market closed. Next open: 2026-04-30 09:29 EDT (0h 0m)
  Sleeping until market open...

  =================================================================
  📊 SESSION SUMMARY — 2026-04-30 09:29 EDT
  =================================================================
  Price checks run:    0
  Auto-closes today:   0
  Open positions:      0
  Total P&L:           $-1,148.50
  Win rate:            0.0%  (0W/3L)
  =================================================================

  Market closed. Next open: 2026-04-30 09:29 EDT (0h 0m)
  Sleeping until market open...

  =================================================================
  📊 SESSION SUMMARY — 2026-04-30 09:29 EDT
  =================================================================
  Price checks run:    0
  Auto-closes today:   0
  Open positions:      0
  Total P&L:           $-1,148.50
  Win rate:            0.0%  (0W/3L)
  =================================================================

  Market closed. Next open: 2026-04-30 09:29 EDT (0h 0m)
  Sleeping until market open...

  =================================================================
  📊 SESSION SUMMARY — 2026-04-30 09:29 EDT
  =================================================================
  Price checks run:    0
  Auto-closes today:   0
  Open positions:      0
  Total P&L:           $-1,148.50
  Win rate:            0.0%  (0W/3L)
  =================================================================

  Market closed. Next open: 2026-04-30 09:29 EDT (0h 0m)
  Sleeping until market open...

  =================================================================
  📊 SESSION SUMMARY — 2026-04-30 09:29 EDT
  =================================================================
  Price checks run:    0
  Auto-closes today:   0
  Open positions:      0
  Total P&L:           $-1,148.50
  Win rate:            0.0%  (0W/3L)
  =================================================================

  Market closed. Next open: 2026-04-30 09:29 EDT (0h 0m)
  Sleeping until market open...

  =================================================================
  📊 SESSION SUMMARY — 2026-04-30 09:29 EDT
  =================================================================
  Price checks run:    0
  Auto-closes today:   0
  Open positions:      0
  Total P&L:           $-1,148.50
  Win rate:            0.0%  (0W/3L)
  =================================================================

  09:30:00 — No open positions. Sleeping 3m...

  09:33:00 — No open positions. Sleeping 3m...

  09:36:00 — No open positions. Sleeping 3m...

  09:39:00 — No open positions. Sleeping 3m...

  09:42:00 — No open positions. Sleeping 3m...

  09:45:00 — No open positions. Sleeping 3m...

  09:48:00 — No open positions. Sleeping 3m...

  09:51:00 — No open positions. Sleeping 3m...

  09:54:00 — No open positions. Sleeping 3m...

  09:57:00 — No open positions. Sleeping 3m...

  10:00:00 — No open positions. Sleeping 3m...

  10:03:01 — No open positions. Sleeping 3m...

  10:06:02 — No open positions. Sleeping 3m...

  10:09:02 — No open positions. Sleeping 3m...

  10:12:02 — No open positions. Sleeping 3m...

  10:15:02 — No open positions. Sleeping 3m...

  10:18:02 — No open positions. Sleeping 3m...

  10:21:02 — No open positions. Sleeping 3m...

  10:24:02 — No open positions. Sleeping 3m...

  10:27:02 — No open positions. Sleeping 3m...

  10:30:02 — No open positions. Sleeping 3m...

  10:33:02 — No open positions. Sleeping 3m...

  10:36:02 — No open positions. Sleeping 3m...

  10:39:02 — No open positions. Sleeping 3m...

  10:42:02 — No open positions. Sleeping 3m...

  10:45:02 — No open positions. Sleeping 3m...

  10:48:02 — No open positions. Sleeping 3m...

  10:51:02 — No open positions. Sleeping 3m...

  10:54:02 — No open positions. Sleeping 3m...

  10:57:02 — No open positions. Sleeping 3m...

  11:00:02 — No open positions. Sleeping 3m...

  11:03:02 — No open positions. Sleeping 3m...

  11:06:02 — No open positions. Sleeping 3m...

  11:09:02 — No open positions. Sleeping 3m...

  11:12:02 — No open positions. Sleeping 3m...

  11:15:02 — No open positions. Sleeping 3m...

  11:18:02 — No open positions. Sleeping 3m...

  11:21:02 — No open positions. Sleeping 3m...

  11:24:02 — No open positions. Sleeping 3m...

  11:27:02 — No open positions. Sleeping 3m...

  11:30:02 — No open positions. Sleeping 3m...

  11:33:02 — No open positions. Sleeping 3m...

  11:36:02 — No open positions. Sleeping 3m...

  11:39:02 — No open positions. Sleeping 3m...

  11:42:02 — No open positions. Sleeping 3m...

  11:45:02 — No open positions. Sleeping 3m...

  11:48:02 — No open positions. Sleeping 3m...

  11:51:02 — No open positions. Sleeping 3m...

  11:54:02 — No open positions. Sleeping 3m...

  11:57:02 — No open positions. Sleeping 3m...

  12:00:02 — No open positions. Sleeping 3m...

  12:03:02 — No open positions. Sleeping 3m...

  12:06:02 — No open positions. Sleeping 3m...

  12:09:02 — No open positions. Sleeping 3m...

  12:12:02 — No open positions. Sleeping 3m...

  12:15:02 — No open positions. Sleeping 3m...

  12:18:02 — No open positions. Sleeping 3m...

  12:21:02 — No open positions. Sleeping 3m...

  12:24:02 — No open positions. Sleeping 3m...

  12:27:02 — No open positions. Sleeping 3m...

  12:30:02 — No open positions. Sleeping 3m...

  12:33:02 — No open positions. Sleeping 3m...

  12:36:02 — No open positions. Sleeping 3m...

  12:39:02 — No open positions. Sleeping 3m...

  12:42:02 — No open positions. Sleeping 3m...

  12:45:03 — No open positions. Sleeping 3m...

  12:48:03 — No open positions. Sleeping 3m...

  12:51:03 — No open positions. Sleeping 3m...

  12:54:03 — No open positions. Sleeping 3m...

  12:57:03 — No open positions. Sleeping 3m...

  13:00:03 — No open positions. Sleeping 3m...

  13:03:03 — No open positions. Sleeping 3m...

  13:06:03 — No open positions. Sleeping 3m...

  13:09:03 — No open positions. Sleeping 3m...

  13:12:03 — No open positions. Sleeping 3m...

  13:15:03 — No open positions. Sleeping 3m...

  13:18:03 — No open positions. Sleeping 3m...

  13:21:03 — No open positions. Sleeping 3m...

  13:24:03 — No open positions. Sleeping 3m...

  13:27:03 — No open positions. Sleeping 3m...

  13:30:03 — No open positions. Sleeping 3m...

  13:33:03 — No open positions. Sleeping 3m...

  13:36:03 — No open positions. Sleeping 3m...

  13:39:03 — No open positions. Sleeping 3m...

  13:42:03 — No open positions. Sleeping 3m...

  13:45:03 — No open positions. Sleeping 3m...

  13:48:03 — No open positions. Sleeping 3m...

  13:51:03 — No open positions. Sleeping 3m...

  13:54:03 — No open positions. Sleeping 3m...

  13:57:03 — No open positions. Sleeping 3m...

  14:00:03 — No open positions. Sleeping 3m...

  14:03:03 — No open positions. Sleeping 3m...

  14:06:03 — No open positions. Sleeping 3m...

  14:09:03 — No open positions. Sleeping 3m...

  14:12:03 — No open positions. Sleeping 3m...

  14:15:03 — No open positions. Sleeping 3m...

  14:18:03 — No open positions. Sleeping 3m...

  14:21:03 — No open positions. Sleeping 3m...

  14:24:03 — No open positions. Sleeping 3m...

  14:27:03 — No open positions. Sleeping 3m...

  14:30:03 — No open positions. Sleeping 3m...

  14:33:03 — No open positions. Sleeping 3m...

  14:36:03 — No open positions. Sleeping 3m...

  14:39:04 — No open positions. Sleeping 3m...

  14:42:04 — No open positions. Sleeping 3m...

  14:45:04 — No open positions. Sleeping 3m...

  14:48:04 — No open positions. Sleeping 3m...

  14:51:04 — No open positions. Sleeping 3m...

  14:54:04 — No open positions. Sleeping 3m...

  14:57:04 — No open positions. Sleeping 3m...

  15:00:04 — No open positions. Sleeping 3m...

  15:03:04 — No open positions. Sleeping 3m...

  15:06:04 — No open positions. Sleeping 3m...

  15:09:04 — No open positions. Sleeping 3m...

  15:12:04 — No open positions. Sleeping 3m...

  15:15:04 — No open positions. Sleeping 3m...

  15:18:04 — No open positions. Sleeping 3m...

  15:21:04 — No open positions. Sleeping 3m...

  15:24:04 — No open positions. Sleeping 3m...

  15:27:04 — No open positions. Sleeping 3m...

  15:30:04 — No open positions. Sleeping 3m...

  15:33:04 — No open positions. Sleeping 3m...

  15:36:04 — No open positions. Sleeping 3m...

  15:39:04 — No open positions. Sleeping 3m...

  15:42:04 — No open positions. Sleeping 3m...

  15:45:04 — No open positions. Sleeping 3m...

  15:48:04 — No open positions. Sleeping 3m...

  15:51:04 — No open positions. Sleeping 3m...

  15:54:04 — No open positions. Sleeping 3m...

  15:57:04 — No open positions. Sleeping 3m...

  Market closed. Next open: 2026-05-01 09:29 EDT (17h 29m)
  Sleeping until market open...

  =================================================================
  📊 SESSION SUMMARY — 2026-04-30 16:00 EDT
  =================================================================
  Price checks run:    0
  Auto-closes today:   0
  Open positions:      0
  Total P&L:           $-1,148.50
  Win rate:            0.0%  (0W/3L)
  =================================================================

  Market closed. Next open: 2026-05-01 09:29 EDT (16h 29m)
  Sleeping until market open...

  =================================================================
  📊 SESSION SUMMARY — 2026-04-30 17:00 EDT
  =================================================================
  Price checks run:    0
  Auto-closes today:   0
  Open positions:      0
  Total P&L:           $-1,148.50
  Win rate:            0.0%  (0W/3L)
  =================================================================

  Market closed. Next open: 2026-05-01 09:29 EDT (15h 29m)
  Sleeping until market open...

  =================================================================
  📊 SESSION SUMMARY — 2026-04-30 18:00 EDT
  =================================================================
  Price checks run:    0
  Auto-closes today:   0
  Open positions:      0
  Total P&L:           $-1,148.50
  Win rate:            0.0%  (0W/3L)
  =================================================================

  Market closed. Next open: 2026-05-01 09:29 EDT (14h 29m)
  Sleeping until market open...

  =================================================================
  📊 SESSION SUMMARY — 2026-04-30 19:00 EDT
  =================================================================
  Price checks run:    0
  Auto-closes today:   0
  Open positions:      0
  Total P&L:           $-1,148.50
  Win rate:            0.0%  (0W/3L)
  =================================================================
