
[Session started: 2026-05-01 16:02:24]

=======================================================
  📋 OUTCOME RECORDER
  2026-05-01 16:02:24 EDT
=======================================================

  Authenticating...
  ✓ Authenticated

  Processing today (2026-05-01)...
  Found 1023 unique contracts expiring 2026-05-01
  Fetching closing prices for 19 tickers...
  ✓ Closing prices fetched for 19 tickers

  ───────────────────────────────────────────────────────
  📊 OUTCOME RECORDING — 2026-05-01
  ───────────────────────────────────────────────────────
  Contracts processed: 1023
  Resolved:            1023
    ✅ WIN:            624
    ❌ LOSS:           399
    ➖ FLAT:           0
  Skipped (no price):  0
  Win rate:            61.0%
  ───────────────────────────────────────────────────────

  Generating daily summary...

[Session started: 2026-05-01 16:02:52]

=======================================================
  📋 OUTCOME RECORDER
  2026-05-01 16:02:52 EDT
=======================================================

  ✓ No unresolved outcomes to record
  (Market may still be open, or all outcomes already recorded)

  Generating daily summary...
