
[Session started: 2026-05-12 16:02:45]

=======================================================
  📋 OUTCOME RECORDER
  2026-05-12 16:02:45 EDT
=======================================================

  Authenticating...
  ✓ Authenticated

  Processing today (2026-05-12)...
  Found 166 unique contracts expiring 2026-05-12
  Fetching closing prices for 3 tickers...
  ✓ Closing prices fetched for 3 tickers

  ───────────────────────────────────────────────────────
  📊 OUTCOME RECORDING — 2026-05-12
  ───────────────────────────────────────────────────────
  Contracts processed: 166
  Resolved:            166
    ✅ WIN:            103
    ❌ LOSS:           63
    ➖ FLAT:           0
  Skipped (no price):  0
  Win rate:            62.0%
  ───────────────────────────────────────────────────────

  Generating daily summary...
