
[Session started: 2026-05-08 16:02:24]

=======================================================
  📋 OUTCOME RECORDER
  2026-05-08 16:02:24 EDT
=======================================================

  Authenticating...
  ✓ Authenticated

  Processing today (2026-05-08)...
  Found 995 unique contracts expiring 2026-05-08
  Fetching closing prices for 19 tickers...
  ✓ Closing prices fetched for 19 tickers

  ───────────────────────────────────────────────────────
  📊 OUTCOME RECORDING — 2026-05-08
  ───────────────────────────────────────────────────────
  Contracts processed: 995
  Resolved:            995
    ✅ WIN:            595
    ❌ LOSS:           400
    ➖ FLAT:           0
  Skipped (no price):  0
  Win rate:            59.8%
  ───────────────────────────────────────────────────────

  Generating daily summary...

[Session started: 2026-05-08 16:02:55]

=======================================================
  📋 OUTCOME RECORDER
  2026-05-08 16:02:55 EDT
=======================================================

  ✓ No unresolved outcomes to record
  (Market may still be open, or all outcomes already recorded)

  Generating daily summary...
