
[Session started: 2026-05-06 16:02:18]

=======================================================
  📋 OUTCOME RECORDER
  2026-05-06 16:02:18 EDT
=======================================================

  Authenticating...
  ✓ Authenticated

  Processing today (2026-05-06)...
  Found 456 unique contracts expiring 2026-05-06
  Fetching closing prices for 10 tickers...
  ✓ Closing prices fetched for 10 tickers

  ───────────────────────────────────────────────────────
  📊 OUTCOME RECORDING — 2026-05-06
  ───────────────────────────────────────────────────────
  Contracts processed: 456
  Resolved:            456
    ✅ WIN:            282
    ❌ LOSS:           174
    ➖ FLAT:           0
  Skipped (no price):  0
  Win rate:            61.8%
  ───────────────────────────────────────────────────────

  Generating daily summary...

[Session started: 2026-05-06 16:02:42]

=======================================================
  📋 OUTCOME RECORDER
  2026-05-06 16:02:42 EDT
=======================================================

  ✓ No unresolved outcomes to record
  (Market may still be open, or all outcomes already recorded)

  Generating daily summary...
