
[Session started: 2026-04-29 16:02:56]

=======================================================
  📋 OUTCOME RECORDER
  2026-04-29 16:02:56 EDT
=======================================================

  Authenticating...
  ✓ Authenticated

  Processing today (2026-04-29)...
  Found 324 unique contracts expiring 2026-04-29
  Fetching closing prices for 6 tickers...
  ✓ Closing prices fetched for 6 tickers

  ───────────────────────────────────────────────────────
  📊 OUTCOME RECORDING — 2026-04-29
  ───────────────────────────────────────────────────────
  Contracts processed: 324
  Resolved:            324
    ✅ WIN:            205
    ❌ LOSS:           117
    ➖ FLAT:           2
  Skipped (no price):  0
  Win rate:            63.3%
  ───────────────────────────────────────────────────────

  Generating daily summary...
