
[Session started: 2026-05-11 16:02:17]

=======================================================
  📋 OUTCOME RECORDER
  2026-05-11 16:02:17 EDT
=======================================================

  Authenticating...
  ✓ Authenticated

  Processing today (2026-05-11)...
  Found 436 unique contracts expiring 2026-05-11
  Fetching closing prices for 10 tickers...
  ✓ Closing prices fetched for 10 tickers

  ───────────────────────────────────────────────────────
  📊 OUTCOME RECORDING — 2026-05-11
  ───────────────────────────────────────────────────────
  Contracts processed: 436
  Resolved:            436
    ✅ WIN:            272
    ❌ LOSS:           164
    ➖ FLAT:           0
  Skipped (no price):  0
  Win rate:            62.4%
  ───────────────────────────────────────────────────────

  Generating daily summary...
