
[Session started: 2026-04-30 16:02:23]

=======================================================
  📋 OUTCOME RECORDER
  2026-04-30 16:02:23 EDT
=======================================================

  Authenticating...
  ✓ Authenticated

  Processing today (2026-04-30)...
  Found 206 unique contracts expiring 2026-04-30
  Fetching closing prices for 3 tickers...
  ✓ Closing prices fetched for 3 tickers

  ───────────────────────────────────────────────────────
  📊 OUTCOME RECORDING — 2026-04-30
  ───────────────────────────────────────────────────────
  Contracts processed: 206
  Resolved:            206
    ✅ WIN:            126
    ❌ LOSS:           79
    ➖ FLAT:           1
  Skipped (no price):  0
  Win rate:            61.2%
  ───────────────────────────────────────────────────────

  Generating daily summary...

[Session started: 2026-04-30 16:02:52]

=======================================================
  📋 OUTCOME RECORDER
  2026-04-30 16:02:52 EDT
=======================================================

  ✓ No unresolved outcomes to record
  (Market may still be open, or all outcomes already recorded)

  Generating daily summary...
