
[Session started: 2026-05-05 16:02:26]

=======================================================
  📋 OUTCOME RECORDER
  2026-05-05 16:02:26 EDT
=======================================================

  Authenticating...
  ✓ Authenticated

  Processing today (2026-05-05)...
  Found 179 unique contracts expiring 2026-05-05
  Fetching closing prices for 3 tickers...
  ✓ Closing prices fetched for 3 tickers

  ───────────────────────────────────────────────────────
  📊 OUTCOME RECORDING — 2026-05-05
  ───────────────────────────────────────────────────────
  Contracts processed: 179
  Resolved:            179
    ✅ WIN:            108
    ❌ LOSS:           71
    ➖ FLAT:           0
  Skipped (no price):  0
  Win rate:            60.3%
  ───────────────────────────────────────────────────────

  Generating daily summary...

[Session started: 2026-05-05 16:02:54]

=======================================================
  📋 OUTCOME RECORDER
  2026-05-05 16:02:54 EDT
=======================================================

  ✓ No unresolved outcomes to record
  (Market may still be open, or all outcomes already recorded)

  Generating daily summary...
