
[Session started: 2026-05-04 16:02:32]

=======================================================
  📋 OUTCOME RECORDER
  2026-05-04 16:02:32 EDT
=======================================================

  Authenticating...
  ✓ Authenticated

  Processing today (2026-05-04)...
  Found 511 unique contracts expiring 2026-05-04
  Fetching closing prices for 10 tickers...
  ✓ Closing prices fetched for 10 tickers

  ───────────────────────────────────────────────────────
  📊 OUTCOME RECORDING — 2026-05-04
  ───────────────────────────────────────────────────────
  Contracts processed: 511
  Resolved:            511
    ✅ WIN:            308
    ❌ LOSS:           203
    ➖ FLAT:           0
  Skipped (no price):  0
  Win rate:            60.3%
  ───────────────────────────────────────────────────────

  Generating daily summary...

[Session started: 2026-05-04 16:02:47]

=======================================================
  📋 OUTCOME RECORDER
  2026-05-04 16:02:47 EDT
=======================================================

  ✓ No unresolved outcomes to record
  (Market may still be open, or all outcomes already recorded)

  Generating daily summary...
