
[Session started: 2026-05-07 16:02:25]

=======================================================
  📋 OUTCOME RECORDER
  2026-05-07 16:02:25 EDT
=======================================================

  Authenticating...
  ✓ Authenticated

  Processing today (2026-05-07)...
  Found 177 unique contracts expiring 2026-05-07
  Fetching closing prices for 3 tickers...
  ✓ Closing prices fetched for 3 tickers

  ───────────────────────────────────────────────────────
  📊 OUTCOME RECORDING — 2026-05-07
  ───────────────────────────────────────────────────────
  Contracts processed: 177
  Resolved:            177
    ✅ WIN:            104
    ❌ LOSS:           73
    ➖ FLAT:           0
  Skipped (no price):  0
  Win rate:            58.8%
  ───────────────────────────────────────────────────────

  Generating daily summary...

[Session started: 2026-05-07 16:02:40]

=======================================================
  📋 OUTCOME RECORDER
  2026-05-07 16:02:40 EDT
=======================================================

  ✓ No unresolved outcomes to record
  (Market may still be open, or all outcomes already recorded)

  Generating daily summary...
