
[Session started: 2026-05-07 06:02:48]

======================================================================
  🔄 OPTIONS FLOW SCANNER — SCHEDULER
  Started: 2026-05-07 06:02:48 EDT
  Scan interval: every 30 minutes during market hours
  Market hours: 9:30 — 16:00 Eastern
  Scanner: fetch_trades.py
  Press Ctrl+C to stop
======================================================================

  Market is currently closed.
  Next open: 2026-05-07 09:29 EDT (3h 27m from now)
  Sleeping until market open...

  Market is currently closed.
  Next open: 2026-05-07 09:29 EDT (2h 27m from now)
  Sleeping until market open...

  Market is currently closed.
  Next open: 2026-05-07 09:29 EDT (1h 27m from now)
  Sleeping until market open...

  Market is currently closed.
  Next open: 2026-05-07 09:29 EDT (0h 27m from now)
  Sleeping until market open...

  Market is currently closed.
  Next open: 2026-05-07 09:29 EDT (0h 0m from now)
  Sleeping until market open...

  Market is currently closed.
  Next open: 2026-05-07 09:29 EDT (0h 0m from now)
  Sleeping until market open...

  Market is currently closed.
  Next open: 2026-05-07 09:29 EDT (0h 0m from now)
  Sleeping until market open...

  Market is currently closed.
  Next open: 2026-05-07 09:29 EDT (0h 0m from now)
  Sleeping until market open...

  Market is currently closed.
  Next open: 2026-05-07 09:29 EDT (0h 0m from now)
  Sleeping until market open...

──────────────────────────────────────────────────────────────────────
  📡 SCAN #1
  2026-05-07 09:30:00 EDT
──────────────────────────────────────────────────────────────────────
  Launching scanner...

  ⏳ Next scan at 10:01:55 EDT

──────────────────────────────────────────────────────────────────────
  📡 SCAN #2
  2026-05-07 10:01:55 EDT
──────────────────────────────────────────────────────────────────────
  Launching scanner...

  ⏳ Next scan at 10:33:39 EDT

──────────────────────────────────────────────────────────────────────
  📡 SCAN #3
  2026-05-07 10:33:39 EDT
──────────────────────────────────────────────────────────────────────
  Launching scanner...

  ⏳ Next scan at 11:05:19 EDT

──────────────────────────────────────────────────────────────────────
  📡 SCAN #4
  2026-05-07 11:05:19 EDT
──────────────────────────────────────────────────────────────────────
  Launching scanner...

  ⏳ Next scan at 11:37:02 EDT

──────────────────────────────────────────────────────────────────────
  📡 SCAN #5
  2026-05-07 11:37:02 EDT
──────────────────────────────────────────────────────────────────────
  Launching scanner...

  ⏳ Next scan at 12:08:44 EDT

──────────────────────────────────────────────────────────────────────
  📡 SCAN #6
  2026-05-07 12:08:44 EDT
──────────────────────────────────────────────────────────────────────
  Launching scanner...

  ⏳ Next scan at 12:40:22 EDT

[Session started: 2026-05-07 12:16:31]

======================================================================
  🔄 OPTIONS FLOW SCANNER — SCHEDULER
  Started: 2026-05-07 12:16:31 EDT
  Scan interval: every 30 minutes during market hours
  Market hours: 9:30 — 16:00 Eastern
  Scanner: fetch_trades.py
  Press Ctrl+C to stop
======================================================================

──────────────────────────────────────────────────────────────────────
  📡 SCAN #1
  2026-05-07 12:16:31 EDT
──────────────────────────────────────────────────────────────────────
  Launching scanner...

  ⏳ Next scan at 12:47:46 EDT

──────────────────────────────────────────────────────────────────────
  📡 SCAN #7
  2026-05-07 12:40:22 EDT
──────────────────────────────────────────────────────────────────────
  Launching scanner...

  ⏳ Next scan at 13:12:04 EDT

──────────────────────────────────────────────────────────────────────
  📡 SCAN #2
  2026-05-07 12:47:46 EDT
──────────────────────────────────────────────────────────────────────
  Launching scanner...

  ⏳ Next scan at 13:19:00 EDT

──────────────────────────────────────────────────────────────────────
  📡 SCAN #8
  2026-05-07 13:12:04 EDT
──────────────────────────────────────────────────────────────────────
  Launching scanner...

  ⏳ Next scan at 13:43:50 EDT

──────────────────────────────────────────────────────────────────────
  📡 SCAN #3
  2026-05-07 13:19:00 EDT
──────────────────────────────────────────────────────────────────────
  Launching scanner...

  ⏳ Next scan at 13:50:13 EDT

──────────────────────────────────────────────────────────────────────
  📡 SCAN #9
  2026-05-07 13:43:50 EDT
──────────────────────────────────────────────────────────────────────
  Launching scanner...

  ⏳ Next scan at 14:15:27 EDT

──────────────────────────────────────────────────────────────────────
  📡 SCAN #4
  2026-05-07 13:50:13 EDT
──────────────────────────────────────────────────────────────────────
  Launching scanner...

  ⏳ Next scan at 14:21:28 EDT

──────────────────────────────────────────────────────────────────────
  📡 SCAN #10
  2026-05-07 14:15:27 EDT
──────────────────────────────────────────────────────────────────────
  Launching scanner...

  ⏳ Next scan at 14:47:12 EDT

──────────────────────────────────────────────────────────────────────
  📡 SCAN #5
  2026-05-07 14:21:28 EDT
──────────────────────────────────────────────────────────────────────
  Launching scanner...

  ⏳ Next scan at 14:52:46 EDT

──────────────────────────────────────────────────────────────────────
  📡 SCAN #11
  2026-05-07 14:47:12 EDT
──────────────────────────────────────────────────────────────────────
  Launching scanner...

  ⏳ Next scan at 15:18:58 EDT

──────────────────────────────────────────────────────────────────────
  📡 SCAN #6
  2026-05-07 14:52:46 EDT
──────────────────────────────────────────────────────────────────────
  Launching scanner...

  ⏳ Next scan at 15:24:04 EDT

──────────────────────────────────────────────────────────────────────
  📡 SCAN #12
  2026-05-07 15:18:58 EDT
──────────────────────────────────────────────────────────────────────
  Launching scanner...

  ⏳ Next scan at 15:50:43 EDT

──────────────────────────────────────────────────────────────────────
  📡 SCAN #7
  2026-05-07 15:24:04 EDT
──────────────────────────────────────────────────────────────────────
  Launching scanner...

  ⏳ Next scan at 15:55:22 EDT

──────────────────────────────────────────────────────────────────────
  📡 SCAN #13
  2026-05-07 15:50:42 EDT
──────────────────────────────────────────────────────────────────────
  Launching scanner...

  Market closing soon — final scan complete for today.

======================================================================
  📋 END OF DAY REVIEW
  2026-05-07 15:52:32 EDT
======================================================================

  Waiting until 4:01 PM for post-close settlement scan...

──────────────────────────────────────────────────────────────────────
  📡 SCAN #8
  2026-05-07 15:55:22 EDT
──────────────────────────────────────────────────────────────────────
  Launching scanner...

  Market closing soon — final scan complete for today.

======================================================================
  📋 END OF DAY REVIEW
  2026-05-07 15:56:41 EDT
======================================================================

  Waiting until 4:01 PM for post-close settlement scan...

  📡 SCAN #9 — POST-CLOSE SETTLEMENT
  Launching scanner...

  📡 SCAN #14 — POST-CLOSE SETTLEMENT
  Launching scanner...

  Recording outcomes for expiring contracts...

  Recording outcomes for expiring contracts...

[Session started: 2026-05-07 18:40:42]

======================================================================
  🔄 OPTIONS FLOW SCANNER — SCHEDULER
  Started: 2026-05-07 18:40:43 EDT
  Scan interval: every 30 minutes during market hours
  Market hours: 9:30 — 16:00 Eastern
  Scanner: fetch_trades.py
  Press Ctrl+C to stop
======================================================================

  Market is currently closed.
  Next open: 2026-05-08 09:29 EDT (14h 49m from now)
  Sleeping until market open...

  Market is currently closed.
  Next open: 2026-05-08 09:29 EDT (13h 49m from now)
  Sleeping until market open...
