
[Session started: 2026-05-14 11:28:51]

======================================================================
  🔄 OPTIONS FLOW SCANNER — SCHEDULER
  Started: 2026-05-14 11:28:56 EDT
  Scan interval: every 30 minutes during market hours
  Market hours: 9:30 — 16:00 Eastern
  Scanner: fetch_trades.py
  Press Ctrl+C to stop
======================================================================

──────────────────────────────────────────────────────────────────────
  📡 SCAN #1
  2026-05-14 11:28:56 EDT
──────────────────────────────────────────────────────────────────────
  Launching scanner...

  ⏳ Next scan at 12:00:40 EDT

──────────────────────────────────────────────────────────────────────
  📡 SCAN #2
  2026-05-14 12:00:40 EDT
──────────────────────────────────────────────────────────────────────
  Launching scanner...

  ⏳ Next scan at 12:32:15 EDT

──────────────────────────────────────────────────────────────────────
  📡 SCAN #3
  2026-05-14 12:32:15 EDT
──────────────────────────────────────────────────────────────────────
  Launching scanner...

  ⏳ Next scan at 13:03:50 EDT

──────────────────────────────────────────────────────────────────────
  📡 SCAN #4
  2026-05-14 13:03:50 EDT
──────────────────────────────────────────────────────────────────────
  Launching scanner...

  ⏳ Next scan at 13:35:23 EDT

──────────────────────────────────────────────────────────────────────
  📡 SCAN #5
  2026-05-14 13:35:23 EDT
──────────────────────────────────────────────────────────────────────
  Launching scanner...

  ⏳ Next scan at 14:07:00 EDT

──────────────────────────────────────────────────────────────────────
  📡 SCAN #6
  2026-05-14 14:07:00 EDT
──────────────────────────────────────────────────────────────────────
  Launching scanner...

  ⏳ Next scan at 14:38:35 EDT

──────────────────────────────────────────────────────────────────────
  📡 SCAN #7
  2026-05-14 14:38:35 EDT
──────────────────────────────────────────────────────────────────────
  Launching scanner...

  ⏳ Next scan at 15:10:07 EDT

──────────────────────────────────────────────────────────────────────
  📡 SCAN #8
  2026-05-14 15:10:07 EDT
──────────────────────────────────────────────────────────────────────
  Launching scanner...

  ⏳ Next scan at 15:41:42 EDT

──────────────────────────────────────────────────────────────────────
  📡 SCAN #9
  2026-05-14 15:41:41 EDT
──────────────────────────────────────────────────────────────────────
  Launching scanner...

  Market closing soon — final scan complete for today.

======================================================================
  📋 END OF DAY REVIEW
  2026-05-14 15:43:17 EDT
======================================================================

  Waiting until 4:01 PM for post-close settlement scan...

  📡 SCAN #10 — POST-CLOSE SETTLEMENT
  Launching scanner...

  Recording outcomes for expiring contracts...
