
[Session started: 2026-05-06 06:36:07]

======================================================================
  🔄 OPTIONS FLOW SCANNER — SCHEDULER
  Started: 2026-05-06 06:36:11 EDT
  Scan interval: every 30 minutes during market hours
  Market hours: 9:30 — 16:00 Eastern
  Scanner: fetch_trades.py
  Press Ctrl+C to stop
======================================================================

  Market is currently closed.
  Next open: 2026-05-06 09:29 EDT (2h 53m from now)
  Sleeping until market open...

[Session started: 2026-05-06 06:52:50]

======================================================================
  🔄 OPTIONS FLOW SCANNER — SCHEDULER
  Started: 2026-05-06 06:52:53 EDT
  Scan interval: every 30 minutes during market hours
  Market hours: 9:30 — 16:00 Eastern
  Scanner: fetch_trades.py
  Press Ctrl+C to stop
======================================================================

  Market is currently closed.
  Next open: 2026-05-06 09:29 EDT (2h 37m from now)
  Sleeping until market open...

  Market is currently closed.
  Next open: 2026-05-06 09:29 EDT (1h 53m from now)
  Sleeping until market open...

  Market is currently closed.
  Next open: 2026-05-06 09:29 EDT (1h 37m from now)
  Sleeping until market open...

  Market is currently closed.
  Next open: 2026-05-06 09:29 EDT (0h 53m from now)
  Sleeping until market open...

  Market is currently closed.
  Next open: 2026-05-06 09:29 EDT (0h 37m from now)
  Sleeping until market open...

  Market is currently closed.
  Next open: 2026-05-06 09:29 EDT (0h 0m from now)
  Sleeping until market open...

  Market is currently closed.
  Next open: 2026-05-06 09:29 EDT (0h 0m from now)
  Sleeping until market open...

  Market is currently closed.
  Next open: 2026-05-06 09:29 EDT (0h 0m from now)
  Sleeping until market open...

  Market is currently closed.
  Next open: 2026-05-06 09:29 EDT (0h 0m from now)
  Sleeping until market open...

  Market is currently closed.
  Next open: 2026-05-06 09:29 EDT (0h 0m from now)
  Sleeping until market open...

  Market is currently closed.
  Next open: 2026-05-06 09:29 EDT (0h 0m from now)
  Sleeping until market open...

  Market is currently closed.
  Next open: 2026-05-06 09:29 EDT (0h 0m from now)
  Sleeping until market open...

  Market is currently closed.
  Next open: 2026-05-06 09:29 EDT (0h 0m from now)
  Sleeping until market open...

  Market is currently closed.
  Next open: 2026-05-06 09:29 EDT (0h 0m from now)
  Sleeping until market open...

  Market is currently closed.
  Next open: 2026-05-06 09:29 EDT (0h 0m from now)
  Sleeping until market open...

  Market is currently closed.
  Next open: 2026-05-06 09:29 EDT (0h 0m from now)
  Sleeping until market open...

  Market is currently closed.
  Next open: 2026-05-06 09:29 EDT (0h 0m from now)
  Sleeping until market open...

  Market is currently closed.
  Next open: 2026-05-06 09:29 EDT (0h 0m from now)
  Sleeping until market open...

  Market is currently closed.
  Next open: 2026-05-06 09:29 EDT (0h 0m from now)
  Sleeping until market open...

  Market is currently closed.
  Next open: 2026-05-06 09:29 EDT (0h 0m from now)
  Sleeping until market open...

  Market is currently closed.
  Next open: 2026-05-06 09:29 EDT (0h 0m from now)
  Sleeping until market open...

  Market is currently closed.
  Next open: 2026-05-06 09:29 EDT (0h 0m from now)
  Sleeping until market open...

  Market is currently closed.
  Next open: 2026-05-06 09:29 EDT (0h 0m from now)
  Sleeping until market open...

  Market is currently closed.
  Next open: 2026-05-06 09:29 EDT (0h 0m from now)
  Sleeping until market open...

  Market is currently closed.
  Next open: 2026-05-06 09:29 EDT (0h 0m from now)
  Sleeping until market open...

  Market is currently closed.
  Next open: 2026-05-06 09:29 EDT (0h 0m from now)
  Sleeping until market open...

  Market is currently closed.
  Next open: 2026-05-06 09:29 EDT (0h 0m from now)
  Sleeping until market open...

  Market is currently closed.
  Next open: 2026-05-06 09:29 EDT (0h 0m from now)
  Sleeping until market open...

  Market is currently closed.
  Next open: 2026-05-06 09:29 EDT (0h 0m from now)
  Sleeping until market open...

  Market is currently closed.
  Next open: 2026-05-06 09:29 EDT (0h 0m from now)
  Sleeping until market open...

  Market is currently closed.
  Next open: 2026-05-06 09:29 EDT (0h 0m from now)
  Sleeping until market open...

  Market is currently closed.
  Next open: 2026-05-06 09:29 EDT (0h 0m from now)
  Sleeping until market open...

  Market is currently closed.
  Next open: 2026-05-06 09:29 EDT (0h 0m from now)
  Sleeping until market open...

  Market is currently closed.
  Next open: 2026-05-06 09:29 EDT (0h 0m from now)
  Sleeping until market open...

  Market is currently closed.
  Next open: 2026-05-06 09:29 EDT (0h 0m from now)
  Sleeping until market open...

  Market is currently closed.
  Next open: 2026-05-06 09:29 EDT (0h 0m from now)
  Sleeping until market open...

  Market is currently closed.
  Next open: 2026-05-06 09:29 EDT (0h 0m from now)
  Sleeping until market open...

  Market is currently closed.
  Next open: 2026-05-06 09:29 EDT (0h 0m from now)
  Sleeping until market open...

  Market is currently closed.
  Next open: 2026-05-06 09:29 EDT (0h 0m from now)
  Sleeping until market open...

  Market is currently closed.
  Next open: 2026-05-06 09:29 EDT (0h 0m from now)
  Sleeping until market open...

  Market is currently closed.
  Next open: 2026-05-06 09:29 EDT (0h 0m from now)
  Sleeping until market open...

  Market is currently closed.
  Next open: 2026-05-06 09:29 EDT (0h 0m from now)
  Sleeping until market open...

  Market is currently closed.
  Next open: 2026-05-06 09:29 EDT (0h 0m from now)
  Sleeping until market open...

  Market is currently closed.
  Next open: 2026-05-06 09:29 EDT (0h 0m from now)
  Sleeping until market open...

  Market is currently closed.
  Next open: 2026-05-06 09:29 EDT (0h 0m from now)
  Sleeping until market open...

  Market is currently closed.
  Next open: 2026-05-06 09:29 EDT (0h 0m from now)
  Sleeping until market open...

  Market is currently closed.
  Next open: 2026-05-06 09:29 EDT (0h 0m from now)
  Sleeping until market open...

  Market is currently closed.
  Next open: 2026-05-06 09:29 EDT (0h 0m from now)
  Sleeping until market open...

  Market is currently closed.
  Next open: 2026-05-06 09:29 EDT (0h 0m from now)
  Sleeping until market open...

  Market is currently closed.
  Next open: 2026-05-06 09:29 EDT (0h 0m from now)
  Sleeping until market open...

  Market is currently closed.
  Next open: 2026-05-06 09:29 EDT (0h 0m from now)
  Sleeping until market open...

  Market is currently closed.
  Next open: 2026-05-06 09:29 EDT (0h 0m from now)
  Sleeping until market open...

  Market is currently closed.
  Next open: 2026-05-06 09:29 EDT (0h 0m from now)
  Sleeping until market open...

  Market is currently closed.
  Next open: 2026-05-06 09:29 EDT (0h 0m from now)
  Sleeping until market open...

  Market is currently closed.
  Next open: 2026-05-06 09:29 EDT (0h 0m from now)
  Sleeping until market open...

  Market is currently closed.
  Next open: 2026-05-06 09:29 EDT (0h 0m from now)
  Sleeping until market open...

  Market is currently closed.
  Next open: 2026-05-06 09:29 EDT (0h 0m from now)
  Sleeping until market open...

  Market is currently closed.
  Next open: 2026-05-06 09:29 EDT (0h 0m from now)
  Sleeping until market open...

  Market is currently closed.
  Next open: 2026-05-06 09:29 EDT (0h 0m from now)
  Sleeping until market open...

  Market is currently closed.
  Next open: 2026-05-06 09:29 EDT (0h 0m from now)
  Sleeping until market open...

  Market is currently closed.
  Next open: 2026-05-06 09:29 EDT (0h 0m from now)
  Sleeping until market open...

  Market is currently closed.
  Next open: 2026-05-06 09:29 EDT (0h 0m from now)
  Sleeping until market open...

  Market is currently closed.
  Next open: 2026-05-06 09:29 EDT (0h 0m from now)
  Sleeping until market open...

  Market is currently closed.
  Next open: 2026-05-06 09:29 EDT (0h 0m from now)
  Sleeping until market open...

  Market is currently closed.
  Next open: 2026-05-06 09:29 EDT (0h 0m from now)
  Sleeping until market open...

  Market is currently closed.
  Next open: 2026-05-06 09:29 EDT (0h 0m from now)
  Sleeping until market open...

  Market is currently closed.
  Next open: 2026-05-06 09:29 EDT (0h 0m from now)
  Sleeping until market open...

  Market is currently closed.
  Next open: 2026-05-06 09:29 EDT (0h 0m from now)
  Sleeping until market open...

  Market is currently closed.
  Next open: 2026-05-06 09:29 EDT (0h 0m from now)
  Sleeping until market open...

  Market is currently closed.
  Next open: 2026-05-06 09:29 EDT (0h 0m from now)
  Sleeping until market open...

  Market is currently closed.
  Next open: 2026-05-06 09:29 EDT (0h 0m from now)
  Sleeping until market open...

  Market is currently closed.
  Next open: 2026-05-06 09:29 EDT (0h 0m from now)
  Sleeping until market open...

  Market is currently closed.
  Next open: 2026-05-06 09:29 EDT (0h 0m from now)
  Sleeping until market open...

  Market is currently closed.
  Next open: 2026-05-06 09:29 EDT (0h 0m from now)
  Sleeping until market open...

  Market is currently closed.
  Next open: 2026-05-06 09:29 EDT (0h 0m from now)
  Sleeping until market open...

  Market is currently closed.
  Next open: 2026-05-06 09:29 EDT (0h 0m from now)
  Sleeping until market open...

  Market is currently closed.
  Next open: 2026-05-06 09:29 EDT (0h 0m from now)
  Sleeping until market open...

  Market is currently closed.
  Next open: 2026-05-06 09:29 EDT (0h 0m from now)
  Sleeping until market open...

  Market is currently closed.
  Next open: 2026-05-06 09:29 EDT (0h 0m from now)
  Sleeping until market open...

  Market is currently closed.
  Next open: 2026-05-06 09:29 EDT (0h 0m from now)
  Sleeping until market open...

  Market is currently closed.
  Next open: 2026-05-06 09:29 EDT (0h 0m from now)
  Sleeping until market open...

  Market is currently closed.
  Next open: 2026-05-06 09:29 EDT (0h 0m from now)
  Sleeping until market open...

  Market is currently closed.
  Next open: 2026-05-06 09:29 EDT (0h 0m from now)
  Sleeping until market open...

  Market is currently closed.
  Next open: 2026-05-06 09:29 EDT (0h 0m from now)
  Sleeping until market open...

  Market is currently closed.
  Next open: 2026-05-06 09:29 EDT (0h 0m from now)
  Sleeping until market open...

  Market is currently closed.
  Next open: 2026-05-06 09:29 EDT (0h 0m from now)
  Sleeping until market open...

  Market is currently closed.
  Next open: 2026-05-06 09:29 EDT (0h 0m from now)
  Sleeping until market open...

  Market is currently closed.
  Next open: 2026-05-06 09:29 EDT (0h 0m from now)
  Sleeping until market open...

  Market is currently closed.
  Next open: 2026-05-06 09:29 EDT (0h 0m from now)
  Sleeping until market open...

  Market is currently closed.
  Next open: 2026-05-06 09:29 EDT (0h 0m from now)
  Sleeping until market open...

  Market is currently closed.
  Next open: 2026-05-06 09:29 EDT (0h 0m from now)
  Sleeping until market open...

  Market is currently closed.
  Next open: 2026-05-06 09:29 EDT (0h 0m from now)
  Sleeping until market open...

  Market is currently closed.
  Next open: 2026-05-06 09:29 EDT (0h 0m from now)
  Sleeping until market open...

  Market is currently closed.
  Next open: 2026-05-06 09:29 EDT (0h 0m from now)
  Sleeping until market open...

  Market is currently closed.
  Next open: 2026-05-06 09:29 EDT (0h 0m from now)
  Sleeping until market open...

  Market is currently closed.
  Next open: 2026-05-06 09:29 EDT (0h 0m from now)
  Sleeping until market open...

  Market is currently closed.
  Next open: 2026-05-06 09:29 EDT (0h 0m from now)
  Sleeping until market open...

  Market is currently closed.
  Next open: 2026-05-06 09:29 EDT (0h 0m from now)
  Sleeping until market open...

  Market is currently closed.
  Next open: 2026-05-06 09:29 EDT (0h 0m from now)
  Sleeping until market open...

  Market is currently closed.
  Next open: 2026-05-06 09:29 EDT (0h 0m from now)
  Sleeping until market open...

  Market is currently closed.
  Next open: 2026-05-06 09:29 EDT (0h 0m from now)
  Sleeping until market open...

  Market is currently closed.
  Next open: 2026-05-06 09:29 EDT (0h 0m from now)
  Sleeping until market open...

  Market is currently closed.
  Next open: 2026-05-06 09:29 EDT (0h 0m from now)
  Sleeping until market open...

  Market is currently closed.
  Next open: 2026-05-06 09:29 EDT (0h 0m from now)
  Sleeping until market open...

  Market is currently closed.
  Next open: 2026-05-06 09:29 EDT (0h 0m from now)
  Sleeping until market open...

  Market is currently closed.
  Next open: 2026-05-06 09:29 EDT (0h 0m from now)
  Sleeping until market open...

  Market is currently closed.
  Next open: 2026-05-06 09:29 EDT (0h 0m from now)
  Sleeping until market open...

  Market is currently closed.
  Next open: 2026-05-06 09:29 EDT (0h 0m from now)
  Sleeping until market open...

  Market is currently closed.
  Next open: 2026-05-06 09:29 EDT (0h 0m from now)
  Sleeping until market open...

  Market is currently closed.
  Next open: 2026-05-06 09:29 EDT (0h 0m from now)
  Sleeping until market open...

  Market is currently closed.
  Next open: 2026-05-06 09:29 EDT (0h 0m from now)
  Sleeping until market open...

  Market is currently closed.
  Next open: 2026-05-06 09:29 EDT (0h 0m from now)
  Sleeping until market open...

  Market is currently closed.
  Next open: 2026-05-06 09:29 EDT (0h 0m from now)
  Sleeping until market open...

  Market is currently closed.
  Next open: 2026-05-06 09:29 EDT (0h 0m from now)
  Sleeping until market open...

  Market is currently closed.
  Next open: 2026-05-06 09:29 EDT (0h 0m from now)
  Sleeping until market open...

  Market is currently closed.
  Next open: 2026-05-06 09:29 EDT (0h 0m from now)
  Sleeping until market open...

  Market is currently closed.
  Market is currently closed.
  Next open: 2026-05-06 09:29 EDT (0h 0m from now)

  Sleeping until market open...  Next open: 2026-05-06 09:29 EDT (0h 0m from now)

  Sleeping until market open...
  Market is currently closed.
  Next open: 2026-05-06 09:29 EDT (0h 0m from now)

  Sleeping until market open...

  Market is currently closed.
  Market is currently closed.

  Next open: 2026-05-06 09:29 EDT (0h 0m from now)  Next open: 2026-05-06 09:29 EDT (0h 0m from now)
  Sleeping until market open...
  Sleeping until market open...
  Market is currently closed.
  Next open: 2026-05-06 09:29 EDT (0h 0m from now)

  Market is currently closed.  Sleeping until market open...

  Next open: 2026-05-06 09:29 EDT (0h 0m from now)

  Market is currently closed.  Sleeping until market open...

  Next open: 2026-05-06 09:29 EDT (0h 0m from now)
  Sleeping until market open...
  Market is currently closed.

  Market is currently closed.

  Next open: 2026-05-06 09:29 EDT (0h 0m from now)
  Next open: 2026-05-06 09:29 EDT (0h 0m from now)  Sleeping until market open...


  Market is currently closed.  Sleeping until market open...

  Next open: 2026-05-06 09:29 EDT (0h 0m from now)
  Sleeping until market open...

  Market is currently closed.
  Next open: 2026-05-06 09:29 EDT (0h 0m from now)

  Sleeping until market open...
  Next open: 2026-05-06 09:29 EDT (0h 0m from now)
  Market is currently closed.

  Next open: 2026-05-06 09:29 EDT (0h 0m from now)
  Sleeping until market open...  Sleeping until market open...


  Market is currently closed.
  Next open: 2026-05-06 09:29 EDT (0h 0m from now)
  Market is currently closed.  Sleeping until market open...

  Next open: 2026-05-06 09:29 EDT (0h 0m from now)

  Market is currently closed.
  Next open: 2026-05-06 09:29 EDT (0h 0m from now)
  Sleeping until market open...

  Market is currently closed.
  Next open: 2026-05-06 09:29 EDT (0h 0m from now)

  Sleeping until market open...

  Market is currently closed.
  Market is currently closed.

  Next open: 2026-05-06 09:29 EDT (0h 0m from now)
Next open: 2026-05-06 09:29 EDT (0h 0m from now)  Sleeping until market open...


  Market is currently closed.
  Next open: 2026-05-06 09:29 EDT (0h 0m from now)
  Sleeping until market open...

  Market is currently closed.
  Market is currently closed.  Next open: 2026-05-06 09:29 EDT (0h 0m from now)

  Next open: 2026-05-06 09:29 EDT (0h 0m from now)  Sleeping until market open...

  Sleeping until market open...
  Market is currently closed.
  Next open: 2026-05-06 09:29 EDT (0h 0m from now)

  Sleeping until market open...
  Market is currently closed.
  Market is currently closed.

  Next open: 2026-05-06 09:29 EDT (0h 0m from now)
  Sleeping until market open...DT (0h 0m from now)
  Sleeping until market open...
  Market is currently closed.

  Next open: 2026-05-06 09:29 EDT (0h 0m from now)
  Sleeping until market open...
  Market is currently closed.


  Market is currently closed.  Next open: 2026-05-06 09:29 EDT (0h 0m from now)

  Next open: 2026-05-06 09:29 EDT (0h 0m from now)  Sleeping until market open...

Sleeping until market open...

  Market is currently closed.

  Next open: 2026-05-06 09:29 EDT (0h 0m from now)  Next open: 2026-05-06 09:29 EDT (0h 0m from now)
  Sleeping until market open...


  Market is currently closed.
  Next open: 2026-05-06 09:29 EDT (0h 0m from now)
  Sleeping until market open...

  Market is currently closed.
  Next open: 2026-05-06 09:29 EDT (0h 0m from now)
  Sleeping until market open...

  Market is currently closed.
  Next open: 2026-05-06 09:29 EDT (0h 0m from now)
  Sleeping until market open...

  Market is currently closed.
  Next open: 2026-05-06 09:29 EDT (0h 0m from now)
  Sleeping until market open...

  Market is currently closed.
  Next open: 2026-05-06 09:29 EDT (0h 0m from now)
  Sleeping until market open...

  Market is currently closed.
  Next open: 2026-05-06 09:29 EDT (0h 0m from now)
  Sleeping until market open...

  Market is currently closed.
  Next open: 2026-05-06 09:29 EDT (0h 0m from now)
  Sleeping until market open...

  Market is currently closed.
  Next open: 2026-05-06 09:29 EDT (0h 0m from now)
  Sleeping until market open...

  Market is currently closed.
  Next open: 2026-05-06 09:29 EDT (0h 0m from now)
  Sleeping until market open...

  Market is currently closed.
  Next open: 2026-05-06 09:29 EDT (0h 0m from now)
  Sleeping until market open...

  Market is currently closed.
  Next open: 2026-05-06 09:29 EDT (0h 0m from now)
  Sleeping until market open...

  Market is currently closed.
  Next open: 2026-05-06 09:29 EDT (0h 0m from now)
  Sleeping until market open...

  Market is currently closed.
  Next open: 2026-05-06 09:29 EDT (0h 0m from now)
  Sleeping until market open...

  Market is currently closed.
  Next open: 2026-05-06 09:29 EDT (0h 0m from now)
  Sleeping until market open...

  Market is currently closed.
  Next open: 2026-05-06 09:29 EDT (0h 0m from now)
  Sleeping until market open...

  Market is currently closed.
  Next open: 2026-05-06 09:29 EDT (0h 0m from now)
  Sleeping until market open...

  Market is currently closed.
  Next open: 2026-05-06 09:29 EDT (0h 0m from now)
  Sleeping until market open...

  Market is currently closed.
  Next open: 2026-05-06 09:29 EDT (0h 0m from now)
  Sleeping until market open...

  Market is currently closed.
  Next open: 2026-05-06 09:29 EDT (0h 0m from now)
  Sleeping until market open...

  Market is currently closed.
  Next open: 2026-05-06 09:29 EDT (0h 0m from now)
  Sleeping until market open...

  Market is currently closed.
  Next open: 2026-05-06 09:29 EDT (0h 0m from now)
  Sleeping until market open...

  Market is currently closed.
  Next open: 2026-05-06 09:29 EDT (0h 0m from now)
  Sleeping until market open...

  Market is currently closed.
  Next open: 2026-05-06 09:29 EDT (0h 0m from now)
  Sleeping until market open...

  Market is currently closed.
  Next open: 2026-05-06 09:29 EDT (0h 0m from now)
  Sleeping until market open...

  Market is currently closed.
  Next open: 2026-05-06 09:29 EDT (0h 0m from now)
  Sleeping until market open...

  Market is currently closed.
  Next open: 2026-05-06 09:29 EDT (0h 0m from now)
  Sleeping until market open...

  Market is currently closed.
  Next open: 2026-05-06 09:29 EDT (0h 0m from now)
  Sleeping until market open...

  Market is currently closed.
  Next open: 2026-05-06 09:29 EDT (0h 0m from now)
  Sleeping until market open...

  Market is currently closed.
  Next open: 2026-05-06 09:29 EDT (0h 0m from now)
  Sleeping until market open...  Sleeping until market open...


  Market is currently closed.
  Next open: 2026-05-06 09:29 EDT (0h 0m from now)
  Sleeping until market open...

  Market is currently closed.

  Market is currently closed.DT (0h 0m from now)
  Sleeping until market open...

  Next open: 2026-05-06 09:29 EDT (0h 0m from now)
  Market is currently closed.
  Next open: 2026-05-06 09:29 EDT (0h 0m from now)
  Sleeping until market open...

  Market is currently closed.
  Next open: 2026-05-06 09:29 EDT (0h 0m from now)  Sleeping until market open...
  Sleeping until market open...


  Market is currently closed.

  Next open: 2026-05-06 09:29 EDT (0h 0m from now)  Next open: 2026-05-06 09:29 EDT (0h 0m from now)  Sleeping until market open...

  Sleeping until market open...

  Market is currently closed.
  Next open: 2026-05-06 09:29 EDT (0h 0m from now)

  Market is currently closed.

  Market is currently closed.

  Next open: 2026-05-06 09:29 EDT (0h 0m from now)  Next open: 2026-05-06 09:29 EDT (0h 0m from now)
  Sleeping until market open...


  Market is currently closed.
  Sleeping until market open...  Next open: 2026-05-06 09:29 EDT (0h 0m from now)

  Sleeping until market open...
  Market is currently closed.
  Next open: 2026-05-06 09:29 EDT (0h 0m from now)
  Market is currently closed.

  Next open: 2026-05-06 09:29 EDT (0h 0m from now)
  Sleeping until market open...


  Market is currently closed.
  Next open: 2026-05-06 09:29 EDT (0h 0m from now)

  Market is currently closed.

  Market is currently closed.
  Next open: 2026-05-06 09:29 EDT (0h 0m from now)
Next open: 2026-05-06 09:29 EDT (0h 0m from now)  Sleeping until market open...
  Sleeping until market open...
  Market is currently closed.
  Next open: 2026-05-06 09:29 EDT (0h 0m from now)
  Sleeping until market open...


  Market is currently closed.
  Next open: 2026-05-06 09:29 EDT (0h 0m from now)
  Market is currently closed.

Sleeping until market open...
  Next open: 2026-05-06 09:29 EDT (0h 0m from now)
  Market is currently closed.

  Next open: 2026-05-06 09:29 EDT (0h 0m from now)
  Sleeping until market open...


  Market is currently closed.
  Next open: 2026-05-06 09:29 EDT (0h 0m from now)
  Sleeping until market open...

  Market is currently closed.
  Market is currently closed.
  Next open: 2026-05-06 09:29 EDT (0h 0m from now)
  Sleeping until market open...


  Market is currently closed.
  Next open: 2026-05-06 09:29 EDT (0h 0m from now)
  Sleeping until market open...
  Next open: 2026-05-06 09:29 EDT (0h 0m from now)

  Market is currently closed.  Sleeping until market open...
  Next open: 2026-05-06 09:29 EDT (0h 0m from now)
  Sleeping until market open...

  Market is currently closed.
  Next open: 2026-05-06 09:29 EDT (0h 0m from now)
  Sleeping until market open...

  Market is currently closed.
  Next open: 2026-05-06 09:29 EDT (0h 0m from now)
  Sleeping until market open...

  Market is currently closed.
  Market is currently closed.
  Next open: 2026-05-06 09:29 EDT (0h 0m from now)

Sleeping until market open...
  Next open: 2026-05-06 09:29 EDT (0h 0m from now)
  Market is currently closed.
  Next open: 2026-05-06 09:29 EDT (0h 0m from now)
  Sleeping until market open...


  Market is currently closed.
  Next open: 2026-05-06 09:29 EDT (0h 0m from now)

  Sleeping until market open...

  Market is currently closed.
  Market is currently closed.

  Next open: 2026-05-06 09:29 EDT (0h 0m from now)
  Next open: 2026-05-06 09:29 EDT (0h 0m from now)  Sleeping until market open...


  Market is currently closed.
  Next open: 2026-05-06 09:29 EDT (0h 0m from now)
  Sleeping until market open...

  Market is currently closed.

  Next open: 2026-05-06 09:29 EDT (0h 0m from now)
  Sleeping until market open...

  Market is currently closed.
  Market is currently closed.

  Next open: 2026-05-06 09:29 EDT (0h 0m from now)
  Sleeping until market open...
  Next open: 2026-05-06 09:29 EDT (0h 0m from now)

  Market is currently closed.
Sleeping until market open...  Next open: 2026-05-06 09:29 EDT (0h 0m from now)

  Sleeping until market open...

  Market is currently closed.
  Next open: 2026-05-06 09:29 EDT (0h 0m from now)

  Market is currently closed.


  Market is currently closed.
Next open: 2026-05-06 09:29 EDT (0h 0m from now)  Next open: 2026-05-06 09:29 EDT (0h 0m from now)
  Sleeping until market open...
  Sleeping until market open...
  Market is currently closed.
  Next open: 2026-05-06 09:29 EDT (0h 0m from now)
  Sleeping until market open...

  Market is currently closed.
  Next open: 2026-05-06 09:29 EDT (0h 0m from now)
  Sleeping until market open...

  Market is currently closed.
  Next open: 2026-05-06 09:29 EDT (0h 0m from now)
  Sleeping until market open...

  Market is currently closed.
  Next open: 2026-05-06 09:29 EDT (0h 0m from now)
  Sleeping until market open...

  Market is currently closed.
  Next open: 2026-05-06 09:29 EDT (0h 0m from now)
  Sleeping until market open...

  Market is currently closed.
  Next open: 2026-05-06 09:29 EDT (0h 0m from now)
  Sleeping until market open...

  Market is currently closed.
  Next open: 2026-05-06 09:29 EDT (0h 0m from now)
  Sleeping until market open...

  Market is currently closed.
  Next open: 2026-05-06 09:29 EDT (0h 0m from now)
  Sleeping until market open...

  Market is currently closed.
  Next open: 2026-05-06 09:29 EDT (0h 0m from now)
  Sleeping until market open...

  Market is currently closed.
  Next open: 2026-05-06 09:29 EDT (0h 0m from now)
  Sleeping until market open...

  Market is currently closed.
  Next open: 2026-05-06 09:29 EDT (0h 0m from now)
  Sleeping until market open...

  Market is currently closed.
  Next open: 2026-05-06 09:29 EDT (0h 0m from now)
  Sleeping until market open...

  Market is currently closed.
  Next open: 2026-05-06 09:29 EDT (0h 0m from now)
  Sleeping until market open...

  Market is currently closed.
  Next open: 2026-05-06 09:29 EDT (0h 0m from now)
  Sleeping until market open...

  Market is currently closed.
  Next open: 2026-05-06 09:29 EDT (0h 0m from now)
  Sleeping until market open...

  Market is currently closed.
  Next open: 2026-05-06 09:29 EDT (0h 0m from now)
  Sleeping until market open...

  Market is currently closed.
  Next open: 2026-05-06 09:29 EDT (0h 0m from now)
  Sleeping until market open...

  Market is currently closed.
  Next open: 2026-05-06 09:29 EDT (0h 0m from now)
  Sleeping until market open...

  Market is currently closed.
  Next open: 2026-05-06 09:29 EDT (0h 0m from now)
  Sleeping until market open...

  Market is currently closed.
  Next open: 2026-05-06 09:29 EDT (0h 0m from now)
  Sleeping until market open...

  Market is currently closed.
  Next open: 2026-05-06 09:29 EDT (0h 0m from now)
  Sleeping until market open...

  Market is currently closed.
  Next open: 2026-05-06 09:29 EDT (0h 0m from now)
  Sleeping until market open...

  Market is currently closed.
  Next open: 2026-05-06 09:29 EDT (0h 0m from now)
  Sleeping until market open...

  Market is currently closed.
  Next open: 2026-05-06 09:29 EDT (0h 0m from now)
  Sleeping until market open...

  Market is currently closed.
  Market is currently closed.
  Next open: 2026-05-06 09:29 EDT (0h 0m from now)  Next open: 2026-05-06 09:29 EDT (0h 0m from now)  Sleeping until market open...

  Sleeping until market open...
  Market is currently closed.
  Next open: 2026-05-06 09:29 EDT (0h 0m from now)
  Sleeping until market open...

  Market is currently closed.
  Market is currently closed.  Next open: 2026-05-06 09:29 EDT (0h 0m from now)

  Sleeping until market open...DT (0h 0m from now)

  Sleeping until market open...

  Market is currently closed.
  Next open: 2026-05-06 09:29 EDT (0h 0m from now)

  Market is currently closed.  Sleeping until market open...

  Next open: 2026-05-06 09:29 EDT (0h 0m from now)
  Market is currently closed.
  Next open: 2026-05-06 09:29 EDT (0h 0m from now)

  Sleeping until market open...  Sleeping until market open...

  Market is currently closed.

  Market is currently closed.  Next open: 2026-05-06 09:29 EDT (0h 0m from now)

  Sleeping until market open...
  Next open: 2026-05-06 09:29 EDT (0h 0m from now)

  Market is currently closed.  Sleeping until market open...
  Next open: 2026-05-06 09:29 EDT (0h 0m from now)

  Sleeping until market open...

  Market is currently closed.
  Market is currently closed.
  Next open: 2026-05-06 09:29 EDT (0h 0m from now)  Next open: 2026-05-06 09:29 EDT (0h 0m from now)
  Sleeping until market open...

  Sleeping until market open...
  Market is currently closed.
  Next open: 2026-05-06 09:29 EDT (0h 0m from now)

  Sleeping until market open...

  Market is currently closed.
  Market is currently closed.
  Next open: 2026-05-06 09:29 EDT (0h 0m from now)

  Sleeping until market open...
  Next open: 2026-05-06 09:29 EDT (0h 0m from now)
  Market is currently closed.

  Next open: 2026-05-06 09:29 EDT (0h 0m from now)  Sleeping until market open...
  Sleeping until market open...


  Market is currently closed.

  Next open: 2026-05-06 09:29 EDT (0h 0m from now)
  Next open: 2026-05-06 09:29 EDT (0h 0m from now)  Sleeping until market open...


  Market is currently closed.  Sleeping until market open...
  Next open: 2026-05-06 09:29 EDT (0h 0m from now)
  Sleeping until market open...


  Market is currently closed.
  Next open: 2026-05-06 09:29 EDT (0h 0m from now)
  Market is currently closed.
  Sleeping until market open...

  Next open: 2026-05-06 09:29 EDT (0h 0m from now)
  Market is currently closed.

  Next open: 2026-05-06 09:29 EDT (0h 0m from now)
  Sleeping until market open...  Sleeping until market open...

  Market is currently closed.
  Next open: 2026-05-06 09:29 EDT (0h 0m from now)
  Market is currently closed.  Sleeping until market open...

  Next open: 2026-05-06 09:29 EDT (0h 0m from now)
  Market is currently closed.
  Next open: 2026-05-06 09:29 EDT (0h 0m from now)
  Sleeping until market open...
  Sleeping until market open...
  Market is currently closed.
  Next open: 2026-05-06 09:29 EDT (0h 0m from now)
  Sleeping until market open...

  Market is currently closed.
  Next open: 2026-05-06 09:29 EDT (0h 0m from now)
  Sleeping until market open...

  Market is currently closed.
  Market is currently closed.

  Next open: 2026-05-06 09:29 EDT (0h 0m from now)
  Next open: 2026-05-06 09:29 EDT (0h 0m from now)  Sleeping until market open...


  Market is currently closed.
Sleeping until market open...  Next open: 2026-05-06 09:29 EDT (0h 0m from now)

  Sleeping until market open...

  Market is currently closed.
  Next open: 2026-05-06 09:29 EDT (0h 0m from now)
  Sleeping until market open...
  Market is currently closed.


  Market is currently closed.  Next open: 2026-05-06 09:29 EDT (0h 0m from now)  Next open: 2026-05-06 09:29 EDT (0h 0m from now)
  Sleeping until market open...

  Market is currently closed.
  Next open: 2026-05-06 09:29 EDT (0h 0m from now)
  Sleeping until market open...

  Market is currently closed.
  Next open: 2026-05-06 09:29 EDT (0h 0m from now)
  Sleeping until market open...

  Market is currently closed.
  Next open: 2026-05-06 09:29 EDT (0h 0m from now)
  Sleeping until market open...

  Market is currently closed.
  Next open: 2026-05-06 09:29 EDT (0h 0m from now)
  Sleeping until market open...

  Market is currently closed.
  Next open: 2026-05-06 09:29 EDT (0h 0m from now)
  Sleeping until market open...

  Market is currently closed.
  Next open: 2026-05-06 09:29 EDT (0h 0m from now)
  Sleeping until market open...

  Market is currently closed.
  Next open: 2026-05-06 09:29 EDT (0h 0m from now)
  Sleeping until market open...

  Market is currently closed.
  Next open: 2026-05-06 09:29 EDT (0h 0m from now)
  Sleeping until market open...

  Market is currently closed.
  Next open: 2026-05-06 09:29 EDT (0h 0m from now)
  Sleeping until market open...

  Market is currently closed.
  Next open: 2026-05-06 09:29 EDT (0h 0m from now)
  Sleeping until market open...

  Market is currently closed.
  Next open: 2026-05-06 09:29 EDT (0h 0m from now)
  Sleeping until market open...

  Market is currently closed.
  Next open: 2026-05-06 09:29 EDT (0h 0m from now)
  Sleeping until market open...

  Market is currently closed.
  Next open: 2026-05-06 09:29 EDT (0h 0m from now)
  Sleeping until market open...

  Market is currently closed.
  Next open: 2026-05-06 09:29 EDT (0h 0m from now)
  Sleeping until market open...

  Market is currently closed.
  Next open: 2026-05-06 09:29 EDT (0h 0m from now)
  Sleeping until market open...

  Market is currently closed.
  Next open: 2026-05-06 09:29 EDT (0h 0m from now)
  Sleeping until market open...

  Market is currently closed.
  Next open: 2026-05-06 09:29 EDT (0h 0m from now)
  Sleeping until market open...

  Market is currently closed.
  Next open: 2026-05-06 09:29 EDT (0h 0m from now)
  Sleeping until market open...

  Market is currently closed.
  Next open: 2026-05-06 09:29 EDT (0h 0m from now)
  Sleeping until market open...

  Market is currently closed.
  Next open: 2026-05-06 09:29 EDT (0h 0m from now)
  Sleeping until market open...

  Market is currently closed.
  Next open: 2026-05-06 09:29 EDT (0h 0m from now)
  Sleeping until market open...

  Market is currently closed.
  Next open: 2026-05-06 09:29 EDT (0h 0m from now)
  Sleeping until market open...

  Market is currently closed.
  Next open: 2026-05-06 09:29 EDT (0h 0m from now)

  Sleeping until market open...
  Sleeping until market open...
  Market is currently closed.

  Next open: 2026-05-06 09:29 EDT (0h 0m from now)
  Sleeping until market open...

  Market is currently closed.
  Market is currently closed.

  Next open: 2026-05-06 09:29 EDT (0h 0m from now)
  Next open: 2026-05-06 09:29 EDT (0h 0m from now)  Sleeping until market open...

  Sleeping until market open...
  Market is currently closed.

  Next open: 2026-05-06 09:29 EDT (0h 0m from now)

  Market is currently closed.

  Next open: 2026-05-06 09:29 EDT (0h 0m from now)
  Market is currently closed.

  Next open: 2026-05-06 09:29 EDT (0h 0m from now)
Sleeping until market open...  Sleeping until market open...

  Market is currently closed.
  Next open: 2026-05-06 09:29 EDT (0h 0m from now)
  Market is currently closed.
  Sleeping until market open...

  Next open: 2026-05-06 09:29 EDT (0h 0m from now)
  Market is currently closed.

  Next open: 2026-05-06 09:29 EDT (0h 0m from now)  Sleeping until market open...
  Sleeping until market open...

  Market is currently closed.

  Market is currently closed.  Next open: 2026-05-06 09:29 EDT (0h 0m from now)

  Next open: 2026-05-06 09:29 EDT (0h 0m from now)  Sleeping until market open...

  Sleeping until market open...
  Market is currently closed.

  Next open: 2026-05-06 09:29 EDT (0h 0m from now)
  Sleeping until market open...

  Market is currently closed.
  Market is currently closed.

  Next open: 2026-05-06 09:29 EDT (0h 0m from now)  Next open: 2026-05-06 09:29 EDT (0h 0m from now)

Sleeping until market open...
  Sleeping until market open...
  Market is currently closed.

  Next open: 2026-05-06 09:29 EDT (0h 0m from now)
  Sleeping until market open...
  Market is currently closed.

  Market is currently closed.  Next open: 2026-05-06 09:29 EDT (0h 0m from now)
  Next open: 2026-05-06 09:29 EDT (0h 0m from now)
Sleeping until market open...  Sleeping until market open...

  Market is currently closed.
  Next open: 2026-05-06 09:29 EDT (0h 0m from now)
  Next open: 2026-05-06 09:29 EDT (0h 0m from now)  Sleeping until market open...

  Sleeping until market open...
  Market is currently closed.
  Next open: 2026-05-06 09:29 EDT (0h 0m from now)
  Sleeping until market open...

  Market is currently closed.
  Next open: 2026-05-06 09:29 EDT (0h 0m from now)
  Market is currently closed.
  Sleeping until market open...

  Market is currently closed.
  Next open: 2026-05-06 09:29 EDT (0h 0m from now)
  Sleeping until market open...
  Next open: 2026-05-06 09:29 EDT (0h 0m from now)
  Market is currently closed.
  Next open: 2026-05-06 09:29 EDT (0h 0m from now)
  Sleeping until market open...

  Sleeping until market open...
  Market is currently closed.

  Next open: 2026-05-06 09:29 EDT (0h 0m from now)
  Sleeping until market open...

  Market is currently closed.
  Next open: 2026-05-06 09:29 EDT (0h 0m from now)

  Market is currently closed.  Sleeping until market open...

  Next open: 2026-05-06 09:29 EDT (0h 0m from now)
  Market is currently closed.
  Next open: 2026-05-06 09:29 EDT (0h 0m from now)
  Sleeping until market open...

  Market is currently closed.
  Sleeping until market open...  Next open: 2026-05-06 09:29 EDT (0h 0m from now)
  Sleeping until market open...


  Market is currently closed.
  Next open: 2026-05-06 09:29 EDT (0h 0m from now)
  Sleeping until market open...

  Market is currently closed.

  Market is currently closed.
  Next open: 2026-05-06 09:29 EDT (0h 0m from now)  Next open: 2026-05-06 09:29 EDT (0h 0m from now)

  Sleeping until market open...


  Market is currently closed.
  Market is currently closed.
  Next open: 2026-05-06 09:29 EDT (0h 0m from now)

  Sleeping until market open...  Next open: 2026-05-06 09:29 EDT (0h 0m from now)


  Market is currently closed.
  Sleeping until market open...DT (0h 0m from now)
  Sleeping until market open...

  Market is currently closed.
  Next open: 2026-05-06 09:29 EDT (0h 0m from now)
  Sleeping until market open...

  Market is currently closed.
  Market is currently closed.
  Next open: 2026-05-06 09:29 EDT (0h 0m from now)
  Next open: 2026-05-06 09:29 EDT (0h 0m from now)  Sleeping until market open...

  Sleeping until market open...
  Market is currently closed.
  Next open: 2026-05-06 09:29 EDT (0h 0m from now)

  Sleeping until market open...

  Market is currently closed.

Next open: 2026-05-06 09:29 EDT (0h 0m from now)
  Next open: 2026-05-06 09:29 EDT (0h 0m from now)  Sleeping until market open...


  Market is currently closed.  Sleeping until market open...  Next open: 2026-05-06 09:29 EDT (0h 0m from now)

  Sleeping until market open...

  Market is currently closed.
  Market is currently closed.
  Next open: 2026-05-06 09:29 EDT (0h 0m from now)

  Sleeping until market open...
  Next open: 2026-05-06 09:29 EDT (0h 0m from now)
  Market is currently closed.
  Sleeping until market open...  Next open: 2026-05-06 09:29 EDT (0h 0m from now)
  Sleeping until market open...


  Market is currently closed.
  Next open: 2026-05-06 09:29 EDT (0h 0m from now)

Sleeping until market open...
  Next open: 2026-05-06 09:29 EDT (0h 0m from now)
  Market is currently closed.

  Sleeping until market open...  Next open: 2026-05-06 09:29 EDT (0h 0m from now)
  Sleeping until market open...

  Market is currently closed.

  Market is currently closed.  Next open: 2026-05-06 09:29 EDT (0h 0m from now)
  Sleeping until market open...  Next open: 2026-05-06 09:29 EDT (0h 0m from now)


  Market is currently closed.  Sleeping until market open...
  Next open: 2026-05-06 09:29 EDT (0h 0m from now)
  Sleeping until market open...


  Market is currently closed.
  Market is currently closed.  Next open: 2026-05-06 09:29 EDT (0h 0m from now)
  Sleeping until market open...


  Market is currently closed.DT (0h 0m from now)

  Next open: 2026-05-06 09:29 EDT (0h 0m from now)
  Sleeping until market open...


  Market is currently closed.
  Next open: 2026-05-06 09:29 EDT (0h 0m from now)
  Sleeping until market open...

  Market is currently closed.
  Market is currently closed.

  Next open: 2026-05-06 09:29 EDT (0h 0m from now)
  Sleeping until market open...


  Market is currently closed.
Sleeping until market open...  Next open: 2026-05-06 09:29 EDT (0h 0m from now)

Sleeping until market open...

  Market is currently closed.
  Market is currently closed.
  Next open: 2026-05-06 09:29 EDT (0h 0m from now)
  Sleeping until market open...


  Market is currently closed.
  Next open: 2026-05-06 09:29 EDT (0h 0m from now)  Next open: 2026-05-06 09:29 EDT (0h 0m from now)
  Sleeping until market open...

  Sleeping until market open...
  Market is currently closed.
  Next open: 2026-05-06 09:29 EDT (0h 0m from now)

  Sleeping until market open...

  Market is currently closed.

  Market is currently closed.  Next open: 2026-05-06 09:29 EDT (0h 0m from now)
  Sleeping until market open...
  Next open: 2026-05-06 09:29 EDT (0h 0m from now)
  Market is currently closed.

  Next open: 2026-05-06 09:29 EDT (0h 0m from now)
  Sleeping until market open...  Sleeping until market open...


  Market is currently closed.
  Next open: 2026-05-06 09:29 EDT (0h 0m from now)

  Market is currently closed.  Sleeping until market open...


  Market is currently closed.  Next open: 2026-05-06 09:29 EDT (0h 0m from now)  Next open: 2026-05-06 09:29 EDT (0h 0m from now)

  Sleeping until market open...
  Sleeping until market open...

  Market is currently closed.
  Next open: 2026-05-06 09:29 EDT (0h 0m from now)

  Market is currently closed.  Sleeping until market open...

  Market is currently closed.
  Next open: 2026-05-06 09:29 EDT (0h 0m from now)
  Sleeping until market open...

  Market is currently closed.DT (0h 0m from now)
  Next open: 2026-05-06 09:29 EDT (0h 0m from now)
  Sleeping until market open...

  Sleeping until market open...
  Market is currently closed.

  Next open: 2026-05-06 09:29 EDT (0h 0m from now)
  Sleeping until market open...

  Market is currently closed.
  Market is currently closed.

  Next open: 2026-05-06 09:29 EDT (0h 0m from now)
  Sleeping until market open...

  Market is currently closed.
  Next open: 2026-05-06 09:29 EDT (0h 0m from now)  Next open: 2026-05-06 09:29 EDT (0h 0m from now)
  Sleeping until market open...

  Market is currently closed.
  Next open: 2026-05-06 09:29 EDT (0h 0m from now)
  Sleeping until market open...

  Market is currently closed.
  Next open: 2026-05-06 09:29 EDT (0h 0m from now)
  Sleeping until market open...

  Market is currently closed.
  Next open: 2026-05-06 09:29 EDT (0h 0m from now)
  Sleeping until market open...

  Market is currently closed.
  Next open: 2026-05-06 09:29 EDT (0h 0m from now)
  Sleeping until market open...

  Market is currently closed.
  Next open: 2026-05-06 09:29 EDT (0h 0m from now)
  Sleeping until market open...

  Market is currently closed.
  Next open: 2026-05-06 09:29 EDT (0h 0m from now)
  Sleeping until market open...

  Market is currently closed.
  Next open: 2026-05-06 09:29 EDT (0h 0m from now)
  Sleeping until market open...

  Market is currently closed.
  Next open: 2026-05-06 09:29 EDT (0h 0m from now)
  Sleeping until market open...

  Market is currently closed.
  Next open: 2026-05-06 09:29 EDT (0h 0m from now)
  Sleeping until market open...

  Market is currently closed.
  Next open: 2026-05-06 09:29 EDT (0h 0m from now)
  Sleeping until market open...

  Market is currently closed.
  Next open: 2026-05-06 09:29 EDT (0h 0m from now)
  Sleeping until market open...

  Market is currently closed.
  Next open: 2026-05-06 09:29 EDT (0h 0m from now)
  Sleeping until market open...

  Market is currently closed.
  Next open: 2026-05-06 09:29 EDT (0h 0m from now)
  Sleeping until market open...

  Market is currently closed.
  Next open: 2026-05-06 09:29 EDT (0h 0m from now)
  Sleeping until market open...

  Market is currently closed.
  Next open: 2026-05-06 09:29 EDT (0h 0m from now)
  Sleeping until market open...

  Market is currently closed.
  Next open: 2026-05-06 09:29 EDT (0h 0m from now)
  Sleeping until market open...

  Market is currently closed.
  Next open: 2026-05-06 09:29 EDT (0h 0m from now)
  Sleeping until market open...

  Market is currently closed.
  Next open: 2026-05-06 09:29 EDT (0h 0m from now)
  Sleeping until market open...

  Market is currently closed.
  Next open: 2026-05-06 09:29 EDT (0h 0m from now)
  Sleeping until market open...

  Market is currently closed.
  Next open: 2026-05-06 09:29 EDT (0h 0m from now)
  Sleeping until market open...

  Market is currently closed.
  Next open: 2026-05-06 09:29 EDT (0h 0m from now)
  Sleeping until market open...

  Market is currently closed.
  Next open: 2026-05-06 09:29 EDT (0h 0m from now)
  Sleeping until market open...

  Market is currently closed.
  Next open: 2026-05-06 09:29 EDT (0h 0m from now)
  Sleeping until market open...

  Market is currently closed.
  Next open: 2026-05-06 09:29 EDT (0h 0m from now)
  Sleeping until market open...

  Market is currently closed.
  Next open: 2026-05-06 09:29 EDT (0h 0m from now)
  Sleeping until market open...

  Market is currently closed.
  Next open: 2026-05-06 09:29 EDT (0h 0m from now)
  Sleeping until market open...

  Market is currently closed.
  Next open: 2026-05-06 09:29 EDT (0h 0m from now)

  Sleeping until market open...
  Sleeping until market open...
  Market is currently closed.

  Next open: 2026-05-06 09:29 EDT (0h 0m from now)

  Market is currently closed.  Sleeping until market open...

  Next open: 2026-05-06 09:29 EDT (0h 0m from now)
  Market is currently closed.
  Next open: 2026-05-06 09:29 EDT (0h 0m from now)  Sleeping until market open...
  Sleeping until market open...


  Market is currently closed.

  Market is currently closed.  Next open: 2026-05-06 09:29 EDT (0h 0m from now)

  Sleeping until market open...DT (0h 0m from now)

  Sleeping until market open...
  Market is currently closed.

Next open: 2026-05-06 09:29 EDT (0h 0m from now)
  Sleeping until market open...
  Market is currently closed.

  Market is currently closed.  Next open: 2026-05-06 09:29 EDT (0h 0m from now)
  Next open: 2026-05-06 09:29 EDT (0h 0m from now)

  Sleeping until market open...
  Sleeping until market open...

  Market is currently closed.
  Next open: 2026-05-06 09:29 EDT (0h 0m from now)
  Market is currently closed.  Sleeping until market open...
  Next open: 2026-05-06 09:29 EDT (0h 0m from now)
  Market is currently closed.

  Next open: 2026-05-06 09:29 EDT (0h 0m from now)
  Sleeping until market open...
Sleeping until market open...

  Market is currently closed.
  Market is currently closed.

  Next open: 2026-05-06 09:29 EDT (0h 0m from now)  Next open: 2026-05-06 09:29 EDT (0h 0m from now)
  Sleeping until market open...

  Sleeping until market open...
  Market is currently closed.

  Next open: 2026-05-06 09:29 EDT (0h 0m from now)
  Sleeping until market open...

  Market is currently closed.
  Market is currently closed.
  Next open: 2026-05-06 09:29 EDT (0h 0m from now)  Next open: 2026-05-06 09:29 EDT (0h 0m from now)
  Sleeping until market open...

  Sleeping until market open...
  Market is currently closed.
  Next open: 2026-05-06 09:29 EDT (0h 0m from now)
  Sleeping until market open...

  Market is currently closed.
  Market is currently closed.

  Next open: 2026-05-06 09:29 EDT (0h 0m from now)
  Next open: 2026-05-06 09:29 EDT (0h 0m from now)
  Market is currently closed.
  Next open: 2026-05-06 09:29 EDT (0h 0m from now)  Sleeping until market open...

  Sleeping until market open...

  Market is currently closed.
  Next open: 2026-05-06 09:29 EDT (0h 0m from now)
  Market is currently closed.
  Sleeping until market open...


  Market is currently closed.
  Next open: 2026-05-06 09:29 EDT (0h 0m from now)  Next open: 2026-05-06 09:29 EDT (0h 0m from now)
  Sleeping until market open...

  Sleeping until market open...

  Market is currently closed.
  Next open: 2026-05-06 09:29 EDT (0h 0m from now)
  Sleeping until market open...

  Market is currently closed.
  Market is currently closed.
  Next open: 2026-05-06 09:29 EDT (0h 0m from now)

  Sleeping until market open...
  Next open: 2026-05-06 09:29 EDT (0h 0m from now)
  Market is currently closed.
  Next open: 2026-05-06 09:29 EDT (0h 0m from now)
  Sleeping until market open...  Sleeping until market open...


  Market is currently closed.
  Next open: 2026-05-06 09:29 EDT (0h 0m from now)
  Sleeping until market open...

  Market is currently closed.
  Market is currently closed.

  Next open: 2026-05-06 09:29 EDT (0h 0m from now)
  Sleeping until market open...

  Sleeping until market open...
  Market is currently closed.
  Next open: 2026-05-06 09:29 EDT (0h 0m from now)
  Sleeping until market open...

  Market is currently closed.

  Market is currently closed.
  Next open: 2026-05-06 09:29 EDT (0h 0m from now)  Next open: 2026-05-06 09:29 EDT (0h 0m from now)

Sleeping until market open...
  Sleeping until market open...

  Market is currently closed.
  Next open: 2026-05-06 09:29 EDT (0h 0m from now)
  Sleeping until market open...
  Market is currently closed.

  Next open: 2026-05-06 09:29 EDT (0h 0m from now)
  Market is currently closed.

  Next open: 2026-05-06 09:29 EDT (0h 0m from now)  Sleeping until market open...  Sleeping until market open...


  Market is currently closed.
  Next open: 2026-05-06 09:29 EDT (0h 0m from now)
  Sleeping until market open...
  Market is currently closed.


  Market is currently closed.  Next open: 2026-05-06 09:29 EDT (0h 0m from now)
  Next open: 2026-05-06 09:29 EDT (0h 0m from now)

  Sleeping until market open...
  Sleeping until market open...
  Market is currently closed.
  Next open: 2026-05-06 09:29 EDT (0h 0m from now)
  Sleeping until market open...
  Market is currently closed.
  Market is currently closed.
  Next open: 2026-05-06 09:29 EDT (0h 0m from now)  Next open: 2026-05-06 09:29 EDT (0h 0m from now)
  Sleeping until market open...
  Sleeping until market open...
  Market is currently closed.
  Next open: 2026-05-06 09:29 EDT (0h 0m from now)
  Sleeping until market open...
  Market is currently closed.


  Market is currently closed.  Next open: 2026-05-06 09:29 EDT (0h 0m from now)
  Next open: 2026-05-06 09:29 EDT (0h 0m from now)

  Sleeping until market open...
  Sleeping until market open...
  Market is currently closed.
  Next open: 2026-05-06 09:29 EDT (0h 0m from now)
  Sleeping until market open...

  Market is currently closed.
  Next open: 2026-05-06 09:29 EDT (0h 0m from now)
  Sleeping until market open...

  Market is currently closed.
  Next open: 2026-05-06 09:29 EDT (0h 0m from now)
  Sleeping until market open...
  Market is currently closed.


  Market is currently closed.  Next open: 2026-05-06 09:29 EDT (0h 0m from now)  Next open: 2026-05-06 09:29 EDT (0h 0m from now)

  Sleeping until market open...  Sleeping until market open...

  Market is currently closed.
  Next open: 2026-05-06 09:29 EDT (0h 0m from now)
  Sleeping until market open...

  Market is currently closed.

  Market is currently closed.DT (0h 0m from now)
  Sleeping until market open...


  Market is currently closed.  Next open: 2026-05-06 09:29 EDT (0h 0m from now)

Next open: 2026-05-06 09:29 EDT (0h 0m from now)
  Sleeping until market open...
  Sleeping until market open...

  Market is currently closed.
  Next open: 2026-05-06 09:29 EDT (0h 0m from now)
  Market is currently closed.
  Sleeping until market open...

  Next open: 2026-05-06 09:29 EDT (0h 0m from now)
  Market is currently closed.

Next open: 2026-05-06 09:29 EDT (0h 0m from now)
  Sleeping until market open...
  Sleeping until market open...
  Market is currently closed.
  Next open: 2026-05-06 09:29 EDT (0h 0m from now)
  Sleeping until market open...

  Market is currently closed.
  Market is currently closed.
  Next open: 2026-05-06 09:29 EDT (0h 0m from now)
  Next open: 2026-05-06 09:29 EDT (0h 0m from now)  Sleeping until market open...

  Sleeping until market open...
  Market is currently closed.
  Next open: 2026-05-06 09:29 EDT (0h 0m from now)
  Sleeping until market open...

  Market is currently closed.
  Market is currently closed.

  Next open: 2026-05-06 09:29 EDT (0h 0m from now)  Next open: 2026-05-06 09:29 EDT (0h 0m from now)
  Sleeping until market open...

  Sleeping until market open...
  Market is currently closed.
  Next open: 2026-05-06 09:29 EDT (0h 0m from now)
  Sleeping until market open...
  Market is currently closed.

  Market is currently closed.
  Next open: 2026-05-06 09:29 EDT (0h 0m from now)

  Sleeping until market open...  Next open: 2026-05-06 09:29 EDT (0h 0m from now)


  Market is currently closed.
Sleeping until market open...  Next open: 2026-05-06 09:29 EDT (0h 0m from now)

  Sleeping until market open...

  Market is currently closed.
  Market is currently closed.

  Next open: 2026-05-06 09:29 EDT (0h 0m from now)    Sleeping until market open... (0h 0m from now)

  Market is currently closed.

  Next open: 2026-05-06 09:29 EDT (0h 0m from now)
  Sleeping until market open...  Sleeping until market open...


  Market is currently closed.
  Next open: 2026-05-06 09:29 EDT (0h 0m from now)
  Sleeping until market open...

  Market is currently closed.

  Market is currently closed.  Next open: 2026-05-06 09:29 EDT (0h 0m from now)w)
  Sleeping until market open...


  Market is currently closed.  Sleeping until market open...  Next open: 2026-05-06 09:29 EDT (0h 0m from now)
  Sleeping until market open...

  Market is currently closed.
  Next open: 2026-05-06 09:29 EDT (0h 0m from now)
  Market is currently closed.
  Sleeping until market open...


  Market is currently closed.
  Next open: 2026-05-06 09:29 EDT (0h 0m from now)
  Sleeping until market open...

  Market is currently closed.
  Next open: 2026-05-06 09:29 EDT (0h 0m from now)
  Sleeping until market open...

  Market is currently closed.
  Next open: 2026-05-06 09:29 EDT (0h 0m from now)
  Sleeping until market open...

  Market is currently closed.
  Next open: 2026-05-06 09:29 EDT (0h 0m from now)
  Sleeping until market open...

  Market is currently closed.
  Next open: 2026-05-06 09:29 EDT (0h 0m from now)
  Sleeping until market open...

  Market is currently closed.
  Next open: 2026-05-06 09:29 EDT (0h 0m from now)
  Sleeping until market open...

  Market is currently closed.
  Next open: 2026-05-06 09:29 EDT (0h 0m from now)
  Sleeping until market open...

  Market is currently closed.
  Next open: 2026-05-06 09:29 EDT (0h 0m from now)
  Sleeping until market open...

  Market is currently closed.
  Next open: 2026-05-06 09:29 EDT (0h 0m from now)
  Sleeping until market open...

  Market is currently closed.
  Next open: 2026-05-06 09:29 EDT (0h 0m from now)
  Sleeping until market open...

  Market is currently closed.
  Next open: 2026-05-06 09:29 EDT (0h 0m from now)
  Sleeping until market open...

  Market is currently closed.
  Next open: 2026-05-06 09:29 EDT (0h 0m from now)
  Sleeping until market open...

  Market is currently closed.
  Next open: 2026-05-06 09:29 EDT (0h 0m from now)
  Sleeping until market open...

  Market is currently closed.
  Next open: 2026-05-06 09:29 EDT (0h 0m from now)
  Sleeping until market open...

  Market is currently closed.
  Next open: 2026-05-06 09:29 EDT (0h 0m from now)
  Sleeping until market open...

  Market is currently closed.
  Next open: 2026-05-06 09:29 EDT (0h 0m from now)
  Sleeping until market open...

  Market is currently closed.
  Next open: 2026-05-06 09:29 EDT (0h 0m from now)
  Sleeping until market open...

  Market is currently closed.
  Next open: 2026-05-06 09:29 EDT (0h 0m from now)
  Sleeping until market open...

  Market is currently closed.
  Next open: 2026-05-06 09:29 EDT (0h 0m from now)
  Sleeping until market open...

  Market is currently closed.
  Next open: 2026-05-06 09:29 EDT (0h 0m from now)
  Sleeping until market open...

  Market is currently closed.
  Next open: 2026-05-06 09:29 EDT (0h 0m from now)
  Sleeping until market open...

  Market is currently closed.
  Next open: 2026-05-06 09:29 EDT (0h 0m from now)
  Sleeping until market open...

  Market is currently closed.
  Next open: 2026-05-06 09:29 EDT (0h 0m from now)
  Sleeping until market open...

  Market is currently closed.
  Next open: 2026-05-06 09:29 EDT (0h 0m from now)
  Sleeping until market open...

  Market is currently closed.
  Next open: 2026-05-06 09:29 EDT (0h 0m from now)
  Sleeping until market open...

  Market is currently closed.
  Next open: 2026-05-06 09:29 EDT (0h 0m from now)
  Sleeping until market open...

  Market is currently closed.
  Next open: 2026-05-06 09:29 EDT (0h 0m from now)
  Next open: 2026-05-06 09:29 EDT (0h 0m from now)  Sleeping until market open...

  Sleeping until market open...
  Market is currently closed.

  Next open: 2026-05-06 09:29 EDT (0h 0m from now)
  Sleeping until market open...
  Market is currently closed.


  Market is currently closed.
  Next open: 2026-05-06 09:29 EDT (0h 0m from now)  Next open: 2026-05-06 09:29 EDT (0h 0m from now)

  Sleeping until market open...  Sleeping until market open...


  Market is currently closed.

  Market is currently closed.  Next open: 2026-05-06 09:29 EDT (0h 0m from now)

Sleeping until market open...
  Next open: 2026-05-06 09:29 EDT (0h 0m from now)

  Market is currently closed.  Sleeping until market open...

  Next open: 2026-05-06 09:29 EDT (0h 0m from now)
  Sleeping until market open...
  Market is currently closed.

  Next open: 2026-05-06 09:29 EDT (0h 0m from now)

  Next open: 2026-05-06 09:29 EDT (0h 0m from now)  Sleeping until market open...

Sleeping until market open...

  Market is currently closed.
  Market is currently closed.

  Next open: 2026-05-06 09:29 EDT (0h 0m from now)
  Sleeping until market open...


  Market is currently closed.
  Next open: 2026-05-06 09:29 EDT (0h 0m from now)

  Sleeping until market open...

  Market is currently closed.
  Market is currently closed.  Next open: 2026-05-06 09:29 EDT (0h 0m from now)

  Sleeping until market open...  Next open: 2026-05-06 09:29 EDT (0h 0m from now)

  Market is currently closed.  Sleeping until market open...

  Next open: 2026-05-06 09:29 EDT (0h 0m from now)
  Sleeping until market open...
  Market is currently closed.


  Market is currently closed.  Next open: 2026-05-06 09:29 EDT (0h 0m from now)  Next open: 2026-05-06 09:29 EDT (0h 0m from now)
  Sleeping until market open...


  Market is currently closed.  Sleeping until market open...
  Next open: 2026-05-06 09:29 EDT (0h 0m from now)
  Sleeping until market open...

  Market is currently closed.
  Next open: 2026-05-06 09:29 EDT (0h 0m from now)
  Market is currently closed.
  Sleeping until market open...


  Market is currently closed.  Next open: 2026-05-06 09:29 EDT (0h 0m from now)
  Next open: 2026-05-06 09:29 EDT (0h 0m from now)

Sleeping until market open...

  Market is currently closed.
  Sleeping until market open...DT (0h 0m from now)
  Sleeping until market open...

  Market is currently closed.
  Next open: 2026-05-06 09:29 EDT (0h 0m from now)
  Sleeping until market open...

  Market is currently closed.

  Market is currently closed.  Next open: 2026-05-06 09:29 EDT (0h 0m from now)

  Sleeping until market open...  Next open: 2026-05-06 09:29 EDT (0h 0m from now)


  Market is currently closed.  Sleeping until market open...
  Next open: 2026-05-06 09:29 EDT (0h 0m from now)

  Sleeping until market open...
  Market is currently closed.

  Market is currently closed.  Next open: 2026-05-06 09:29 EDT (0h 0m from now)  Next open: 2026-05-06 09:29 EDT (0h 0m from now)
  Sleeping until market open...

  Sleeping until market open...

  Market is currently closed.
  Next open: 2026-05-06 09:29 EDT (0h 0m from now)
  Sleeping until market open...

  Market is currently closed.
  Market is currently closed.
  Next open: 2026-05-06 09:29 EDT (0h 0m from now)

  Next open: 2026-05-06 09:29 EDT (0h 0m from now)

  Sleeping until market open...
  Market is currently closed.
  Next open: 2026-05-06 09:29 EDT (0h 0m from now)
  Sleeping until market open...

  Market is currently closed.
  Next open: 2026-05-06 09:29 EDT (0h 0m from now)
  Sleeping until market open...
  Market is currently closed.


  Market is currently closed.DT (0h 0m from now)
  Next open: 2026-05-06 09:29 EDT (0h 0m from now)
  Sleeping until market open...

  Sleeping until market open...
  Market is currently closed.
  Next open: 2026-05-06 09:29 EDT (0h 0m from now)
  Sleeping until market open...


  Market is currently closed.
  Next open: 2026-05-06 09:29 EDT (0h 0m from now)
  Sleeping until market open...

  Market is currently closed.
  Next open: 2026-05-06 09:29 EDT (0h 0m from now)
  Sleeping until market open...

  Market is currently closed.
  Next open: 2026-05-06 09:29 EDT (0h 0m from now)
  Sleeping until market open...

  Market is currently closed.
  Next open: 2026-05-06 09:29 EDT (0h 0m from now)
  Sleeping until market open...

  Market is currently closed.
  Next open: 2026-05-06 09:29 EDT (0h 0m from now)
  Sleeping until market open...

  Market is currently closed.
  Next open: 2026-05-06 09:29 EDT (0h 0m from now)
  Sleeping until market open...

  Market is currently closed.
  Next open: 2026-05-06 09:29 EDT (0h 0m from now)
  Sleeping until market open...

  Market is currently closed.
  Next open: 2026-05-06 09:29 EDT (0h 0m from now)
  Sleeping until market open...

  Market is currently closed.
  Next open: 2026-05-06 09:29 EDT (0h 0m from now)
  Sleeping until market open...

  Market is currently closed.
  Next open: 2026-05-06 09:29 EDT (0h 0m from now)
  Sleeping until market open...

  Market is currently closed.
  Next open: 2026-05-06 09:29 EDT (0h 0m from now)
  Sleeping until market open...

  Market is currently closed.
  Next open: 2026-05-06 09:29 EDT (0h 0m from now)
  Sleeping until market open...

  Market is currently closed.
  Next open: 2026-05-06 09:29 EDT (0h 0m from now)
  Sleeping until market open...

  Market is currently closed.
  Next open: 2026-05-06 09:29 EDT (0h 0m from now)
  Sleeping until market open...

  Market is currently closed.
  Next open: 2026-05-06 09:29 EDT (0h 0m from now)
  Sleeping until market open...

  Market is currently closed.
  Next open: 2026-05-06 09:29 EDT (0h 0m from now)
  Sleeping until market open...

  Market is currently closed.
  Next open: 2026-05-06 09:29 EDT (0h 0m from now)
  Sleeping until market open...

  Market is currently closed.
  Next open: 2026-05-06 09:29 EDT (0h 0m from now)
  Sleeping until market open...

  Market is currently closed.
  Next open: 2026-05-06 09:29 EDT (0h 0m from now)
  Sleeping until market open...

──────────────────────────────────────────────────────────────────────
  📡 SCAN #1
  2026-05-06 09:30:00 EDT
──────────────────────────────────────────────────────────────────────
  Launching scanner...

  Market is currently closed.
  Next open: 2026-05-06 09:29 EDT (0h 0m from now)
  Sleeping until market open...

──────────────────────────────────────────────────────────────────────
  📡 SCAN #1
  2026-05-06 09:30:00 EDT
──────────────────────────────────────────────────────────────────────
  Launching scanner...

  ⏳ Next scan at 10:01:16 EDT

  ⏳ Next scan at 10:01:32 EDT

──────────────────────────────────────────────────────────────────────
  📡 SCAN #2
  2026-05-06 10:01:16 EDT
──────────────────────────────────────────────────────────────────────
  Launching scanner...

──────────────────────────────────────────────────────────────────────
  📡 SCAN #2
  2026-05-06 10:01:32 EDT
──────────────────────────────────────────────────────────────────────
  Launching scanner...

  ⏳ Next scan at 10:32:34 EDT

  ⏳ Next scan at 10:33:06 EDT

──────────────────────────────────────────────────────────────────────
  📡 SCAN #3
  2026-05-06 10:32:34 EDT
──────────────────────────────────────────────────────────────────────
  Launching scanner...

──────────────────────────────────────────────────────────────────────
  📡 SCAN #3
  2026-05-06 10:33:06 EDT
──────────────────────────────────────────────────────────────────────
  Launching scanner...

  ⏳ Next scan at 11:03:51 EDT

  ⏳ Next scan at 11:04:44 EDT

──────────────────────────────────────────────────────────────────────
  📡 SCAN #4
  2026-05-06 11:03:51 EDT
──────────────────────────────────────────────────────────────────────
  Launching scanner...

──────────────────────────────────────────────────────────────────────
  📡 SCAN #4
  2026-05-06 11:04:44 EDT
──────────────────────────────────────────────────────────────────────
  Launching scanner...

  ⏳ Next scan at 11:35:04 EDT

  ⏳ Next scan at 11:36:26 EDT

──────────────────────────────────────────────────────────────────────
  📡 SCAN #5
  2026-05-06 11:35:04 EDT
──────────────────────────────────────────────────────────────────────
  Launching scanner...

  ⏳ Next scan at 12:06:20 EDT

──────────────────────────────────────────────────────────────────────
  📡 SCAN #5
  2026-05-06 11:36:26 EDT
──────────────────────────────────────────────────────────────────────
  Launching scanner...

  ⏳ Next scan at 12:08:01 EDT

──────────────────────────────────────────────────────────────────────
  📡 SCAN #6
  2026-05-06 12:06:20 EDT
──────────────────────────────────────────────────────────────────────
  Launching scanner...

  ⏳ Next scan at 12:37:33 EDT

──────────────────────────────────────────────────────────────────────
  📡 SCAN #6
  2026-05-06 12:08:01 EDT
──────────────────────────────────────────────────────────────────────
  Launching scanner...

  ⏳ Next scan at 12:39:37 EDT

──────────────────────────────────────────────────────────────────────
  📡 SCAN #7
  2026-05-06 12:37:33 EDT
──────────────────────────────────────────────────────────────────────
  Launching scanner...

  ⏳ Next scan at 13:08:47 EDT

──────────────────────────────────────────────────────────────────────
  📡 SCAN #7
  2026-05-06 12:39:37 EDT
──────────────────────────────────────────────────────────────────────
  Launching scanner...

  ⏳ Next scan at 13:11:13 EDT

──────────────────────────────────────────────────────────────────────
  📡 SCAN #8
  2026-05-06 13:08:47 EDT
──────────────────────────────────────────────────────────────────────
  Launching scanner...

  ⏳ Next scan at 13:39:59 EDT

──────────────────────────────────────────────────────────────────────
  📡 SCAN #8
  2026-05-06 13:11:13 EDT
──────────────────────────────────────────────────────────────────────
  Launching scanner...

  ⏳ Next scan at 13:42:49 EDT

──────────────────────────────────────────────────────────────────────
  📡 SCAN #9
  2026-05-06 13:39:58 EDT
──────────────────────────────────────────────────────────────────────
  Launching scanner...

  ⏳ Next scan at 14:11:14 EDT

──────────────────────────────────────────────────────────────────────
  📡 SCAN #9
  2026-05-06 13:42:49 EDT
──────────────────────────────────────────────────────────────────────
  Launching scanner...

  ⏳ Next scan at 14:14:26 EDT

──────────────────────────────────────────────────────────────────────
  📡 SCAN #10
  2026-05-06 14:11:14 EDT
──────────────────────────────────────────────────────────────────────
  Launching scanner...

  ⏳ Next scan at 14:42:37 EDT

──────────────────────────────────────────────────────────────────────
  📡 SCAN #10
  2026-05-06 14:14:26 EDT
──────────────────────────────────────────────────────────────────────
  Launching scanner...

  ⏳ Next scan at 14:46:02 EDT

──────────────────────────────────────────────────────────────────────
  📡 SCAN #11
  2026-05-06 14:42:37 EDT
──────────────────────────────────────────────────────────────────────
  Launching scanner...

  ⏳ Next scan at 15:13:51 EDT

──────────────────────────────────────────────────────────────────────
  📡 SCAN #11
  2026-05-06 14:46:02 EDT
──────────────────────────────────────────────────────────────────────
  Launching scanner...

  ⏳ Next scan at 15:17:39 EDT

──────────────────────────────────────────────────────────────────────
  📡 SCAN #12
  2026-05-06 15:13:51 EDT
──────────────────────────────────────────────────────────────────────
  Launching scanner...

  ⏳ Next scan at 15:45:06 EDT

──────────────────────────────────────────────────────────────────────
  📡 SCAN #12
  2026-05-06 15:17:39 EDT
──────────────────────────────────────────────────────────────────────
  Launching scanner...

  ⏳ Next scan at 15:49:15 EDT

──────────────────────────────────────────────────────────────────────
  📡 SCAN #13
  2026-05-06 15:45:06 EDT
──────────────────────────────────────────────────────────────────────
  Launching scanner...

  Market closing soon — final scan complete for today.

======================================================================
  📋 END OF DAY REVIEW
  2026-05-06 15:46:20 EDT
======================================================================

  Waiting until 4:01 PM for post-close settlement scan...

──────────────────────────────────────────────────────────────────────
  📡 SCAN #13
  2026-05-06 15:49:15 EDT
──────────────────────────────────────────────────────────────────────
  Launching scanner...

  Market closing soon — final scan complete for today.

======================================================================
  📋 END OF DAY REVIEW
  2026-05-06 15:50:58 EDT
======================================================================

  Waiting until 4:01 PM for post-close settlement scan...

  📡 SCAN #14 — POST-CLOSE SETTLEMENT
  Launching scanner...

  📡 SCAN #14 — POST-CLOSE SETTLEMENT
  Launching scanner...

  Recording outcomes for expiring contracts...

  Recording outcomes for expiring contracts...
