
[Session started: 2026-04-28 06:45:17]

======================================================================
  🔄 OPTIONS FLOW SCANNER — SCHEDULER
  Started: 2026-04-28 06:45:17 EDT
  Scan interval: every 30 minutes during market hours
  Market hours: 9:30 — 16:00 Eastern
  Scanner: fetch_trades.py
  Press Ctrl+C to stop
======================================================================

  Market is currently closed.
  Next open: 2026-04-28 09:29 EDT (2h 44m from now)
  Sleeping until market open...

  Market is currently closed.
  Next open: 2026-04-28 09:29 EDT (1h 44m from now)
  Sleeping until market open...

  Market is currently closed.
  Next open: 2026-04-28 09:29 EDT (0h 44m from now)
  Sleeping until market open...

  Market is currently closed.
  Next open: 2026-04-28 09:29 EDT (0h 0m from now)
  Sleeping until market open...

  Market is currently closed.
  Next open: 2026-04-28 09:29 EDT (0h 0m from now)
  Sleeping until market open...

  Market is currently closed.
  Next open: 2026-04-28 09:29 EDT (0h 0m from now)
  Sleeping until market open...

  Market is currently closed.
  Next open: 2026-04-28 09:29 EDT (0h 0m from now)
  Sleeping until market open...

  Market is currently closed.
  Next open: 2026-04-28 09:29 EDT (0h 0m from now)
  Sleeping until market open...

  Market is currently closed.
  Next open: 2026-04-28 09:29 EDT (0h 0m from now)
  Sleeping until market open...

  Market is currently closed.
  Next open: 2026-04-28 09:29 EDT (0h 0m from now)
  Sleeping until market open...

  Market is currently closed.
  Next open: 2026-04-28 09:29 EDT (0h 0m from now)
  Sleeping until market open...

  Market is currently closed.
  Next open: 2026-04-28 09:29 EDT (0h 0m from now)
  Sleeping until market open...

  Market is currently closed.
  Next open: 2026-04-28 09:29 EDT (0h 0m from now)
  Sleeping until market open...

  Market is currently closed.
  Next open: 2026-04-28 09:29 EDT (0h 0m from now)
  Sleeping until market open...

  Market is currently closed.
  Next open: 2026-04-28 09:29 EDT (0h 0m from now)
  Sleeping until market open...

  Market is currently closed.
  Next open: 2026-04-28 09:29 EDT (0h 0m from now)
  Sleeping until market open...

  Market is currently closed.
  Next open: 2026-04-28 09:29 EDT (0h 0m from now)
  Sleeping until market open...

  Market is currently closed.
  Next open: 2026-04-28 09:29 EDT (0h 0m from now)
  Sleeping until market open...

  Market is currently closed.
  Next open: 2026-04-28 09:29 EDT (0h 0m from now)
  Sleeping until market open...

  Market is currently closed.
  Next open: 2026-04-28 09:29 EDT (0h 0m from now)
  Sleeping until market open...

  Market is currently closed.
  Next open: 2026-04-28 09:29 EDT (0h 0m from now)
  Sleeping until market open...

  Market is currently closed.
  Next open: 2026-04-28 09:29 EDT (0h 0m from now)
  Sleeping until market open...

  Market is currently closed.
  Next open: 2026-04-28 09:29 EDT (0h 0m from now)
  Sleeping until market open...

  Market is currently closed.
  Next open: 2026-04-28 09:29 EDT (0h 0m from now)
  Sleeping until market open...

  Market is currently closed.
  Next open: 2026-04-28 09:29 EDT (0h 0m from now)
  Sleeping until market open...

  Market is currently closed.
  Next open: 2026-04-28 09:29 EDT (0h 0m from now)
  Sleeping until market open...

  Market is currently closed.
  Next open: 2026-04-28 09:29 EDT (0h 0m from now)
  Sleeping until market open...

  Market is currently closed.
  Next open: 2026-04-28 09:29 EDT (0h 0m from now)
  Sleeping until market open...

  Market is currently closed.
  Next open: 2026-04-28 09:29 EDT (0h 0m from now)
  Sleeping until market open...

  Market is currently closed.
  Next open: 2026-04-28 09:29 EDT (0h 0m from now)
  Sleeping until market open...

  Market is currently closed.
  Next open: 2026-04-28 09:29 EDT (0h 0m from now)
  Sleeping until market open...

  Market is currently closed.
  Next open: 2026-04-28 09:29 EDT (0h 0m from now)
  Sleeping until market open...

  Market is currently closed.
  Next open: 2026-04-28 09:29 EDT (0h 0m from now)
  Sleeping until market open...

  Market is currently closed.
  Next open: 2026-04-28 09:29 EDT (0h 0m from now)
  Sleeping until market open...

  Market is currently closed.
  Next open: 2026-04-28 09:29 EDT (0h 0m from now)
  Sleeping until market open...

  Market is currently closed.
  Next open: 2026-04-28 09:29 EDT (0h 0m from now)
  Sleeping until market open...

  Market is currently closed.
  Next open: 2026-04-28 09:29 EDT (0h 0m from now)
  Sleeping until market open...

  Market is currently closed.
  Next open: 2026-04-28 09:29 EDT (0h 0m from now)
  Sleeping until market open...

  Market is currently closed.
  Next open: 2026-04-28 09:29 EDT (0h 0m from now)
  Sleeping until market open...

  Market is currently closed.
  Next open: 2026-04-28 09:29 EDT (0h 0m from now)
  Sleeping until market open...

  Market is currently closed.
  Next open: 2026-04-28 09:29 EDT (0h 0m from now)
  Sleeping until market open...

  Market is currently closed.
  Next open: 2026-04-28 09:29 EDT (0h 0m from now)
  Sleeping until market open...

  Market is currently closed.
  Next open: 2026-04-28 09:29 EDT (0h 0m from now)
  Sleeping until market open...

  Market is currently closed.
  Next open: 2026-04-28 09:29 EDT (0h 0m from now)
  Sleeping until market open...

  Market is currently closed.
  Next open: 2026-04-28 09:29 EDT (0h 0m from now)
  Sleeping until market open...

  Market is currently closed.
  Next open: 2026-04-28 09:29 EDT (0h 0m from now)
  Sleeping until market open...

  Market is currently closed.
  Next open: 2026-04-28 09:29 EDT (0h 0m from now)
  Sleeping until market open...

  Market is currently closed.
  Next open: 2026-04-28 09:29 EDT (0h 0m from now)
  Sleeping until market open...

  Market is currently closed.
  Next open: 2026-04-28 09:29 EDT (0h 0m from now)
  Sleeping until market open...

  Market is currently closed.
  Next open: 2026-04-28 09:29 EDT (0h 0m from now)
  Sleeping until market open...

  Market is currently closed.
  Next open: 2026-04-28 09:29 EDT (0h 0m from now)
  Sleeping until market open...

  Market is currently closed.
  Next open: 2026-04-28 09:29 EDT (0h 0m from now)
  Sleeping until market open...

  Market is currently closed.
  Next open: 2026-04-28 09:29 EDT (0h 0m from now)
  Sleeping until market open...

  Market is currently closed.
  Next open: 2026-04-28 09:29 EDT (0h 0m from now)
  Sleeping until market open...

  Market is currently closed.
  Next open: 2026-04-28 09:29 EDT (0h 0m from now)
  Sleeping until market open...

  Market is currently closed.
  Next open: 2026-04-28 09:29 EDT (0h 0m from now)
  Sleeping until market open...

  Market is currently closed.
  Next open: 2026-04-28 09:29 EDT (0h 0m from now)
  Sleeping until market open...

  Market is currently closed.
  Next open: 2026-04-28 09:29 EDT (0h 0m from now)
  Sleeping until market open...

  Market is currently closed.
  Next open: 2026-04-28 09:29 EDT (0h 0m from now)
  Sleeping until market open...

  Market is currently closed.
  Next open: 2026-04-28 09:29 EDT (0h 0m from now)
  Sleeping until market open...

  Market is currently closed.
  Next open: 2026-04-28 09:29 EDT (0h 0m from now)
  Sleeping until market open...

  Market is currently closed.
  Next open: 2026-04-28 09:29 EDT (0h 0m from now)
  Sleeping until market open...

  Market is currently closed.
  Next open: 2026-04-28 09:29 EDT (0h 0m from now)
  Sleeping until market open...

  Market is currently closed.
  Next open: 2026-04-28 09:29 EDT (0h 0m from now)
  Sleeping until market open...

  Market is currently closed.
  Next open: 2026-04-28 09:29 EDT (0h 0m from now)
  Sleeping until market open...

  Market is currently closed.
  Next open: 2026-04-28 09:29 EDT (0h 0m from now)
  Sleeping until market open...

  Market is currently closed.
  Next open: 2026-04-28 09:29 EDT (0h 0m from now)
  Sleeping until market open...

  Market is currently closed.
  Next open: 2026-04-28 09:29 EDT (0h 0m from now)
  Sleeping until market open...

  Market is currently closed.
  Next open: 2026-04-28 09:29 EDT (0h 0m from now)
  Sleeping until market open...

  Market is currently closed.
  Next open: 2026-04-28 09:29 EDT (0h 0m from now)
  Sleeping until market open...

  Market is currently closed.
  Next open: 2026-04-28 09:29 EDT (0h 0m from now)
  Sleeping until market open...

  Market is currently closed.
  Next open: 2026-04-28 09:29 EDT (0h 0m from now)
  Sleeping until market open...

  Market is currently closed.
  Next open: 2026-04-28 09:29 EDT (0h 0m from now)
  Sleeping until market open...

  Market is currently closed.
  Next open: 2026-04-28 09:29 EDT (0h 0m from now)
  Sleeping until market open...

  Market is currently closed.
  Next open: 2026-04-28 09:29 EDT (0h 0m from now)
  Sleeping until market open...

  Market is currently closed.
  Next open: 2026-04-28 09:29 EDT (0h 0m from now)
  Sleeping until market open...

  Market is currently closed.
  Next open: 2026-04-28 09:29 EDT (0h 0m from now)
  Sleeping until market open...

  Market is currently closed.
  Next open: 2026-04-28 09:29 EDT (0h 0m from now)
  Sleeping until market open...

  Market is currently closed.
  Next open: 2026-04-28 09:29 EDT (0h 0m from now)
  Sleeping until market open...

  Market is currently closed.
  Next open: 2026-04-28 09:29 EDT (0h 0m from now)
  Sleeping until market open...

  Market is currently closed.
  Next open: 2026-04-28 09:29 EDT (0h 0m from now)
  Sleeping until market open...

  Market is currently closed.
  Next open: 2026-04-28 09:29 EDT (0h 0m from now)
  Sleeping until market open...

  Market is currently closed.
  Next open: 2026-04-28 09:29 EDT (0h 0m from now)
  Sleeping until market open...

  Market is currently closed.
  Next open: 2026-04-28 09:29 EDT (0h 0m from now)
  Sleeping until market open...

  Market is currently closed.
  Next open: 2026-04-28 09:29 EDT (0h 0m from now)
  Sleeping until market open...

  Market is currently closed.
  Next open: 2026-04-28 09:29 EDT (0h 0m from now)
  Sleeping until market open...

  Market is currently closed.
  Next open: 2026-04-28 09:29 EDT (0h 0m from now)
  Sleeping until market open...

  Market is currently closed.
  Next open: 2026-04-28 09:29 EDT (0h 0m from now)
  Sleeping until market open...

  Market is currently closed.
  Next open: 2026-04-28 09:29 EDT (0h 0m from now)
  Sleeping until market open...

  Market is currently closed.
  Next open: 2026-04-28 09:29 EDT (0h 0m from now)
  Sleeping until market open...

  Market is currently closed.
  Next open: 2026-04-28 09:29 EDT (0h 0m from now)
  Sleeping until market open...

  Market is currently closed.
  Next open: 2026-04-28 09:29 EDT (0h 0m from now)
  Sleeping until market open...

  Market is currently closed.
  Next open: 2026-04-28 09:29 EDT (0h 0m from now)
  Sleeping until market open...

  Market is currently closed.
  Next open: 2026-04-28 09:29 EDT (0h 0m from now)
  Sleeping until market open...

  Market is currently closed.
  Next open: 2026-04-28 09:29 EDT (0h 0m from now)
  Sleeping until market open...

  Market is currently closed.
  Next open: 2026-04-28 09:29 EDT (0h 0m from now)
  Sleeping until market open...

  Market is currently closed.
  Next open: 2026-04-28 09:29 EDT (0h 0m from now)
  Sleeping until market open...

  Market is currently closed.
  Next open: 2026-04-28 09:29 EDT (0h 0m from now)
  Sleeping until market open...

  Market is currently closed.
  Next open: 2026-04-28 09:29 EDT (0h 0m from now)
  Sleeping until market open...

  Market is currently closed.
  Next open: 2026-04-28 09:29 EDT (0h 0m from now)
  Sleeping until market open...

  Market is currently closed.
  Next open: 2026-04-28 09:29 EDT (0h 0m from now)
  Sleeping until market open...

  Market is currently closed.
  Next open: 2026-04-28 09:29 EDT (0h 0m from now)
  Sleeping until market open...

  Market is currently closed.
  Next open: 2026-04-28 09:29 EDT (0h 0m from now)
  Sleeping until market open...

  Market is currently closed.
  Next open: 2026-04-28 09:29 EDT (0h 0m from now)
  Sleeping until market open...

  Market is currently closed.
  Next open: 2026-04-28 09:29 EDT (0h 0m from now)
  Sleeping until market open...

──────────────────────────────────────────────────────────────────────
  📡 SCAN #1
  2026-04-28 09:30:00 EDT
──────────────────────────────────────────────────────────────────────
  Launching scanner...

  ⏳ Next scan at 10:01:44 EDT

──────────────────────────────────────────────────────────────────────
  📡 SCAN #2
  2026-04-28 10:01:44 EDT
──────────────────────────────────────────────────────────────────────
  Launching scanner...

  ⏳ Next scan at 10:33:34 EDT

──────────────────────────────────────────────────────────────────────
  📡 SCAN #3
  2026-04-28 10:33:34 EDT
──────────────────────────────────────────────────────────────────────
  Launching scanner...

  ⏳ Next scan at 11:05:22 EDT

──────────────────────────────────────────────────────────────────────
  📡 SCAN #4
  2026-04-28 11:05:22 EDT
──────────────────────────────────────────────────────────────────────
  Launching scanner...

  ⏳ Next scan at 11:37:11 EDT

──────────────────────────────────────────────────────────────────────
  📡 SCAN #5
  2026-04-28 11:37:11 EDT
──────────────────────────────────────────────────────────────────────
  Launching scanner...

  ⏳ Next scan at 12:08:58 EDT

──────────────────────────────────────────────────────────────────────
  📡 SCAN #6
  2026-04-28 12:08:58 EDT
──────────────────────────────────────────────────────────────────────
  Launching scanner...

  ⏳ Next scan at 12:40:45 EDT

──────────────────────────────────────────────────────────────────────
  📡 SCAN #7
  2026-04-28 12:40:45 EDT
──────────────────────────────────────────────────────────────────────
  Launching scanner...

  ⏳ Next scan at 13:12:35 EDT

──────────────────────────────────────────────────────────────────────
  📡 SCAN #8
  2026-04-28 13:12:35 EDT
──────────────────────────────────────────────────────────────────────
  Launching scanner...

  ⏳ Next scan at 13:44:22 EDT

──────────────────────────────────────────────────────────────────────
  📡 SCAN #9
  2026-04-28 13:44:22 EDT
──────────────────────────────────────────────────────────────────────
  Launching scanner...

  ⏳ Next scan at 14:16:09 EDT

──────────────────────────────────────────────────────────────────────
  📡 SCAN #10
  2026-04-28 14:16:09 EDT
──────────────────────────────────────────────────────────────────────
  Launching scanner...

  ⏳ Next scan at 14:47:56 EDT

──────────────────────────────────────────────────────────────────────
  📡 SCAN #11
  2026-04-28 14:47:56 EDT
──────────────────────────────────────────────────────────────────────
  Launching scanner...

  ⏳ Next scan at 15:19:44 EDT

──────────────────────────────────────────────────────────────────────
  📡 SCAN #12
  2026-04-28 15:19:44 EDT
──────────────────────────────────────────────────────────────────────
  Launching scanner...

  ⏳ Next scan at 15:51:31 EDT

──────────────────────────────────────────────────────────────────────
  📡 SCAN #13
  2026-04-28 15:51:31 EDT
──────────────────────────────────────────────────────────────────────
  Launching scanner...

  Market closing soon — final scan complete for today.

======================================================================
  📋 END OF DAY REVIEW
  2026-04-28 15:53:26 EDT
======================================================================

  Waiting until 4:01 PM for post-close settlement scan...

  📡 SCAN #14 — POST-CLOSE SETTLEMENT
  Launching scanner...

  Recording outcomes for expiring contracts...
