
[Session started: 2026-05-13 09:36:41]

======================================================================
  🔄 OPTIONS FLOW SCANNER — SCHEDULER
  Started: 2026-05-13 09:36:41 EDT
  Scan interval: every 30 minutes during market hours
  Market hours: 9:30 — 16:00 Eastern
  Scanner: fetch_trades.py
  Press Ctrl+C to stop
======================================================================

──────────────────────────────────────────────────────────────────────
  📡 SCAN #1
  2026-05-13 09:36:41 EDT
──────────────────────────────────────────────────────────────────────
  Launching scanner...

  ⏳ Next scan at 10:08:08 EDT

[Session started: 2026-05-13 10:28:15]

======================================================================
  🔄 OPTIONS FLOW SCANNER — SCHEDULER
  Started: 2026-05-13 10:28:15 EDT
  Scan interval: every 30 minutes during market hours
  Market hours: 9:30 — 16:00 Eastern
  Scanner: fetch_trades.py
  Press Ctrl+C to stop
======================================================================

──────────────────────────────────────────────────────────────────────
  📡 SCAN #1
  2026-05-13 10:28:15 EDT
──────────────────────────────────────────────────────────────────────
  Launching scanner...

  ⏳ Next scan at 11:00:08 EDT

──────────────────────────────────────────────────────────────────────
  📡 SCAN #2
  2026-05-13 11:00:08 EDT
──────────────────────────────────────────────────────────────────────
  Launching scanner...
