
[Session started: 2026-05-05 09:15:53]

======================================================================
  🔄 OPTIONS FLOW SCANNER — SCHEDULER
  Started: 2026-05-05 09:15:53 EDT
  Scan interval: every 30 minutes during market hours
  Market hours: 9:30 — 16:00 Eastern
  Scanner: fetch_trades.py
  Press Ctrl+C to stop
======================================================================

  Market is currently closed.
  Next open: 2026-05-05 09:29 EDT (0h 14m from now)
  Sleeping until market open...


======================================================================
  Scheduler stopped by user
  Runtime:     0h 0m
  Total scans: 0
  Errors:      0
  Journal contains your complete signal history.
======================================================================


[Session started: 2026-05-05 09:18:58]

======================================================================
  🔄 OPTIONS FLOW SCANNER — SCHEDULER
  Started: 2026-05-05 09:18:58 EDT
  Scan interval: every 30 minutes during market hours
  Market hours: 9:30 — 16:00 Eastern
  Scanner: fetch_trades.py
  Press Ctrl+C to stop
======================================================================

  Market is currently closed.
  Next open: 2026-05-05 09:29 EDT (0h 11m from now)
  Sleeping until market open...

  Market is currently closed.
  Next open: 2026-05-05 09:29 EDT (0h 0m from now)
  Sleeping until market open...

  Market is currently closed.
  Next open: 2026-05-05 09:29 EDT (0h 0m from now)
  Sleeping until market open...

  Market is currently closed.
  Next open: 2026-05-05 09:29 EDT (0h 0m from now)
  Sleeping until market open...

  Market is currently closed.
  Next open: 2026-05-05 09:29 EDT (0h 0m from now)
  Sleeping until market open...

  Market is currently closed.
  Next open: 2026-05-05 09:29 EDT (0h 0m from now)
  Sleeping until market open...

  Market is currently closed.
  Next open: 2026-05-05 09:29 EDT (0h 0m from now)
  Sleeping until market open...

  Market is currently closed.
  Next open: 2026-05-05 09:29 EDT (0h 0m from now)
  Sleeping until market open...

  Market is currently closed.
  Next open: 2026-05-05 09:29 EDT (0h 0m from now)
  Sleeping until market open...

  Market is currently closed.
  Next open: 2026-05-05 09:29 EDT (0h 0m from now)
  Sleeping until market open...

  Market is currently closed.
  Next open: 2026-05-05 09:29 EDT (0h 0m from now)
  Sleeping until market open...

  Market is currently closed.
  Next open: 2026-05-05 09:29 EDT (0h 0m from now)
  Sleeping until market open...

  Market is currently closed.
  Next open: 2026-05-05 09:29 EDT (0h 0m from now)
  Sleeping until market open...

  Market is currently closed.
  Next open: 2026-05-05 09:29 EDT (0h 0m from now)
  Sleeping until market open...

  Market is currently closed.
  Next open: 2026-05-05 09:29 EDT (0h 0m from now)
  Sleeping until market open...

  Market is currently closed.
  Next open: 2026-05-05 09:29 EDT (0h 0m from now)
  Sleeping until market open...

  Market is currently closed.
  Next open: 2026-05-05 09:29 EDT (0h 0m from now)
  Sleeping until market open...

  Market is currently closed.
  Next open: 2026-05-05 09:29 EDT (0h 0m from now)
  Sleeping until market open...

  Market is currently closed.
  Next open: 2026-05-05 09:29 EDT (0h 0m from now)
  Sleeping until market open...

  Market is currently closed.
  Next open: 2026-05-05 09:29 EDT (0h 0m from now)
  Sleeping until market open...

  Market is currently closed.
  Next open: 2026-05-05 09:29 EDT (0h 0m from now)
  Sleeping until market open...

  Market is currently closed.
  Next open: 2026-05-05 09:29 EDT (0h 0m from now)
  Sleeping until market open...

  Market is currently closed.
  Next open: 2026-05-05 09:29 EDT (0h 0m from now)
  Sleeping until market open...

  Market is currently closed.
  Next open: 2026-05-05 09:29 EDT (0h 0m from now)
  Sleeping until market open...

  Market is currently closed.
  Next open: 2026-05-05 09:29 EDT (0h 0m from now)
  Sleeping until market open...

  Market is currently closed.
  Next open: 2026-05-05 09:29 EDT (0h 0m from now)
  Sleeping until market open...

  Market is currently closed.
  Next open: 2026-05-05 09:29 EDT (0h 0m from now)
  Sleeping until market open...

  Market is currently closed.
  Next open: 2026-05-05 09:29 EDT (0h 0m from now)
  Sleeping until market open...

  Market is currently closed.
  Next open: 2026-05-05 09:29 EDT (0h 0m from now)
  Sleeping until market open...

  Market is currently closed.
  Next open: 2026-05-05 09:29 EDT (0h 0m from now)
  Sleeping until market open...

  Market is currently closed.
  Next open: 2026-05-05 09:29 EDT (0h 0m from now)
  Sleeping until market open...

  Market is currently closed.
  Next open: 2026-05-05 09:29 EDT (0h 0m from now)
  Sleeping until market open...

  Market is currently closed.
  Next open: 2026-05-05 09:29 EDT (0h 0m from now)
  Sleeping until market open...

  Market is currently closed.
  Next open: 2026-05-05 09:29 EDT (0h 0m from now)
  Sleeping until market open...

  Market is currently closed.
  Next open: 2026-05-05 09:29 EDT (0h 0m from now)
  Sleeping until market open...

  Market is currently closed.
  Next open: 2026-05-05 09:29 EDT (0h 0m from now)
  Sleeping until market open...

  Market is currently closed.
  Next open: 2026-05-05 09:29 EDT (0h 0m from now)
  Sleeping until market open...

  Market is currently closed.
  Next open: 2026-05-05 09:29 EDT (0h 0m from now)
  Sleeping until market open...

  Market is currently closed.
  Next open: 2026-05-05 09:29 EDT (0h 0m from now)
  Sleeping until market open...

  Market is currently closed.
  Next open: 2026-05-05 09:29 EDT (0h 0m from now)
  Sleeping until market open...

  Market is currently closed.
  Next open: 2026-05-05 09:29 EDT (0h 0m from now)
  Sleeping until market open...

  Market is currently closed.
  Next open: 2026-05-05 09:29 EDT (0h 0m from now)
  Sleeping until market open...

  Market is currently closed.
  Next open: 2026-05-05 09:29 EDT (0h 0m from now)
  Sleeping until market open...

  Market is currently closed.
  Next open: 2026-05-05 09:29 EDT (0h 0m from now)
  Sleeping until market open...

  Market is currently closed.
  Next open: 2026-05-05 09:29 EDT (0h 0m from now)
  Sleeping until market open...

  Market is currently closed.
  Next open: 2026-05-05 09:29 EDT (0h 0m from now)
  Sleeping until market open...

  Market is currently closed.
  Next open: 2026-05-05 09:29 EDT (0h 0m from now)
  Sleeping until market open...

  Market is currently closed.
  Next open: 2026-05-05 09:29 EDT (0h 0m from now)
  Sleeping until market open...

  Market is currently closed.
  Next open: 2026-05-05 09:29 EDT (0h 0m from now)
  Sleeping until market open...

  Market is currently closed.
  Next open: 2026-05-05 09:29 EDT (0h 0m from now)
  Sleeping until market open...

  Market is currently closed.
  Next open: 2026-05-05 09:29 EDT (0h 0m from now)
  Sleeping until market open...

  Market is currently closed.
  Next open: 2026-05-05 09:29 EDT (0h 0m from now)
  Sleeping until market open...

  Market is currently closed.
  Next open: 2026-05-05 09:29 EDT (0h 0m from now)
  Sleeping until market open...

  Market is currently closed.
  Next open: 2026-05-05 09:29 EDT (0h 0m from now)
  Sleeping until market open...

  Market is currently closed.
  Next open: 2026-05-05 09:29 EDT (0h 0m from now)
  Sleeping until market open...

  Market is currently closed.
  Next open: 2026-05-05 09:29 EDT (0h 0m from now)
  Sleeping until market open...

  Market is currently closed.
  Next open: 2026-05-05 09:29 EDT (0h 0m from now)
  Sleeping until market open...

  Market is currently closed.
  Next open: 2026-05-05 09:29 EDT (0h 0m from now)
  Sleeping until market open...

  Market is currently closed.
  Next open: 2026-05-05 09:29 EDT (0h 0m from now)
  Sleeping until market open...

  Market is currently closed.
  Next open: 2026-05-05 09:29 EDT (0h 0m from now)
  Sleeping until market open...

  Market is currently closed.
  Next open: 2026-05-05 09:29 EDT (0h 0m from now)
  Sleeping until market open...

  Market is currently closed.
  Next open: 2026-05-05 09:29 EDT (0h 0m from now)
  Sleeping until market open...

  Market is currently closed.
  Next open: 2026-05-05 09:29 EDT (0h 0m from now)
  Sleeping until market open...

  Market is currently closed.
  Next open: 2026-05-05 09:29 EDT (0h 0m from now)
  Sleeping until market open...

  Market is currently closed.
  Next open: 2026-05-05 09:29 EDT (0h 0m from now)
  Sleeping until market open...

  Market is currently closed.
  Next open: 2026-05-05 09:29 EDT (0h 0m from now)
  Sleeping until market open...

  Market is currently closed.
  Next open: 2026-05-05 09:29 EDT (0h 0m from now)
  Sleeping until market open...

  Market is currently closed.
  Next open: 2026-05-05 09:29 EDT (0h 0m from now)
  Sleeping until market open...

  Market is currently closed.
  Next open: 2026-05-05 09:29 EDT (0h 0m from now)
  Sleeping until market open...

  Market is currently closed.
  Next open: 2026-05-05 09:29 EDT (0h 0m from now)
  Sleeping until market open...

  Market is currently closed.
  Next open: 2026-05-05 09:29 EDT (0h 0m from now)
  Sleeping until market open...

  Market is currently closed.
  Next open: 2026-05-05 09:29 EDT (0h 0m from now)
  Sleeping until market open...

  Market is currently closed.
  Next open: 2026-05-05 09:29 EDT (0h 0m from now)
  Sleeping until market open...

  Market is currently closed.
  Next open: 2026-05-05 09:29 EDT (0h 0m from now)
  Sleeping until market open...

  Market is currently closed.
  Next open: 2026-05-05 09:29 EDT (0h 0m from now)
  Sleeping until market open...

  Market is currently closed.
  Next open: 2026-05-05 09:29 EDT (0h 0m from now)
  Sleeping until market open...

  Market is currently closed.
  Next open: 2026-05-05 09:29 EDT (0h 0m from now)
  Sleeping until market open...

  Market is currently closed.
  Next open: 2026-05-05 09:29 EDT (0h 0m from now)
  Sleeping until market open...

  Market is currently closed.
  Next open: 2026-05-05 09:29 EDT (0h 0m from now)
  Sleeping until market open...

  Market is currently closed.
  Next open: 2026-05-05 09:29 EDT (0h 0m from now)
  Sleeping until market open...

  Market is currently closed.
  Next open: 2026-05-05 09:29 EDT (0h 0m from now)
  Sleeping until market open...

  Market is currently closed.
  Next open: 2026-05-05 09:29 EDT (0h 0m from now)
  Sleeping until market open...

  Market is currently closed.
  Next open: 2026-05-05 09:29 EDT (0h 0m from now)
  Sleeping until market open...

  Market is currently closed.
  Next open: 2026-05-05 09:29 EDT (0h 0m from now)
  Sleeping until market open...

  Market is currently closed.
  Next open: 2026-05-05 09:29 EDT (0h 0m from now)
  Sleeping until market open...

  Market is currently closed.
  Next open: 2026-05-05 09:29 EDT (0h 0m from now)
  Sleeping until market open...

  Market is currently closed.
  Next open: 2026-05-05 09:29 EDT (0h 0m from now)
  Sleeping until market open...

  Market is currently closed.
  Next open: 2026-05-05 09:29 EDT (0h 0m from now)
  Sleeping until market open...

  Market is currently closed.
  Next open: 2026-05-05 09:29 EDT (0h 0m from now)
  Sleeping until market open...

  Market is currently closed.
  Next open: 2026-05-05 09:29 EDT (0h 0m from now)
  Sleeping until market open...

  Market is currently closed.
  Next open: 2026-05-05 09:29 EDT (0h 0m from now)
  Sleeping until market open...

  Market is currently closed.
  Next open: 2026-05-05 09:29 EDT (0h 0m from now)
  Sleeping until market open...

  Market is currently closed.
  Next open: 2026-05-05 09:29 EDT (0h 0m from now)
  Sleeping until market open...

  Market is currently closed.
  Next open: 2026-05-05 09:29 EDT (0h 0m from now)
  Sleeping until market open...

  Market is currently closed.
  Next open: 2026-05-05 09:29 EDT (0h 0m from now)
  Sleeping until market open...

  Market is currently closed.
  Next open: 2026-05-05 09:29 EDT (0h 0m from now)
  Sleeping until market open...

  Market is currently closed.
  Next open: 2026-05-05 09:29 EDT (0h 0m from now)
  Sleeping until market open...

  Market is currently closed.
  Next open: 2026-05-05 09:29 EDT (0h 0m from now)
  Sleeping until market open...

  Market is currently closed.
  Next open: 2026-05-05 09:29 EDT (0h 0m from now)
  Sleeping until market open...

  Market is currently closed.
  Next open: 2026-05-05 09:29 EDT (0h 0m from now)
  Sleeping until market open...

  Market is currently closed.
  Next open: 2026-05-05 09:29 EDT (0h 0m from now)
  Sleeping until market open...

  Market is currently closed.
  Next open: 2026-05-05 09:29 EDT (0h 0m from now)
  Sleeping until market open...

  Market is currently closed.
  Next open: 2026-05-05 09:29 EDT (0h 0m from now)
  Sleeping until market open...

  Market is currently closed.
  Next open: 2026-05-05 09:29 EDT (0h 0m from now)
  Sleeping until market open...

  Market is currently closed.
  Next open: 2026-05-05 09:29 EDT (0h 0m from now)
  Sleeping until market open...

  Market is currently closed.
  Next open: 2026-05-05 09:29 EDT (0h 0m from now)
  Sleeping until market open...

  Market is currently closed.
  Next open: 2026-05-05 09:29 EDT (0h 0m from now)
  Sleeping until market open...

  Market is currently closed.
  Next open: 2026-05-05 09:29 EDT (0h 0m from now)
  Sleeping until market open...

  Market is currently closed.
  Next open: 2026-05-05 09:29 EDT (0h 0m from now)
  Sleeping until market open...

  Market is currently closed.
  Next open: 2026-05-05 09:29 EDT (0h 0m from now)
  Sleeping until market open...

  Market is currently closed.
  Next open: 2026-05-05 09:29 EDT (0h 0m from now)
  Sleeping until market open...

  Market is currently closed.
  Next open: 2026-05-05 09:29 EDT (0h 0m from now)
  Sleeping until market open...

  Market is currently closed.
  Next open: 2026-05-05 09:29 EDT (0h 0m from now)
  Sleeping until market open...

  Market is currently closed.
  Next open: 2026-05-05 09:29 EDT (0h 0m from now)
  Sleeping until market open...

  Market is currently closed.
  Next open: 2026-05-05 09:29 EDT (0h 0m from now)
  Sleeping until market open...

  Market is currently closed.
  Next open: 2026-05-05 09:29 EDT (0h 0m from now)
  Sleeping until market open...

  Market is currently closed.
  Next open: 2026-05-05 09:29 EDT (0h 0m from now)
  Sleeping until market open...

  Market is currently closed.
  Next open: 2026-05-05 09:29 EDT (0h 0m from now)
  Sleeping until market open...

  Market is currently closed.
  Next open: 2026-05-05 09:29 EDT (0h 0m from now)
  Sleeping until market open...

  Market is currently closed.
  Next open: 2026-05-05 09:29 EDT (0h 0m from now)
  Sleeping until market open...

  Market is currently closed.
  Next open: 2026-05-05 09:29 EDT (0h 0m from now)
  Sleeping until market open...

  Market is currently closed.
  Next open: 2026-05-05 09:29 EDT (0h 0m from now)
  Sleeping until market open...

  Market is currently closed.
  Next open: 2026-05-05 09:29 EDT (0h 0m from now)
  Sleeping until market open...

  Market is currently closed.
  Next open: 2026-05-05 09:29 EDT (0h 0m from now)
  Sleeping until market open...

  Market is currently closed.
  Next open: 2026-05-05 09:29 EDT (0h 0m from now)
  Sleeping until market open...

  Market is currently closed.
  Next open: 2026-05-05 09:29 EDT (0h 0m from now)
  Sleeping until market open...

  Market is currently closed.
  Next open: 2026-05-05 09:29 EDT (0h 0m from now)
  Sleeping until market open...

  Market is currently closed.
  Next open: 2026-05-05 09:29 EDT (0h 0m from now)
  Sleeping until market open...

  Market is currently closed.
  Next open: 2026-05-05 09:29 EDT (0h 0m from now)
  Sleeping until market open...

  Market is currently closed.
  Next open: 2026-05-05 09:29 EDT (0h 0m from now)
  Sleeping until market open...

  Market is currently closed.
  Next open: 2026-05-05 09:29 EDT (0h 0m from now)
  Sleeping until market open...

  Market is currently closed.
  Next open: 2026-05-05 09:29 EDT (0h 0m from now)
  Sleeping until market open...

  Market is currently closed.
  Next open: 2026-05-05 09:29 EDT (0h 0m from now)
  Sleeping until market open...

  Market is currently closed.
  Next open: 2026-05-05 09:29 EDT (0h 0m from now)
  Sleeping until market open...

  Market is currently closed.
  Next open: 2026-05-05 09:29 EDT (0h 0m from now)
  Sleeping until market open...

  Market is currently closed.
  Next open: 2026-05-05 09:29 EDT (0h 0m from now)
  Sleeping until market open...

  Market is currently closed.
  Next open: 2026-05-05 09:29 EDT (0h 0m from now)
  Sleeping until market open...

  Market is currently closed.
  Next open: 2026-05-05 09:29 EDT (0h 0m from now)
  Sleeping until market open...

  Market is currently closed.
  Next open: 2026-05-05 09:29 EDT (0h 0m from now)
  Sleeping until market open...

  Market is currently closed.
  Next open: 2026-05-05 09:29 EDT (0h 0m from now)
  Sleeping until market open...

  Market is currently closed.
  Next open: 2026-05-05 09:29 EDT (0h 0m from now)
  Sleeping until market open...

  Market is currently closed.
  Next open: 2026-05-05 09:29 EDT (0h 0m from now)
  Sleeping until market open...

  Market is currently closed.
  Next open: 2026-05-05 09:29 EDT (0h 0m from now)
  Sleeping until market open...

  Market is currently closed.
  Next open: 2026-05-05 09:29 EDT (0h 0m from now)
  Sleeping until market open...

  Market is currently closed.
  Next open: 2026-05-05 09:29 EDT (0h 0m from now)
  Sleeping until market open...

  Market is currently closed.
  Next open: 2026-05-05 09:29 EDT (0h 0m from now)
  Sleeping until market open...

  Market is currently closed.
  Next open: 2026-05-05 09:29 EDT (0h 0m from now)
  Sleeping until market open...

  Market is currently closed.
  Next open: 2026-05-05 09:29 EDT (0h 0m from now)
  Sleeping until market open...

  Market is currently closed.
  Next open: 2026-05-05 09:29 EDT (0h 0m from now)
  Sleeping until market open...

  Market is currently closed.
  Next open: 2026-05-05 09:29 EDT (0h 0m from now)
  Sleeping until market open...

  Market is currently closed.
  Next open: 2026-05-05 09:29 EDT (0h 0m from now)
  Sleeping until market open...

  Market is currently closed.
  Next open: 2026-05-05 09:29 EDT (0h 0m from now)
  Sleeping until market open...

  Market is currently closed.
  Next open: 2026-05-05 09:29 EDT (0h 0m from now)
  Sleeping until market open...

  Market is currently closed.
  Next open: 2026-05-05 09:29 EDT (0h 0m from now)
  Sleeping until market open...

  Market is currently closed.
  Next open: 2026-05-05 09:29 EDT (0h 0m from now)
  Sleeping until market open...

  Market is currently closed.
  Next open: 2026-05-05 09:29 EDT (0h 0m from now)
  Sleeping until market open...

  Market is currently closed.
  Next open: 2026-05-05 09:29 EDT (0h 0m from now)
  Sleeping until market open...

  Market is currently closed.
  Next open: 2026-05-05 09:29 EDT (0h 0m from now)
  Sleeping until market open...

  Market is currently closed.
  Next open: 2026-05-05 09:29 EDT (0h 0m from now)
  Sleeping until market open...

  Market is currently closed.
  Next open: 2026-05-05 09:29 EDT (0h 0m from now)
  Sleeping until market open...

  Market is currently closed.
  Next open: 2026-05-05 09:29 EDT (0h 0m from now)
  Sleeping until market open...

  Market is currently closed.
  Next open: 2026-05-05 09:29 EDT (0h 0m from now)
  Sleeping until market open...

  Market is currently closed.
  Next open: 2026-05-05 09:29 EDT (0h 0m from now)
  Sleeping until market open...

  Market is currently closed.
  Next open: 2026-05-05 09:29 EDT (0h 0m from now)
  Sleeping until market open...

  Market is currently closed.
  Next open: 2026-05-05 09:29 EDT (0h 0m from now)
  Sleeping until market open...

  Market is currently closed.
  Next open: 2026-05-05 09:29 EDT (0h 0m from now)
  Sleeping until market open...

  Market is currently closed.
  Next open: 2026-05-05 09:29 EDT (0h 0m from now)
  Sleeping until market open...

  Market is currently closed.
  Next open: 2026-05-05 09:29 EDT (0h 0m from now)
  Sleeping until market open...

  Market is currently closed.
  Next open: 2026-05-05 09:29 EDT (0h 0m from now)
  Sleeping until market open...

  Market is currently closed.
  Next open: 2026-05-05 09:29 EDT (0h 0m from now)
  Sleeping until market open...

  Market is currently closed.
  Next open: 2026-05-05 09:29 EDT (0h 0m from now)
  Sleeping until market open...

  Market is currently closed.
  Next open: 2026-05-05 09:29 EDT (0h 0m from now)
  Sleeping until market open...

  Market is currently closed.
  Next open: 2026-05-05 09:29 EDT (0h 0m from now)
  Sleeping until market open...

  Market is currently closed.
  Next open: 2026-05-05 09:29 EDT (0h 0m from now)
  Sleeping until market open...

  Market is currently closed.
  Next open: 2026-05-05 09:29 EDT (0h 0m from now)
  Sleeping until market open...

  Market is currently closed.
  Next open: 2026-05-05 09:29 EDT (0h 0m from now)
  Sleeping until market open...

  Market is currently closed.
  Next open: 2026-05-05 09:29 EDT (0h 0m from now)
  Sleeping until market open...

  Market is currently closed.
  Next open: 2026-05-05 09:29 EDT (0h 0m from now)
  Sleeping until market open...

  Market is currently closed.
  Next open: 2026-05-05 09:29 EDT (0h 0m from now)
  Sleeping until market open...

  Market is currently closed.
  Next open: 2026-05-05 09:29 EDT (0h 0m from now)
  Sleeping until market open...

  Market is currently closed.
  Next open: 2026-05-05 09:29 EDT (0h 0m from now)
  Sleeping until market open...

  Market is currently closed.
  Next open: 2026-05-05 09:29 EDT (0h 0m from now)
  Sleeping until market open...

  Market is currently closed.
  Next open: 2026-05-05 09:29 EDT (0h 0m from now)
  Sleeping until market open...

  Market is currently closed.
  Next open: 2026-05-05 09:29 EDT (0h 0m from now)
  Sleeping until market open...

  Market is currently closed.
  Next open: 2026-05-05 09:29 EDT (0h 0m from now)
  Sleeping until market open...

  Market is currently closed.
  Next open: 2026-05-05 09:29 EDT (0h 0m from now)
  Sleeping until market open...

  Market is currently closed.
  Next open: 2026-05-05 09:29 EDT (0h 0m from now)
  Sleeping until market open...

  Market is currently closed.
  Next open: 2026-05-05 09:29 EDT (0h 0m from now)
  Sleeping until market open...

  Market is currently closed.
  Next open: 2026-05-05 09:29 EDT (0h 0m from now)
  Sleeping until market open...

  Market is currently closed.
  Next open: 2026-05-05 09:29 EDT (0h 0m from now)
  Sleeping until market open...

  Market is currently closed.
  Next open: 2026-05-05 09:29 EDT (0h 0m from now)
  Sleeping until market open...

  Market is currently closed.
  Next open: 2026-05-05 09:29 EDT (0h 0m from now)
  Sleeping until market open...

  Market is currently closed.
  Next open: 2026-05-05 09:29 EDT (0h 0m from now)
  Sleeping until market open...

  Market is currently closed.
  Next open: 2026-05-05 09:29 EDT (0h 0m from now)
  Sleeping until market open...

  Market is currently closed.
  Next open: 2026-05-05 09:29 EDT (0h 0m from now)
  Sleeping until market open...

  Market is currently closed.
  Next open: 2026-05-05 09:29 EDT (0h 0m from now)
  Sleeping until market open...

  Market is currently closed.
  Next open: 2026-05-05 09:29 EDT (0h 0m from now)
  Sleeping until market open...

  Market is currently closed.
  Next open: 2026-05-05 09:29 EDT (0h 0m from now)
  Sleeping until market open...

  Market is currently closed.
  Next open: 2026-05-05 09:29 EDT (0h 0m from now)
  Sleeping until market open...

  Market is currently closed.
  Next open: 2026-05-05 09:29 EDT (0h 0m from now)
  Sleeping until market open...

  Market is currently closed.
  Next open: 2026-05-05 09:29 EDT (0h 0m from now)
  Sleeping until market open...

  Market is currently closed.
  Next open: 2026-05-05 09:29 EDT (0h 0m from now)
  Sleeping until market open...

  Market is currently closed.
  Next open: 2026-05-05 09:29 EDT (0h 0m from now)
  Sleeping until market open...

  Market is currently closed.
  Next open: 2026-05-05 09:29 EDT (0h 0m from now)
  Sleeping until market open...

  Market is currently closed.
  Next open: 2026-05-05 09:29 EDT (0h 0m from now)
  Sleeping until market open...

  Market is currently closed.
  Next open: 2026-05-05 09:29 EDT (0h 0m from now)
  Sleeping until market open...

  Market is currently closed.
  Next open: 2026-05-05 09:29 EDT (0h 0m from now)
  Sleeping until market open...

  Market is currently closed.
  Next open: 2026-05-05 09:29 EDT (0h 0m from now)
  Sleeping until market open...

  Market is currently closed.
  Next open: 2026-05-05 09:29 EDT (0h 0m from now)
  Sleeping until market open...

  Market is currently closed.
  Next open: 2026-05-05 09:29 EDT (0h 0m from now)
  Sleeping until market open...

  Market is currently closed.
  Next open: 2026-05-05 09:29 EDT (0h 0m from now)
  Sleeping until market open...

  Market is currently closed.
  Next open: 2026-05-05 09:29 EDT (0h 0m from now)
  Sleeping until market open...

  Market is currently closed.
  Next open: 2026-05-05 09:29 EDT (0h 0m from now)
  Sleeping until market open...

  Market is currently closed.
  Next open: 2026-05-05 09:29 EDT (0h 0m from now)
  Sleeping until market open...

  Market is currently closed.
  Next open: 2026-05-05 09:29 EDT (0h 0m from now)
  Sleeping until market open...

  Market is currently closed.
  Next open: 2026-05-05 09:29 EDT (0h 0m from now)
  Sleeping until market open...

  Market is currently closed.
  Next open: 2026-05-05 09:29 EDT (0h 0m from now)
  Sleeping until market open...

  Market is currently closed.
  Next open: 2026-05-05 09:29 EDT (0h 0m from now)
  Sleeping until market open...

  Market is currently closed.
  Next open: 2026-05-05 09:29 EDT (0h 0m from now)
  Sleeping until market open...

  Market is currently closed.
  Next open: 2026-05-05 09:29 EDT (0h 0m from now)
  Sleeping until market open...

  Market is currently closed.
  Next open: 2026-05-05 09:29 EDT (0h 0m from now)
  Sleeping until market open...

  Market is currently closed.
  Next open: 2026-05-05 09:29 EDT (0h 0m from now)
  Sleeping until market open...

  Market is currently closed.
  Next open: 2026-05-05 09:29 EDT (0h 0m from now)
  Sleeping until market open...

  Market is currently closed.
  Next open: 2026-05-05 09:29 EDT (0h 0m from now)
  Sleeping until market open...

  Market is currently closed.
  Next open: 2026-05-05 09:29 EDT (0h 0m from now)
  Sleeping until market open...

  Market is currently closed.
  Next open: 2026-05-05 09:29 EDT (0h 0m from now)
  Sleeping until market open...

  Market is currently closed.
  Next open: 2026-05-05 09:29 EDT (0h 0m from now)
  Sleeping until market open...

  Market is currently closed.
  Next open: 2026-05-05 09:29 EDT (0h 0m from now)
  Sleeping until market open...

  Market is currently closed.
  Next open: 2026-05-05 09:29 EDT (0h 0m from now)
  Sleeping until market open...

  Market is currently closed.
  Next open: 2026-05-05 09:29 EDT (0h 0m from now)
  Sleeping until market open...

  Market is currently closed.
  Next open: 2026-05-05 09:29 EDT (0h 0m from now)
  Sleeping until market open...

  Market is currently closed.
  Next open: 2026-05-05 09:29 EDT (0h 0m from now)
  Sleeping until market open...

  Market is currently closed.
  Next open: 2026-05-05 09:29 EDT (0h 0m from now)
  Sleeping until market open...

  Market is currently closed.
  Next open: 2026-05-05 09:29 EDT (0h 0m from now)
  Sleeping until market open...

  Market is currently closed.
  Next open: 2026-05-05 09:29 EDT (0h 0m from now)
  Sleeping until market open...

  Market is currently closed.
  Next open: 2026-05-05 09:29 EDT (0h 0m from now)
  Sleeping until market open...

  Market is currently closed.
  Next open: 2026-05-05 09:29 EDT (0h 0m from now)
  Sleeping until market open...

  Market is currently closed.
  Next open: 2026-05-05 09:29 EDT (0h 0m from now)
  Sleeping until market open...

  Market is currently closed.
  Next open: 2026-05-05 09:29 EDT (0h 0m from now)
  Sleeping until market open...

  Market is currently closed.
  Next open: 2026-05-05 09:29 EDT (0h 0m from now)
  Sleeping until market open...

  Market is currently closed.
  Next open: 2026-05-05 09:29 EDT (0h 0m from now)
  Sleeping until market open...

  Market is currently closed.
  Next open: 2026-05-05 09:29 EDT (0h 0m from now)
  Sleeping until market open...

  Market is currently closed.
  Next open: 2026-05-05 09:29 EDT (0h 0m from now)
  Sleeping until market open...

  Market is currently closed.
  Next open: 2026-05-05 09:29 EDT (0h 0m from now)
  Sleeping until market open...

  Market is currently closed.
  Next open: 2026-05-05 09:29 EDT (0h 0m from now)
  Sleeping until market open...

  Market is currently closed.
  Next open: 2026-05-05 09:29 EDT (0h 0m from now)
  Sleeping until market open...

  Market is currently closed.
  Next open: 2026-05-05 09:29 EDT (0h 0m from now)
  Sleeping until market open...

  Market is currently closed.
  Next open: 2026-05-05 09:29 EDT (0h 0m from now)
  Sleeping until market open...

  Market is currently closed.
  Next open: 2026-05-05 09:29 EDT (0h 0m from now)
  Sleeping until market open...

  Market is currently closed.
  Next open: 2026-05-05 09:29 EDT (0h 0m from now)
  Sleeping until market open...

  Market is currently closed.
  Next open: 2026-05-05 09:29 EDT (0h 0m from now)
  Sleeping until market open...

  Market is currently closed.
  Next open: 2026-05-05 09:29 EDT (0h 0m from now)
  Sleeping until market open...

  Market is currently closed.
  Next open: 2026-05-05 09:29 EDT (0h 0m from now)
  Sleeping until market open...

  Market is currently closed.
  Next open: 2026-05-05 09:29 EDT (0h 0m from now)
  Sleeping until market open...

  Market is currently closed.
  Next open: 2026-05-05 09:29 EDT (0h 0m from now)
  Sleeping until market open...

  Market is currently closed.
  Next open: 2026-05-05 09:29 EDT (0h 0m from now)
  Sleeping until market open...

  Market is currently closed.
  Next open: 2026-05-05 09:29 EDT (0h 0m from now)
  Sleeping until market open...

  Market is currently closed.
  Next open: 2026-05-05 09:29 EDT (0h 0m from now)
  Sleeping until market open...

  Market is currently closed.
  Next open: 2026-05-05 09:29 EDT (0h 0m from now)
  Sleeping until market open...

  Market is currently closed.
  Next open: 2026-05-05 09:29 EDT (0h 0m from now)
  Sleeping until market open...

  Market is currently closed.
  Next open: 2026-05-05 09:29 EDT (0h 0m from now)
  Sleeping until market open...

  Market is currently closed.
  Next open: 2026-05-05 09:29 EDT (0h 0m from now)
  Sleeping until market open...

  Market is currently closed.
  Next open: 2026-05-05 09:29 EDT (0h 0m from now)
  Sleeping until market open...

  Market is currently closed.
  Next open: 2026-05-05 09:29 EDT (0h 0m from now)
  Sleeping until market open...

  Market is currently closed.
  Next open: 2026-05-05 09:29 EDT (0h 0m from now)
  Sleeping until market open...

  Market is currently closed.
  Next open: 2026-05-05 09:29 EDT (0h 0m from now)
  Sleeping until market open...

  Market is currently closed.
  Next open: 2026-05-05 09:29 EDT (0h 0m from now)
  Sleeping until market open...

  Market is currently closed.
  Next open: 2026-05-05 09:29 EDT (0h 0m from now)
  Sleeping until market open...

  Market is currently closed.
  Next open: 2026-05-05 09:29 EDT (0h 0m from now)
  Sleeping until market open...

  Market is currently closed.
  Next open: 2026-05-05 09:29 EDT (0h 0m from now)
  Sleeping until market open...

  Market is currently closed.
  Next open: 2026-05-05 09:29 EDT (0h 0m from now)
  Sleeping until market open...

  Market is currently closed.
  Next open: 2026-05-05 09:29 EDT (0h 0m from now)
  Sleeping until market open...

  Market is currently closed.
  Next open: 2026-05-05 09:29 EDT (0h 0m from now)
  Sleeping until market open...

  Market is currently closed.
  Next open: 2026-05-05 09:29 EDT (0h 0m from now)
  Sleeping until market open...

  Market is currently closed.
  Next open: 2026-05-05 09:29 EDT (0h 0m from now)
  Sleeping until market open...

  Market is currently closed.
  Next open: 2026-05-05 09:29 EDT (0h 0m from now)
  Sleeping until market open...

  Market is currently closed.
  Next open: 2026-05-05 09:29 EDT (0h 0m from now)
  Sleeping until market open...

  Market is currently closed.
  Next open: 2026-05-05 09:29 EDT (0h 0m from now)
  Sleeping until market open...

  Market is currently closed.
  Next open: 2026-05-05 09:29 EDT (0h 0m from now)
  Sleeping until market open...

  Market is currently closed.
  Next open: 2026-05-05 09:29 EDT (0h 0m from now)
  Sleeping until market open...

  Market is currently closed.
  Next open: 2026-05-05 09:29 EDT (0h 0m from now)
  Sleeping until market open...

  Market is currently closed.
  Next open: 2026-05-05 09:29 EDT (0h 0m from now)
  Sleeping until market open...

  Market is currently closed.
  Next open: 2026-05-05 09:29 EDT (0h 0m from now)
  Sleeping until market open...

  Market is currently closed.
  Next open: 2026-05-05 09:29 EDT (0h 0m from now)
  Sleeping until market open...

  Market is currently closed.
  Next open: 2026-05-05 09:29 EDT (0h 0m from now)
  Sleeping until market open...

  Market is currently closed.
  Next open: 2026-05-05 09:29 EDT (0h 0m from now)
  Sleeping until market open...

  Market is currently closed.
  Next open: 2026-05-05 09:29 EDT (0h 0m from now)
  Sleeping until market open...

  Market is currently closed.
  Next open: 2026-05-05 09:29 EDT (0h 0m from now)
  Sleeping until market open...

  Market is currently closed.
  Next open: 2026-05-05 09:29 EDT (0h 0m from now)
  Sleeping until market open...

  Market is currently closed.
  Next open: 2026-05-05 09:29 EDT (0h 0m from now)
  Sleeping until market open...

  Market is currently closed.
  Next open: 2026-05-05 09:29 EDT (0h 0m from now)
  Sleeping until market open...

  Market is currently closed.
  Next open: 2026-05-05 09:29 EDT (0h 0m from now)
  Sleeping until market open...

  Market is currently closed.
  Next open: 2026-05-05 09:29 EDT (0h 0m from now)
  Sleeping until market open...

  Market is currently closed.
  Next open: 2026-05-05 09:29 EDT (0h 0m from now)
  Sleeping until market open...

  Market is currently closed.
  Next open: 2026-05-05 09:29 EDT (0h 0m from now)
  Sleeping until market open...

  Market is currently closed.
  Next open: 2026-05-05 09:29 EDT (0h 0m from now)
  Sleeping until market open...

  Market is currently closed.
  Next open: 2026-05-05 09:29 EDT (0h 0m from now)
  Sleeping until market open...

  Market is currently closed.
  Next open: 2026-05-05 09:29 EDT (0h 0m from now)
  Sleeping until market open...

  Market is currently closed.
  Next open: 2026-05-05 09:29 EDT (0h 0m from now)
  Sleeping until market open...

  Market is currently closed.
  Next open: 2026-05-05 09:29 EDT (0h 0m from now)
  Sleeping until market open...

  Market is currently closed.
  Next open: 2026-05-05 09:29 EDT (0h 0m from now)
  Sleeping until market open...

  Market is currently closed.
  Next open: 2026-05-05 09:29 EDT (0h 0m from now)
  Sleeping until market open...

  Market is currently closed.
  Next open: 2026-05-05 09:29 EDT (0h 0m from now)
  Sleeping until market open...

  Market is currently closed.
  Next open: 2026-05-05 09:29 EDT (0h 0m from now)
  Sleeping until market open...

  Market is currently closed.
  Next open: 2026-05-05 09:29 EDT (0h 0m from now)
  Sleeping until market open...

  Market is currently closed.
  Next open: 2026-05-05 09:29 EDT (0h 0m from now)
  Sleeping until market open...

  Market is currently closed.
  Next open: 2026-05-05 09:29 EDT (0h 0m from now)
  Sleeping until market open...

  Market is currently closed.
  Next open: 2026-05-05 09:29 EDT (0h 0m from now)
  Sleeping until market open...

  Market is currently closed.
  Next open: 2026-05-05 09:29 EDT (0h 0m from now)
  Sleeping until market open...

  Market is currently closed.
  Next open: 2026-05-05 09:29 EDT (0h 0m from now)
  Sleeping until market open...

  Market is currently closed.
  Next open: 2026-05-05 09:29 EDT (0h 0m from now)
  Sleeping until market open...

  Market is currently closed.
  Next open: 2026-05-05 09:29 EDT (0h 0m from now)
  Sleeping until market open...

  Market is currently closed.
  Next open: 2026-05-05 09:29 EDT (0h 0m from now)
  Sleeping until market open...

  Market is currently closed.
  Next open: 2026-05-05 09:29 EDT (0h 0m from now)
  Sleeping until market open...

  Market is currently closed.
  Next open: 2026-05-05 09:29 EDT (0h 0m from now)
  Sleeping until market open...

  Market is currently closed.
  Next open: 2026-05-05 09:29 EDT (0h 0m from now)
  Sleeping until market open...

  Market is currently closed.
  Next open: 2026-05-05 09:29 EDT (0h 0m from now)
  Sleeping until market open...

  Market is currently closed.
  Next open: 2026-05-05 09:29 EDT (0h 0m from now)
  Sleeping until market open...

  Market is currently closed.
  Next open: 2026-05-05 09:29 EDT (0h 0m from now)
  Sleeping until market open...

  Market is currently closed.
  Next open: 2026-05-05 09:29 EDT (0h 0m from now)
  Sleeping until market open...

  Market is currently closed.
  Next open: 2026-05-05 09:29 EDT (0h 0m from now)
  Sleeping until market open...

  Market is currently closed.
  Next open: 2026-05-05 09:29 EDT (0h 0m from now)
  Sleeping until market open...

  Market is currently closed.
  Next open: 2026-05-05 09:29 EDT (0h 0m from now)
  Sleeping until market open...

  Market is currently closed.
  Next open: 2026-05-05 09:29 EDT (0h 0m from now)
  Sleeping until market open...

  Market is currently closed.
  Next open: 2026-05-05 09:29 EDT (0h 0m from now)
  Sleeping until market open...

  Market is currently closed.
  Next open: 2026-05-05 09:29 EDT (0h 0m from now)
  Sleeping until market open...

  Market is currently closed.
  Next open: 2026-05-05 09:29 EDT (0h 0m from now)
  Sleeping until market open...

  Market is currently closed.
  Next open: 2026-05-05 09:29 EDT (0h 0m from now)
  Sleeping until market open...

  Market is currently closed.
  Next open: 2026-05-05 09:29 EDT (0h 0m from now)
  Sleeping until market open...

  Market is currently closed.
  Next open: 2026-05-05 09:29 EDT (0h 0m from now)
  Sleeping until market open...

  Market is currently closed.
  Next open: 2026-05-05 09:29 EDT (0h 0m from now)
  Sleeping until market open...

  Market is currently closed.
  Next open: 2026-05-05 09:29 EDT (0h 0m from now)
  Sleeping until market open...

  Market is currently closed.
  Next open: 2026-05-05 09:29 EDT (0h 0m from now)
  Sleeping until market open...

  Market is currently closed.
  Next open: 2026-05-05 09:29 EDT (0h 0m from now)
  Sleeping until market open...

  Market is currently closed.
  Next open: 2026-05-05 09:29 EDT (0h 0m from now)
  Sleeping until market open...

  Market is currently closed.
  Next open: 2026-05-05 09:29 EDT (0h 0m from now)
  Sleeping until market open...

  Market is currently closed.
  Next open: 2026-05-05 09:29 EDT (0h 0m from now)
  Sleeping until market open...

  Market is currently closed.
  Next open: 2026-05-05 09:29 EDT (0h 0m from now)
  Sleeping until market open...

  Market is currently closed.
  Next open: 2026-05-05 09:29 EDT (0h 0m from now)
  Sleeping until market open...

  Market is currently closed.
  Next open: 2026-05-05 09:29 EDT (0h 0m from now)
  Sleeping until market open...

  Market is currently closed.
  Next open: 2026-05-05 09:29 EDT (0h 0m from now)
  Sleeping until market open...

  Market is currently closed.
  Next open: 2026-05-05 09:29 EDT (0h 0m from now)
  Sleeping until market open...

  Market is currently closed.
  Next open: 2026-05-05 09:29 EDT (0h 0m from now)
  Sleeping until market open...

  Market is currently closed.
  Next open: 2026-05-05 09:29 EDT (0h 0m from now)
  Sleeping until market open...

  Market is currently closed.
  Next open: 2026-05-05 09:29 EDT (0h 0m from now)
  Sleeping until market open...

  Market is currently closed.
  Next open: 2026-05-05 09:29 EDT (0h 0m from now)
  Sleeping until market open...

  Market is currently closed.
  Next open: 2026-05-05 09:29 EDT (0h 0m from now)
  Sleeping until market open...

  Market is currently closed.
  Next open: 2026-05-05 09:29 EDT (0h 0m from now)
  Sleeping until market open...

  Market is currently closed.
  Next open: 2026-05-05 09:29 EDT (0h 0m from now)
  Sleeping until market open...

  Market is currently closed.
  Next open: 2026-05-05 09:29 EDT (0h 0m from now)
  Sleeping until market open...

  Market is currently closed.
  Next open: 2026-05-05 09:29 EDT (0h 0m from now)
  Sleeping until market open...

  Market is currently closed.
  Next open: 2026-05-05 09:29 EDT (0h 0m from now)
  Sleeping until market open...

  Market is currently closed.
  Next open: 2026-05-05 09:29 EDT (0h 0m from now)
  Sleeping until market open...

  Market is currently closed.
  Next open: 2026-05-05 09:29 EDT (0h 0m from now)
  Sleeping until market open...

  Market is currently closed.
  Next open: 2026-05-05 09:29 EDT (0h 0m from now)
  Sleeping until market open...

  Market is currently closed.
  Next open: 2026-05-05 09:29 EDT (0h 0m from now)
  Sleeping until market open...

  Market is currently closed.
  Next open: 2026-05-05 09:29 EDT (0h 0m from now)
  Sleeping until market open...

  Market is currently closed.
  Next open: 2026-05-05 09:29 EDT (0h 0m from now)
  Sleeping until market open...

  Market is currently closed.
  Next open: 2026-05-05 09:29 EDT (0h 0m from now)
  Sleeping until market open...

  Market is currently closed.
  Next open: 2026-05-05 09:29 EDT (0h 0m from now)
  Sleeping until market open...

  Market is currently closed.
  Next open: 2026-05-05 09:29 EDT (0h 0m from now)
  Sleeping until market open...

  Market is currently closed.
  Next open: 2026-05-05 09:29 EDT (0h 0m from now)
  Sleeping until market open...

  Market is currently closed.
  Next open: 2026-05-05 09:29 EDT (0h 0m from now)
  Sleeping until market open...

  Market is currently closed.
  Next open: 2026-05-05 09:29 EDT (0h 0m from now)
  Sleeping until market open...

  Market is currently closed.
  Next open: 2026-05-05 09:29 EDT (0h 0m from now)
  Sleeping until market open...

  Market is currently closed.
  Next open: 2026-05-05 09:29 EDT (0h 0m from now)
  Sleeping until market open...

  Market is currently closed.
  Next open: 2026-05-05 09:29 EDT (0h 0m from now)
  Sleeping until market open...

  Market is currently closed.
  Next open: 2026-05-05 09:29 EDT (0h 0m from now)
  Sleeping until market open...

  Market is currently closed.
  Next open: 2026-05-05 09:29 EDT (0h 0m from now)
  Sleeping until market open...

  Market is currently closed.
  Next open: 2026-05-05 09:29 EDT (0h 0m from now)
  Sleeping until market open...

  Market is currently closed.
  Next open: 2026-05-05 09:29 EDT (0h 0m from now)
  Sleeping until market open...

  Market is currently closed.
  Next open: 2026-05-05 09:29 EDT (0h 0m from now)
  Sleeping until market open...

  Market is currently closed.
  Next open: 2026-05-05 09:29 EDT (0h 0m from now)
  Sleeping until market open...

  Market is currently closed.
  Next open: 2026-05-05 09:29 EDT (0h 0m from now)
  Sleeping until market open...

  Market is currently closed.
  Next open: 2026-05-05 09:29 EDT (0h 0m from now)
  Sleeping until market open...

  Market is currently closed.
  Next open: 2026-05-05 09:29 EDT (0h 0m from now)
  Sleeping until market open...

  Market is currently closed.
  Next open: 2026-05-05 09:29 EDT (0h 0m from now)
  Sleeping until market open...

  Market is currently closed.
  Next open: 2026-05-05 09:29 EDT (0h 0m from now)
  Sleeping until market open...

  Market is currently closed.
  Next open: 2026-05-05 09:29 EDT (0h 0m from now)
  Sleeping until market open...

  Market is currently closed.
  Next open: 2026-05-05 09:29 EDT (0h 0m from now)
  Sleeping until market open...

  Market is currently closed.
  Next open: 2026-05-05 09:29 EDT (0h 0m from now)
  Sleeping until market open...

  Market is currently closed.
  Next open: 2026-05-05 09:29 EDT (0h 0m from now)
  Sleeping until market open...

  Market is currently closed.
  Next open: 2026-05-05 09:29 EDT (0h 0m from now)
  Sleeping until market open...

  Market is currently closed.
  Next open: 2026-05-05 09:29 EDT (0h 0m from now)
  Sleeping until market open...

  Market is currently closed.
  Next open: 2026-05-05 09:29 EDT (0h 0m from now)
  Sleeping until market open...

  Market is currently closed.
  Next open: 2026-05-05 09:29 EDT (0h 0m from now)
  Sleeping until market open...

  Market is currently closed.
  Next open: 2026-05-05 09:29 EDT (0h 0m from now)
  Sleeping until market open...

  Market is currently closed.
  Next open: 2026-05-05 09:29 EDT (0h 0m from now)
  Sleeping until market open...

  Market is currently closed.
  Next open: 2026-05-05 09:29 EDT (0h 0m from now)
  Sleeping until market open...

  Market is currently closed.
  Next open: 2026-05-05 09:29 EDT (0h 0m from now)
  Sleeping until market open...

  Market is currently closed.
  Next open: 2026-05-05 09:29 EDT (0h 0m from now)
  Sleeping until market open...

  Market is currently closed.
  Next open: 2026-05-05 09:29 EDT (0h 0m from now)
  Sleeping until market open...

  Market is currently closed.
  Next open: 2026-05-05 09:29 EDT (0h 0m from now)
  Sleeping until market open...

  Market is currently closed.
  Next open: 2026-05-05 09:29 EDT (0h 0m from now)
  Sleeping until market open...

  Market is currently closed.
  Next open: 2026-05-05 09:29 EDT (0h 0m from now)
  Sleeping until market open...

  Market is currently closed.
  Next open: 2026-05-05 09:29 EDT (0h 0m from now)
  Sleeping until market open...

  Market is currently closed.
  Next open: 2026-05-05 09:29 EDT (0h 0m from now)
  Sleeping until market open...

  Market is currently closed.
  Next open: 2026-05-05 09:29 EDT (0h 0m from now)
  Sleeping until market open...

  Market is currently closed.
  Next open: 2026-05-05 09:29 EDT (0h 0m from now)
  Sleeping until market open...

  Market is currently closed.
  Next open: 2026-05-05 09:29 EDT (0h 0m from now)
  Sleeping until market open...

  Market is currently closed.
  Next open: 2026-05-05 09:29 EDT (0h 0m from now)
  Sleeping until market open...

  Market is currently closed.
  Next open: 2026-05-05 09:29 EDT (0h 0m from now)
  Sleeping until market open...

  Market is currently closed.
  Next open: 2026-05-05 09:29 EDT (0h 0m from now)
  Sleeping until market open...

  Market is currently closed.
  Next open: 2026-05-05 09:29 EDT (0h 0m from now)
  Sleeping until market open...

  Market is currently closed.
  Next open: 2026-05-05 09:29 EDT (0h 0m from now)
  Sleeping until market open...

  Market is currently closed.
  Next open: 2026-05-05 09:29 EDT (0h 0m from now)
  Sleeping until market open...

  Market is currently closed.
  Next open: 2026-05-05 09:29 EDT (0h 0m from now)
  Sleeping until market open...

  Market is currently closed.
  Next open: 2026-05-05 09:29 EDT (0h 0m from now)
  Sleeping until market open...

  Market is currently closed.
  Next open: 2026-05-05 09:29 EDT (0h 0m from now)
  Sleeping until market open...

  Market is currently closed.
  Next open: 2026-05-05 09:29 EDT (0h 0m from now)
  Sleeping until market open...

  Market is currently closed.
  Next open: 2026-05-05 09:29 EDT (0h 0m from now)
  Sleeping until market open...

  Market is currently closed.
  Next open: 2026-05-05 09:29 EDT (0h 0m from now)
  Sleeping until market open...

  Market is currently closed.
  Next open: 2026-05-05 09:29 EDT (0h 0m from now)
  Sleeping until market open...

  Market is currently closed.
  Next open: 2026-05-05 09:29 EDT (0h 0m from now)
  Sleeping until market open...

  Market is currently closed.
  Next open: 2026-05-05 09:29 EDT (0h 0m from now)
  Sleeping until market open...

  Market is currently closed.
  Next open: 2026-05-05 09:29 EDT (0h 0m from now)
  Sleeping until market open...

  Market is currently closed.
  Next open: 2026-05-05 09:29 EDT (0h 0m from now)
  Sleeping until market open...

  Market is currently closed.
  Next open: 2026-05-05 09:29 EDT (0h 0m from now)
  Sleeping until market open...

  Market is currently closed.
  Next open: 2026-05-05 09:29 EDT (0h 0m from now)
  Sleeping until market open...

  Market is currently closed.
  Next open: 2026-05-05 09:29 EDT (0h 0m from now)
  Sleeping until market open...

  Market is currently closed.
  Next open: 2026-05-05 09:29 EDT (0h 0m from now)
  Sleeping until market open...

  Market is currently closed.
  Next open: 2026-05-05 09:29 EDT (0h 0m from now)
  Sleeping until market open...

  Market is currently closed.
  Next open: 2026-05-05 09:29 EDT (0h 0m from now)
  Sleeping until market open...

  Market is currently closed.
  Next open: 2026-05-05 09:29 EDT (0h 0m from now)
  Sleeping until market open...

  Market is currently closed.
  Next open: 2026-05-05 09:29 EDT (0h 0m from now)
  Sleeping until market open...

  Market is currently closed.
  Next open: 2026-05-05 09:29 EDT (0h 0m from now)
  Sleeping until market open...

  Market is currently closed.
  Next open: 2026-05-05 09:29 EDT (0h 0m from now)
  Sleeping until market open...

  Market is currently closed.
  Next open: 2026-05-05 09:29 EDT (0h 0m from now)
  Sleeping until market open...

  Market is currently closed.
  Next open: 2026-05-05 09:29 EDT (0h 0m from now)
  Sleeping until market open...

  Market is currently closed.
  Next open: 2026-05-05 09:29 EDT (0h 0m from now)
  Sleeping until market open...

  Market is currently closed.
  Next open: 2026-05-05 09:29 EDT (0h 0m from now)
  Sleeping until market open...

  Market is currently closed.
  Next open: 2026-05-05 09:29 EDT (0h 0m from now)
  Sleeping until market open...

  Market is currently closed.
  Next open: 2026-05-05 09:29 EDT (0h 0m from now)
  Sleeping until market open...

  Market is currently closed.
  Next open: 2026-05-05 09:29 EDT (0h 0m from now)
  Sleeping until market open...

  Market is currently closed.
  Next open: 2026-05-05 09:29 EDT (0h 0m from now)
  Sleeping until market open...

  Market is currently closed.
  Next open: 2026-05-05 09:29 EDT (0h 0m from now)
  Sleeping until market open...

  Market is currently closed.
  Next open: 2026-05-05 09:29 EDT (0h 0m from now)
  Sleeping until market open...

  Market is currently closed.
  Next open: 2026-05-05 09:29 EDT (0h 0m from now)
  Sleeping until market open...

  Market is currently closed.
  Next open: 2026-05-05 09:29 EDT (0h 0m from now)
  Sleeping until market open...

  Market is currently closed.
  Next open: 2026-05-05 09:29 EDT (0h 0m from now)
  Sleeping until market open...

  Market is currently closed.
  Next open: 2026-05-05 09:29 EDT (0h 0m from now)
  Sleeping until market open...

  Market is currently closed.
  Next open: 2026-05-05 09:29 EDT (0h 0m from now)
  Sleeping until market open...

  Market is currently closed.
  Next open: 2026-05-05 09:29 EDT (0h 0m from now)
  Sleeping until market open...

  Market is currently closed.
  Next open: 2026-05-05 09:29 EDT (0h 0m from now)
  Sleeping until market open...

  Market is currently closed.
  Next open: 2026-05-05 09:29 EDT (0h 0m from now)
  Sleeping until market open...

  Market is currently closed.
  Next open: 2026-05-05 09:29 EDT (0h 0m from now)
  Sleeping until market open...

  Market is currently closed.
  Next open: 2026-05-05 09:29 EDT (0h 0m from now)
  Sleeping until market open...

  Market is currently closed.
  Next open: 2026-05-05 09:29 EDT (0h 0m from now)
  Sleeping until market open...

  Market is currently closed.
  Next open: 2026-05-05 09:29 EDT (0h 0m from now)
  Sleeping until market open...

  Market is currently closed.
  Next open: 2026-05-05 09:29 EDT (0h 0m from now)
  Sleeping until market open...

  Market is currently closed.
  Next open: 2026-05-05 09:29 EDT (0h 0m from now)
  Sleeping until market open...

  Market is currently closed.
  Next open: 2026-05-05 09:29 EDT (0h 0m from now)
  Sleeping until market open...

  Market is currently closed.
  Next open: 2026-05-05 09:29 EDT (0h 0m from now)
  Sleeping until market open...

  Market is currently closed.
  Next open: 2026-05-05 09:29 EDT (0h 0m from now)
  Sleeping until market open...

  Market is currently closed.
  Next open: 2026-05-05 09:29 EDT (0h 0m from now)
  Sleeping until market open...

  Market is currently closed.
  Next open: 2026-05-05 09:29 EDT (0h 0m from now)
  Sleeping until market open...

  Market is currently closed.
  Next open: 2026-05-05 09:29 EDT (0h 0m from now)
  Sleeping until market open...

  Market is currently closed.
  Next open: 2026-05-05 09:29 EDT (0h 0m from now)
  Sleeping until market open...

  Market is currently closed.
  Next open: 2026-05-05 09:29 EDT (0h 0m from now)
  Sleeping until market open...

  Market is currently closed.
  Next open: 2026-05-05 09:29 EDT (0h 0m from now)
  Sleeping until market open...

  Market is currently closed.
  Next open: 2026-05-05 09:29 EDT (0h 0m from now)
  Sleeping until market open...

  Market is currently closed.
  Next open: 2026-05-05 09:29 EDT (0h 0m from now)
  Sleeping until market open...

  Market is currently closed.
  Next open: 2026-05-05 09:29 EDT (0h 0m from now)
  Sleeping until market open...

  Market is currently closed.
  Next open: 2026-05-05 09:29 EDT (0h 0m from now)
  Sleeping until market open...

  Market is currently closed.
  Next open: 2026-05-05 09:29 EDT (0h 0m from now)
  Sleeping until market open...

  Market is currently closed.
  Next open: 2026-05-05 09:29 EDT (0h 0m from now)
  Sleeping until market open...

  Market is currently closed.
  Next open: 2026-05-05 09:29 EDT (0h 0m from now)
  Sleeping until market open...

  Market is currently closed.
  Next open: 2026-05-05 09:29 EDT (0h 0m from now)
  Sleeping until market open...

  Market is currently closed.
  Next open: 2026-05-05 09:29 EDT (0h 0m from now)
  Sleeping until market open...

  Market is currently closed.
  Next open: 2026-05-05 09:29 EDT (0h 0m from now)
  Sleeping until market open...

  Market is currently closed.
  Next open: 2026-05-05 09:29 EDT (0h 0m from now)
  Sleeping until market open...

  Market is currently closed.
  Next open: 2026-05-05 09:29 EDT (0h 0m from now)
  Sleeping until market open...

  Market is currently closed.
  Next open: 2026-05-05 09:29 EDT (0h 0m from now)
  Sleeping until market open...

  Market is currently closed.
  Next open: 2026-05-05 09:29 EDT (0h 0m from now)
  Sleeping until market open...

  Market is currently closed.
  Next open: 2026-05-05 09:29 EDT (0h 0m from now)
  Sleeping until market open...

  Market is currently closed.
  Next open: 2026-05-05 09:29 EDT (0h 0m from now)
  Sleeping until market open...

  Market is currently closed.
  Next open: 2026-05-05 09:29 EDT (0h 0m from now)
  Sleeping until market open...

  Market is currently closed.
  Next open: 2026-05-05 09:29 EDT (0h 0m from now)
  Sleeping until market open...

  Market is currently closed.
  Next open: 2026-05-05 09:29 EDT (0h 0m from now)
  Sleeping until market open...

  Market is currently closed.
  Next open: 2026-05-05 09:29 EDT (0h 0m from now)
  Sleeping until market open...

  Market is currently closed.
  Next open: 2026-05-05 09:29 EDT (0h 0m from now)
  Sleeping until market open...

  Market is currently closed.
  Next open: 2026-05-05 09:29 EDT (0h 0m from now)
  Sleeping until market open...

  Market is currently closed.
  Next open: 2026-05-05 09:29 EDT (0h 0m from now)
  Sleeping until market open...

  Market is currently closed.
  Next open: 2026-05-05 09:29 EDT (0h 0m from now)
  Sleeping until market open...

  Market is currently closed.
  Next open: 2026-05-05 09:29 EDT (0h 0m from now)
  Sleeping until market open...

  Market is currently closed.
  Next open: 2026-05-05 09:29 EDT (0h 0m from now)
  Sleeping until market open...

  Market is currently closed.
  Next open: 2026-05-05 09:29 EDT (0h 0m from now)
  Sleeping until market open...

  Market is currently closed.
  Next open: 2026-05-05 09:29 EDT (0h 0m from now)
  Sleeping until market open...

  Market is currently closed.
  Next open: 2026-05-05 09:29 EDT (0h 0m from now)
  Sleeping until market open...

  Market is currently closed.
  Next open: 2026-05-05 09:29 EDT (0h 0m from now)
  Sleeping until market open...

  Market is currently closed.
  Next open: 2026-05-05 09:29 EDT (0h 0m from now)
  Sleeping until market open...

  Market is currently closed.
  Next open: 2026-05-05 09:29 EDT (0h 0m from now)
  Sleeping until market open...

  Market is currently closed.
  Next open: 2026-05-05 09:29 EDT (0h 0m from now)
  Sleeping until market open...

  Market is currently closed.
  Next open: 2026-05-05 09:29 EDT (0h 0m from now)
  Sleeping until market open...

  Market is currently closed.
  Next open: 2026-05-05 09:29 EDT (0h 0m from now)
  Sleeping until market open...

  Market is currently closed.
  Next open: 2026-05-05 09:29 EDT (0h 0m from now)
  Sleeping until market open...

  Market is currently closed.
  Next open: 2026-05-05 09:29 EDT (0h 0m from now)
  Sleeping until market open...

  Market is currently closed.
  Next open: 2026-05-05 09:29 EDT (0h 0m from now)
  Sleeping until market open...

  Market is currently closed.
  Next open: 2026-05-05 09:29 EDT (0h 0m from now)
  Sleeping until market open...

  Market is currently closed.
  Next open: 2026-05-05 09:29 EDT (0h 0m from now)
  Sleeping until market open...

  Market is currently closed.
  Next open: 2026-05-05 09:29 EDT (0h 0m from now)
  Sleeping until market open...

  Market is currently closed.
  Next open: 2026-05-05 09:29 EDT (0h 0m from now)
  Sleeping until market open...

  Market is currently closed.
  Next open: 2026-05-05 09:29 EDT (0h 0m from now)
  Sleeping until market open...

  Market is currently closed.
  Next open: 2026-05-05 09:29 EDT (0h 0m from now)
  Sleeping until market open...

  Market is currently closed.
  Next open: 2026-05-05 09:29 EDT (0h 0m from now)
  Sleeping until market open...

  Market is currently closed.
  Next open: 2026-05-05 09:29 EDT (0h 0m from now)
  Sleeping until market open...

  Market is currently closed.
  Next open: 2026-05-05 09:29 EDT (0h 0m from now)
  Sleeping until market open...

  Market is currently closed.
  Next open: 2026-05-05 09:29 EDT (0h 0m from now)
  Sleeping until market open...

  Market is currently closed.
  Next open: 2026-05-05 09:29 EDT (0h 0m from now)
  Sleeping until market open...

  Market is currently closed.
  Next open: 2026-05-05 09:29 EDT (0h 0m from now)
  Sleeping until market open...

  Market is currently closed.
  Next open: 2026-05-05 09:29 EDT (0h 0m from now)
  Sleeping until market open...

  Market is currently closed.
  Next open: 2026-05-05 09:29 EDT (0h 0m from now)
  Sleeping until market open...

  Market is currently closed.
  Next open: 2026-05-05 09:29 EDT (0h 0m from now)
  Sleeping until market open...

  Market is currently closed.
  Next open: 2026-05-05 09:29 EDT (0h 0m from now)
  Sleeping until market open...

  Market is currently closed.
  Next open: 2026-05-05 09:29 EDT (0h 0m from now)
  Sleeping until market open...

  Market is currently closed.
  Next open: 2026-05-05 09:29 EDT (0h 0m from now)
  Sleeping until market open...

  Market is currently closed.
  Next open: 2026-05-05 09:29 EDT (0h 0m from now)
  Sleeping until market open...

  Market is currently closed.
  Next open: 2026-05-05 09:29 EDT (0h 0m from now)
  Sleeping until market open...

  Market is currently closed.
  Next open: 2026-05-05 09:29 EDT (0h 0m from now)
  Sleeping until market open...

  Market is currently closed.
  Next open: 2026-05-05 09:29 EDT (0h 0m from now)
  Sleeping until market open...

  Market is currently closed.
  Next open: 2026-05-05 09:29 EDT (0h 0m from now)
  Sleeping until market open...

  Market is currently closed.
  Next open: 2026-05-05 09:29 EDT (0h 0m from now)
  Sleeping until market open...

  Market is currently closed.
  Next open: 2026-05-05 09:29 EDT (0h 0m from now)
  Sleeping until market open...

  Market is currently closed.
  Next open: 2026-05-05 09:29 EDT (0h 0m from now)
  Sleeping until market open...

  Market is currently closed.
  Next open: 2026-05-05 09:29 EDT (0h 0m from now)
  Sleeping until market open...

  Market is currently closed.
  Next open: 2026-05-05 09:29 EDT (0h 0m from now)
  Sleeping until market open...

  Market is currently closed.
  Next open: 2026-05-05 09:29 EDT (0h 0m from now)
  Sleeping until market open...

  Market is currently closed.
  Next open: 2026-05-05 09:29 EDT (0h 0m from now)
  Sleeping until market open...

  Market is currently closed.
  Next open: 2026-05-05 09:29 EDT (0h 0m from now)
  Sleeping until market open...

  Market is currently closed.
  Next open: 2026-05-05 09:29 EDT (0h 0m from now)
  Sleeping until market open...

  Market is currently closed.
  Next open: 2026-05-05 09:29 EDT (0h 0m from now)
  Sleeping until market open...

  Market is currently closed.
  Next open: 2026-05-05 09:29 EDT (0h 0m from now)
  Sleeping until market open...

  Market is currently closed.
  Next open: 2026-05-05 09:29 EDT (0h 0m from now)
  Sleeping until market open...

  Market is currently closed.
  Next open: 2026-05-05 09:29 EDT (0h 0m from now)
  Sleeping until market open...

  Market is currently closed.
  Next open: 2026-05-05 09:29 EDT (0h 0m from now)
  Sleeping until market open...

  Market is currently closed.
  Next open: 2026-05-05 09:29 EDT (0h 0m from now)
  Sleeping until market open...

  Market is currently closed.
  Next open: 2026-05-05 09:29 EDT (0h 0m from now)
  Sleeping until market open...

  Market is currently closed.
  Next open: 2026-05-05 09:29 EDT (0h 0m from now)
  Sleeping until market open...

  Market is currently closed.
  Next open: 2026-05-05 09:29 EDT (0h 0m from now)
  Sleeping until market open...

  Market is currently closed.
  Next open: 2026-05-05 09:29 EDT (0h 0m from now)
  Sleeping until market open...

  Market is currently closed.
  Next open: 2026-05-05 09:29 EDT (0h 0m from now)
  Sleeping until market open...

  Market is currently closed.
  Next open: 2026-05-05 09:29 EDT (0h 0m from now)
  Sleeping until market open...

  Market is currently closed.
  Next open: 2026-05-05 09:29 EDT (0h 0m from now)
  Sleeping until market open...

  Market is currently closed.
  Next open: 2026-05-05 09:29 EDT (0h 0m from now)
  Sleeping until market open...

  Market is currently closed.
  Next open: 2026-05-05 09:29 EDT (0h 0m from now)
  Sleeping until market open...

  Market is currently closed.
  Next open: 2026-05-05 09:29 EDT (0h 0m from now)
  Sleeping until market open...

  Market is currently closed.
  Next open: 2026-05-05 09:29 EDT (0h 0m from now)
  Sleeping until market open...

  Market is currently closed.
  Next open: 2026-05-05 09:29 EDT (0h 0m from now)
  Sleeping until market open...

  Market is currently closed.
  Next open: 2026-05-05 09:29 EDT (0h 0m from now)
  Sleeping until market open...

  Market is currently closed.
  Next open: 2026-05-05 09:29 EDT (0h 0m from now)
  Sleeping until market open...

  Market is currently closed.
  Next open: 2026-05-05 09:29 EDT (0h 0m from now)
  Sleeping until market open...

  Market is currently closed.
  Next open: 2026-05-05 09:29 EDT (0h 0m from now)
  Sleeping until market open...

  Market is currently closed.
  Next open: 2026-05-05 09:29 EDT (0h 0m from now)
  Sleeping until market open...

  Market is currently closed.
  Next open: 2026-05-05 09:29 EDT (0h 0m from now)
  Sleeping until market open...

  Market is currently closed.
  Next open: 2026-05-05 09:29 EDT (0h 0m from now)
  Sleeping until market open...

  Market is currently closed.
  Next open: 2026-05-05 09:29 EDT (0h 0m from now)
  Sleeping until market open...

  Market is currently closed.
  Next open: 2026-05-05 09:29 EDT (0h 0m from now)
  Sleeping until market open...

  Market is currently closed.
  Next open: 2026-05-05 09:29 EDT (0h 0m from now)
  Sleeping until market open...

  Market is currently closed.
  Next open: 2026-05-05 09:29 EDT (0h 0m from now)
  Sleeping until market open...

  Market is currently closed.
  Next open: 2026-05-05 09:29 EDT (0h 0m from now)
  Sleeping until market open...

  Market is currently closed.
  Next open: 2026-05-05 09:29 EDT (0h 0m from now)
  Sleeping until market open...

  Market is currently closed.
  Next open: 2026-05-05 09:29 EDT (0h 0m from now)
  Sleeping until market open...

  Market is currently closed.
  Next open: 2026-05-05 09:29 EDT (0h 0m from now)
  Sleeping until market open...

  Market is currently closed.
  Next open: 2026-05-05 09:29 EDT (0h 0m from now)
  Sleeping until market open...

  Market is currently closed.
  Next open: 2026-05-05 09:29 EDT (0h 0m from now)
  Sleeping until market open...

  Market is currently closed.
  Next open: 2026-05-05 09:29 EDT (0h 0m from now)
  Sleeping until market open...

  Market is currently closed.
  Next open: 2026-05-05 09:29 EDT (0h 0m from now)
  Sleeping until market open...

  Market is currently closed.
  Next open: 2026-05-05 09:29 EDT (0h 0m from now)
  Sleeping until market open...

  Market is currently closed.
  Next open: 2026-05-05 09:29 EDT (0h 0m from now)
  Sleeping until market open...

  Market is currently closed.
  Next open: 2026-05-05 09:29 EDT (0h 0m from now)
  Sleeping until market open...

  Market is currently closed.
  Next open: 2026-05-05 09:29 EDT (0h 0m from now)
  Sleeping until market open...

  Market is currently closed.
  Next open: 2026-05-05 09:29 EDT (0h 0m from now)
  Sleeping until market open...

  Market is currently closed.
  Next open: 2026-05-05 09:29 EDT (0h 0m from now)
  Sleeping until market open...

  Market is currently closed.
  Next open: 2026-05-05 09:29 EDT (0h 0m from now)
  Sleeping until market open...

  Market is currently closed.
  Next open: 2026-05-05 09:29 EDT (0h 0m from now)
  Sleeping until market open...

  Market is currently closed.
  Next open: 2026-05-05 09:29 EDT (0h 0m from now)
  Sleeping until market open...

  Market is currently closed.
  Next open: 2026-05-05 09:29 EDT (0h 0m from now)
  Sleeping until market open...

  Market is currently closed.
  Next open: 2026-05-05 09:29 EDT (0h 0m from now)
  Sleeping until market open...

  Market is currently closed.
  Next open: 2026-05-05 09:29 EDT (0h 0m from now)
  Sleeping until market open...

  Market is currently closed.
  Next open: 2026-05-05 09:29 EDT (0h 0m from now)
  Sleeping until market open...

  Market is currently closed.
  Next open: 2026-05-05 09:29 EDT (0h 0m from now)
  Sleeping until market open...

  Market is currently closed.
  Next open: 2026-05-05 09:29 EDT (0h 0m from now)
  Sleeping until market open...

  Market is currently closed.
  Next open: 2026-05-05 09:29 EDT (0h 0m from now)
  Sleeping until market open...

  Market is currently closed.
  Next open: 2026-05-05 09:29 EDT (0h 0m from now)
  Sleeping until market open...

  Market is currently closed.
  Next open: 2026-05-05 09:29 EDT (0h 0m from now)
  Sleeping until market open...

  Market is currently closed.
  Next open: 2026-05-05 09:29 EDT (0h 0m from now)
  Sleeping until market open...

  Market is currently closed.
  Next open: 2026-05-05 09:29 EDT (0h 0m from now)
  Sleeping until market open...

  Market is currently closed.
  Next open: 2026-05-05 09:29 EDT (0h 0m from now)
  Sleeping until market open...

  Market is currently closed.
  Next open: 2026-05-05 09:29 EDT (0h 0m from now)
  Sleeping until market open...

  Market is currently closed.
  Next open: 2026-05-05 09:29 EDT (0h 0m from now)
  Sleeping until market open...

  Market is currently closed.
  Next open: 2026-05-05 09:29 EDT (0h 0m from now)
  Sleeping until market open...

  Market is currently closed.
  Next open: 2026-05-05 09:29 EDT (0h 0m from now)
  Sleeping until market open...

  Market is currently closed.
  Next open: 2026-05-05 09:29 EDT (0h 0m from now)
  Sleeping until market open...

  Market is currently closed.
  Next open: 2026-05-05 09:29 EDT (0h 0m from now)
  Sleeping until market open...

  Market is currently closed.
  Next open: 2026-05-05 09:29 EDT (0h 0m from now)
  Sleeping until market open...

  Market is currently closed.
  Next open: 2026-05-05 09:29 EDT (0h 0m from now)
  Sleeping until market open...

  Market is currently closed.
  Next open: 2026-05-05 09:29 EDT (0h 0m from now)
  Sleeping until market open...

  Market is currently closed.
  Next open: 2026-05-05 09:29 EDT (0h 0m from now)
  Sleeping until market open...

  Market is currently closed.
  Next open: 2026-05-05 09:29 EDT (0h 0m from now)
  Sleeping until market open...

  Market is currently closed.
  Next open: 2026-05-05 09:29 EDT (0h 0m from now)
  Sleeping until market open...

  Market is currently closed.
  Next open: 2026-05-05 09:29 EDT (0h 0m from now)
  Sleeping until market open...

  Market is currently closed.
  Next open: 2026-05-05 09:29 EDT (0h 0m from now)
  Sleeping until market open...

  Market is currently closed.
  Next open: 2026-05-05 09:29 EDT (0h 0m from now)
  Sleeping until market open...

  Market is currently closed.
  Next open: 2026-05-05 09:29 EDT (0h 0m from now)
  Sleeping until market open...

  Market is currently closed.
  Next open: 2026-05-05 09:29 EDT (0h 0m from now)
  Sleeping until market open...

  Market is currently closed.
  Next open: 2026-05-05 09:29 EDT (0h 0m from now)
  Sleeping until market open...

  Market is currently closed.
  Next open: 2026-05-05 09:29 EDT (0h 0m from now)
  Sleeping until market open...

  Market is currently closed.
  Next open: 2026-05-05 09:29 EDT (0h 0m from now)
  Sleeping until market open...

  Market is currently closed.
  Next open: 2026-05-05 09:29 EDT (0h 0m from now)
  Sleeping until market open...

  Market is currently closed.
  Next open: 2026-05-05 09:29 EDT (0h 0m from now)
  Sleeping until market open...

  Market is currently closed.
  Next open: 2026-05-05 09:29 EDT (0h 0m from now)
  Sleeping until market open...

  Market is currently closed.
  Next open: 2026-05-05 09:29 EDT (0h 0m from now)
  Sleeping until market open...

  Market is currently closed.
  Next open: 2026-05-05 09:29 EDT (0h 0m from now)
  Sleeping until market open...

  Market is currently closed.
  Next open: 2026-05-05 09:29 EDT (0h 0m from now)
  Sleeping until market open...

  Market is currently closed.
  Next open: 2026-05-05 09:29 EDT (0h 0m from now)
  Sleeping until market open...

  Market is currently closed.
  Next open: 2026-05-05 09:29 EDT (0h 0m from now)
  Sleeping until market open...

  Market is currently closed.
  Next open: 2026-05-05 09:29 EDT (0h 0m from now)
  Sleeping until market open...

  Market is currently closed.
  Next open: 2026-05-05 09:29 EDT (0h 0m from now)
  Sleeping until market open...

  Market is currently closed.
  Next open: 2026-05-05 09:29 EDT (0h 0m from now)
  Sleeping until market open...

  Market is currently closed.
  Next open: 2026-05-05 09:29 EDT (0h 0m from now)
  Sleeping until market open...

  Market is currently closed.
  Next open: 2026-05-05 09:29 EDT (0h 0m from now)
  Sleeping until market open...

  Market is currently closed.
  Next open: 2026-05-05 09:29 EDT (0h 0m from now)
  Sleeping until market open...

  Market is currently closed.
  Next open: 2026-05-05 09:29 EDT (0h 0m from now)
  Sleeping until market open...

  Market is currently closed.
  Next open: 2026-05-05 09:29 EDT (0h 0m from now)
  Sleeping until market open...

  Market is currently closed.
  Next open: 2026-05-05 09:29 EDT (0h 0m from now)
  Sleeping until market open...

  Market is currently closed.
  Next open: 2026-05-05 09:29 EDT (0h 0m from now)
  Sleeping until market open...

  Market is currently closed.
  Next open: 2026-05-05 09:29 EDT (0h 0m from now)
  Sleeping until market open...

  Market is currently closed.
  Next open: 2026-05-05 09:29 EDT (0h 0m from now)
  Sleeping until market open...

  Market is currently closed.
  Next open: 2026-05-05 09:29 EDT (0h 0m from now)
  Sleeping until market open...

  Market is currently closed.
  Next open: 2026-05-05 09:29 EDT (0h 0m from now)
  Sleeping until market open...

  Market is currently closed.
  Next open: 2026-05-05 09:29 EDT (0h 0m from now)
  Sleeping until market open...

  Market is currently closed.
  Next open: 2026-05-05 09:29 EDT (0h 0m from now)
  Sleeping until market open...

  Market is currently closed.
  Next open: 2026-05-05 09:29 EDT (0h 0m from now)
  Sleeping until market open...

  Market is currently closed.
  Next open: 2026-05-05 09:29 EDT (0h 0m from now)
  Sleeping until market open...

  Market is currently closed.
  Next open: 2026-05-05 09:29 EDT (0h 0m from now)
  Sleeping until market open...

  Market is currently closed.
  Next open: 2026-05-05 09:29 EDT (0h 0m from now)
  Sleeping until market open...

  Market is currently closed.
  Next open: 2026-05-05 09:29 EDT (0h 0m from now)
  Sleeping until market open...

  Market is currently closed.
  Next open: 2026-05-05 09:29 EDT (0h 0m from now)
  Sleeping until market open...

  Market is currently closed.
  Next open: 2026-05-05 09:29 EDT (0h 0m from now)
  Sleeping until market open...

  Market is currently closed.
  Next open: 2026-05-05 09:29 EDT (0h 0m from now)
  Sleeping until market open...

  Market is currently closed.
  Next open: 2026-05-05 09:29 EDT (0h 0m from now)
  Sleeping until market open...

  Market is currently closed.
  Next open: 2026-05-05 09:29 EDT (0h 0m from now)
  Sleeping until market open...

  Market is currently closed.
  Next open: 2026-05-05 09:29 EDT (0h 0m from now)
  Sleeping until market open...

  Market is currently closed.
  Next open: 2026-05-05 09:29 EDT (0h 0m from now)
  Sleeping until market open...

  Market is currently closed.
  Next open: 2026-05-05 09:29 EDT (0h 0m from now)
  Sleeping until market open...

  Market is currently closed.
  Next open: 2026-05-05 09:29 EDT (0h 0m from now)
  Sleeping until market open...

  Market is currently closed.
  Next open: 2026-05-05 09:29 EDT (0h 0m from now)
  Sleeping until market open...

  Market is currently closed.
  Next open: 2026-05-05 09:29 EDT (0h 0m from now)
  Sleeping until market open...

  Market is currently closed.
  Next open: 2026-05-05 09:29 EDT (0h 0m from now)
  Sleeping until market open...

  Market is currently closed.
  Next open: 2026-05-05 09:29 EDT (0h 0m from now)
  Sleeping until market open...

  Market is currently closed.
  Next open: 2026-05-05 09:29 EDT (0h 0m from now)
  Sleeping until market open...

  Market is currently closed.
  Next open: 2026-05-05 09:29 EDT (0h 0m from now)
  Sleeping until market open...

  Market is currently closed.
  Next open: 2026-05-05 09:29 EDT (0h 0m from now)
  Sleeping until market open...

  Market is currently closed.
  Next open: 2026-05-05 09:29 EDT (0h 0m from now)
  Sleeping until market open...

  Market is currently closed.
  Next open: 2026-05-05 09:29 EDT (0h 0m from now)
  Sleeping until market open...

  Market is currently closed.
  Next open: 2026-05-05 09:29 EDT (0h 0m from now)
  Sleeping until market open...

  Market is currently closed.
  Next open: 2026-05-05 09:29 EDT (0h 0m from now)
  Sleeping until market open...

  Market is currently closed.
  Next open: 2026-05-05 09:29 EDT (0h 0m from now)
  Sleeping until market open...

  Market is currently closed.
  Next open: 2026-05-05 09:29 EDT (0h 0m from now)
  Sleeping until market open...

  Market is currently closed.
  Next open: 2026-05-05 09:29 EDT (0h 0m from now)
  Sleeping until market open...

  Market is currently closed.
  Next open: 2026-05-05 09:29 EDT (0h 0m from now)
  Sleeping until market open...

  Market is currently closed.
  Next open: 2026-05-05 09:29 EDT (0h 0m from now)
  Sleeping until market open...

  Market is currently closed.
  Next open: 2026-05-05 09:29 EDT (0h 0m from now)
  Sleeping until market open...

  Market is currently closed.
  Next open: 2026-05-05 09:29 EDT (0h 0m from now)
  Sleeping until market open...

  Market is currently closed.
  Next open: 2026-05-05 09:29 EDT (0h 0m from now)
  Sleeping until market open...

  Market is currently closed.
  Next open: 2026-05-05 09:29 EDT (0h 0m from now)
  Sleeping until market open...

  Market is currently closed.
  Next open: 2026-05-05 09:29 EDT (0h 0m from now)
  Sleeping until market open...

  Market is currently closed.
  Next open: 2026-05-05 09:29 EDT (0h 0m from now)
  Sleeping until market open...

  Market is currently closed.
  Next open: 2026-05-05 09:29 EDT (0h 0m from now)
  Sleeping until market open...

  Market is currently closed.
  Next open: 2026-05-05 09:29 EDT (0h 0m from now)
  Sleeping until market open...

  Market is currently closed.
  Next open: 2026-05-05 09:29 EDT (0h 0m from now)
  Sleeping until market open...

  Market is currently closed.
  Next open: 2026-05-05 09:29 EDT (0h 0m from now)
  Sleeping until market open...

  Market is currently closed.
  Next open: 2026-05-05 09:29 EDT (0h 0m from now)
  Sleeping until market open...

  Market is currently closed.
  Next open: 2026-05-05 09:29 EDT (0h 0m from now)
  Sleeping until market open...

  Market is currently closed.
  Next open: 2026-05-05 09:29 EDT (0h 0m from now)
  Sleeping until market open...

  Market is currently closed.
  Next open: 2026-05-05 09:29 EDT (0h 0m from now)
  Sleeping until market open...

  Market is currently closed.
  Next open: 2026-05-05 09:29 EDT (0h 0m from now)
  Sleeping until market open...

  Market is currently closed.
  Next open: 2026-05-05 09:29 EDT (0h 0m from now)
  Sleeping until market open...

  Market is currently closed.
  Next open: 2026-05-05 09:29 EDT (0h 0m from now)
  Sleeping until market open...

  Market is currently closed.
  Next open: 2026-05-05 09:29 EDT (0h 0m from now)
  Sleeping until market open...

  Market is currently closed.
  Next open: 2026-05-05 09:29 EDT (0h 0m from now)
  Sleeping until market open...

  Market is currently closed.
  Next open: 2026-05-05 09:29 EDT (0h 0m from now)
  Sleeping until market open...

  Market is currently closed.
  Next open: 2026-05-05 09:29 EDT (0h 0m from now)
  Sleeping until market open...

  Market is currently closed.
  Next open: 2026-05-05 09:29 EDT (0h 0m from now)
  Sleeping until market open...

  Market is currently closed.
  Next open: 2026-05-05 09:29 EDT (0h 0m from now)
  Sleeping until market open...

  Market is currently closed.
  Next open: 2026-05-05 09:29 EDT (0h 0m from now)
  Sleeping until market open...

  Market is currently closed.
  Next open: 2026-05-05 09:29 EDT (0h 0m from now)
  Sleeping until market open...

  Market is currently closed.
  Next open: 2026-05-05 09:29 EDT (0h 0m from now)
  Sleeping until market open...

  Market is currently closed.
  Next open: 2026-05-05 09:29 EDT (0h 0m from now)
  Sleeping until market open...

  Market is currently closed.
  Next open: 2026-05-05 09:29 EDT (0h 0m from now)
  Sleeping until market open...

  Market is currently closed.
  Next open: 2026-05-05 09:29 EDT (0h 0m from now)
  Sleeping until market open...

  Market is currently closed.
  Next open: 2026-05-05 09:29 EDT (0h 0m from now)
  Sleeping until market open...

  Market is currently closed.
  Next open: 2026-05-05 09:29 EDT (0h 0m from now)
  Sleeping until market open...

  Market is currently closed.
  Next open: 2026-05-05 09:29 EDT (0h 0m from now)
  Sleeping until market open...

  Market is currently closed.
  Next open: 2026-05-05 09:29 EDT (0h 0m from now)
  Sleeping until market open...

  Market is currently closed.
  Next open: 2026-05-05 09:29 EDT (0h 0m from now)
  Sleeping until market open...

  Market is currently closed.
  Next open: 2026-05-05 09:29 EDT (0h 0m from now)
  Sleeping until market open...

  Market is currently closed.
  Next open: 2026-05-05 09:29 EDT (0h 0m from now)
  Sleeping until market open...

  Market is currently closed.
  Next open: 2026-05-05 09:29 EDT (0h 0m from now)
  Sleeping until market open...

  Market is currently closed.
  Next open: 2026-05-05 09:29 EDT (0h 0m from now)
  Sleeping until market open...

  Market is currently closed.
  Next open: 2026-05-05 09:29 EDT (0h 0m from now)
  Sleeping until market open...

  Market is currently closed.
  Next open: 2026-05-05 09:29 EDT (0h 0m from now)
  Sleeping until market open...

  Market is currently closed.
  Next open: 2026-05-05 09:29 EDT (0h 0m from now)
  Sleeping until market open...

  Market is currently closed.
  Next open: 2026-05-05 09:29 EDT (0h 0m from now)
  Sleeping until market open...

  Market is currently closed.
  Next open: 2026-05-05 09:29 EDT (0h 0m from now)
  Sleeping until market open...

  Market is currently closed.
  Next open: 2026-05-05 09:29 EDT (0h 0m from now)
  Sleeping until market open...

  Market is currently closed.
  Next open: 2026-05-05 09:29 EDT (0h 0m from now)
  Sleeping until market open...

  Market is currently closed.
  Next open: 2026-05-05 09:29 EDT (0h 0m from now)
  Sleeping until market open...

  Market is currently closed.
  Next open: 2026-05-05 09:29 EDT (0h 0m from now)
  Sleeping until market open...

  Market is currently closed.
  Next open: 2026-05-05 09:29 EDT (0h 0m from now)
  Sleeping until market open...

  Market is currently closed.
  Next open: 2026-05-05 09:29 EDT (0h 0m from now)
  Sleeping until market open...

  Market is currently closed.
  Next open: 2026-05-05 09:29 EDT (0h 0m from now)
  Sleeping until market open...

  Market is currently closed.
  Next open: 2026-05-05 09:29 EDT (0h 0m from now)
  Sleeping until market open...

  Market is currently closed.
  Next open: 2026-05-05 09:29 EDT (0h 0m from now)
  Sleeping until market open...

  Market is currently closed.
  Next open: 2026-05-05 09:29 EDT (0h 0m from now)
  Sleeping until market open...

  Market is currently closed.
  Next open: 2026-05-05 09:29 EDT (0h 0m from now)
  Sleeping until market open...

  Market is currently closed.
  Next open: 2026-05-05 09:29 EDT (0h 0m from now)
  Sleeping until market open...

  Market is currently closed.
  Next open: 2026-05-05 09:29 EDT (0h 0m from now)
  Sleeping until market open...

  Market is currently closed.
  Next open: 2026-05-05 09:29 EDT (0h 0m from now)
  Sleeping until market open...

  Market is currently closed.
  Next open: 2026-05-05 09:29 EDT (0h 0m from now)
  Sleeping until market open...

  Market is currently closed.
  Next open: 2026-05-05 09:29 EDT (0h 0m from now)
  Sleeping until market open...

  Market is currently closed.
  Next open: 2026-05-05 09:29 EDT (0h 0m from now)
  Sleeping until market open...

  Market is currently closed.
  Next open: 2026-05-05 09:29 EDT (0h 0m from now)
  Sleeping until market open...

  Market is currently closed.
  Next open: 2026-05-05 09:29 EDT (0h 0m from now)
  Sleeping until market open...

  Market is currently closed.
  Next open: 2026-05-05 09:29 EDT (0h 0m from now)
  Sleeping until market open...

  Market is currently closed.
  Next open: 2026-05-05 09:29 EDT (0h 0m from now)
  Sleeping until market open...

  Market is currently closed.
  Next open: 2026-05-05 09:29 EDT (0h 0m from now)
  Sleeping until market open...

  Market is currently closed.
  Next open: 2026-05-05 09:29 EDT (0h 0m from now)
  Sleeping until market open...

  Market is currently closed.
  Next open: 2026-05-05 09:29 EDT (0h 0m from now)
  Sleeping until market open...

  Market is currently closed.
  Next open: 2026-05-05 09:29 EDT (0h 0m from now)
  Sleeping until market open...

  Market is currently closed.
  Next open: 2026-05-05 09:29 EDT (0h 0m from now)
  Sleeping until market open...

  Market is currently closed.
  Next open: 2026-05-05 09:29 EDT (0h 0m from now)
  Sleeping until market open...

  Market is currently closed.
  Next open: 2026-05-05 09:29 EDT (0h 0m from now)
  Sleeping until market open...

  Market is currently closed.
  Next open: 2026-05-05 09:29 EDT (0h 0m from now)
  Sleeping until market open...

  Market is currently closed.
  Next open: 2026-05-05 09:29 EDT (0h 0m from now)
  Sleeping until market open...

  Market is currently closed.
  Next open: 2026-05-05 09:29 EDT (0h 0m from now)
  Sleeping until market open...

  Market is currently closed.
  Next open: 2026-05-05 09:29 EDT (0h 0m from now)
  Sleeping until market open...

  Market is currently closed.
  Next open: 2026-05-05 09:29 EDT (0h 0m from now)
  Sleeping until market open...

  Market is currently closed.
  Next open: 2026-05-05 09:29 EDT (0h 0m from now)
  Sleeping until market open...

  Market is currently closed.
  Next open: 2026-05-05 09:29 EDT (0h 0m from now)
  Sleeping until market open...

  Market is currently closed.
  Next open: 2026-05-05 09:29 EDT (0h 0m from now)
  Sleeping until market open...

  Market is currently closed.
  Next open: 2026-05-05 09:29 EDT (0h 0m from now)
  Sleeping until market open...

  Market is currently closed.
  Next open: 2026-05-05 09:29 EDT (0h 0m from now)
  Sleeping until market open...

  Market is currently closed.
  Next open: 2026-05-05 09:29 EDT (0h 0m from now)
  Sleeping until market open...

  Market is currently closed.
  Next open: 2026-05-05 09:29 EDT (0h 0m from now)
  Sleeping until market open...

  Market is currently closed.
  Next open: 2026-05-05 09:29 EDT (0h 0m from now)
  Sleeping until market open...

  Market is currently closed.
  Next open: 2026-05-05 09:29 EDT (0h 0m from now)
  Sleeping until market open...

  Market is currently closed.
  Next open: 2026-05-05 09:29 EDT (0h 0m from now)
  Sleeping until market open...

  Market is currently closed.
  Next open: 2026-05-05 09:29 EDT (0h 0m from now)
  Sleeping until market open...

  Market is currently closed.
  Next open: 2026-05-05 09:29 EDT (0h 0m from now)
  Sleeping until market open...

  Market is currently closed.
  Next open: 2026-05-05 09:29 EDT (0h 0m from now)
  Sleeping until market open...

  Market is currently closed.
  Next open: 2026-05-05 09:29 EDT (0h 0m from now)
  Sleeping until market open...

  Market is currently closed.
  Next open: 2026-05-05 09:29 EDT (0h 0m from now)
  Sleeping until market open...

  Market is currently closed.
  Next open: 2026-05-05 09:29 EDT (0h 0m from now)
  Sleeping until market open...

  Market is currently closed.
  Next open: 2026-05-05 09:29 EDT (0h 0m from now)
  Sleeping until market open...

  Market is currently closed.
  Next open: 2026-05-05 09:29 EDT (0h 0m from now)
  Sleeping until market open...

  Market is currently closed.
  Next open: 2026-05-05 09:29 EDT (0h 0m from now)
  Sleeping until market open...

  Market is currently closed.
  Next open: 2026-05-05 09:29 EDT (0h 0m from now)
  Sleeping until market open...

  Market is currently closed.
  Next open: 2026-05-05 09:29 EDT (0h 0m from now)
  Sleeping until market open...

  Market is currently closed.
  Next open: 2026-05-05 09:29 EDT (0h 0m from now)
  Sleeping until market open...

  Market is currently closed.
  Next open: 2026-05-05 09:29 EDT (0h 0m from now)
  Sleeping until market open...

  Market is currently closed.
  Next open: 2026-05-05 09:29 EDT (0h 0m from now)
  Sleeping until market open...

  Market is currently closed.
  Next open: 2026-05-05 09:29 EDT (0h 0m from now)
  Sleeping until market open...

──────────────────────────────────────────────────────────────────────
  📡 SCAN #1
  2026-05-05 09:30:00 EDT
──────────────────────────────────────────────────────────────────────
  Launching scanner...

  ⏳ Next scan at 10:01:19 EDT

──────────────────────────────────────────────────────────────────────
  📡 SCAN #2
  2026-05-05 10:01:19 EDT
──────────────────────────────────────────────────────────────────────
  Launching scanner...

  ⏳ Next scan at 10:32:39 EDT

──────────────────────────────────────────────────────────────────────
  📡 SCAN #3
  2026-05-05 10:32:39 EDT
──────────────────────────────────────────────────────────────────────
  Launching scanner...

  ⏳ Next scan at 11:03:57 EDT

──────────────────────────────────────────────────────────────────────
  📡 SCAN #4
  2026-05-05 11:03:57 EDT
──────────────────────────────────────────────────────────────────────
  Launching scanner...

  ⏳ Next scan at 11:35:12 EDT

──────────────────────────────────────────────────────────────────────
  📡 SCAN #5
  2026-05-05 11:35:12 EDT
──────────────────────────────────────────────────────────────────────
  Launching scanner...

  ⏳ Next scan at 12:06:30 EDT

──────────────────────────────────────────────────────────────────────
  📡 SCAN #6
  2026-05-05 12:06:30 EDT
──────────────────────────────────────────────────────────────────────
  Launching scanner...

  ⏳ Next scan at 12:37:50 EDT

──────────────────────────────────────────────────────────────────────
  📡 SCAN #7
  2026-05-05 12:37:50 EDT
──────────────────────────────────────────────────────────────────────
  Launching scanner...

  ⏳ Next scan at 13:09:09 EDT

──────────────────────────────────────────────────────────────────────
  📡 SCAN #8
  2026-05-05 13:09:09 EDT
──────────────────────────────────────────────────────────────────────
  Launching scanner...

  ⏳ Next scan at 13:40:35 EDT

──────────────────────────────────────────────────────────────────────
  📡 SCAN #9
  2026-05-05 13:40:35 EDT
──────────────────────────────────────────────────────────────────────
  Launching scanner...

  ⏳ Next scan at 14:11:55 EDT

──────────────────────────────────────────────────────────────────────
  📡 SCAN #10
  2026-05-05 14:11:57 EDT
──────────────────────────────────────────────────────────────────────
  Launching scanner...

  ⏳ Next scan at 14:43:14 EDT

──────────────────────────────────────────────────────────────────────
  📡 SCAN #11
  2026-05-05 14:43:14 EDT
──────────────────────────────────────────────────────────────────────
  Launching scanner...

  ⏳ Next scan at 15:14:32 EDT

──────────────────────────────────────────────────────────────────────
  📡 SCAN #12
  2026-05-05 15:14:32 EDT
──────────────────────────────────────────────────────────────────────
  Launching scanner...

  ⏳ Next scan at 15:45:58 EDT

──────────────────────────────────────────────────────────────────────
  📡 SCAN #13
  2026-05-05 15:45:58 EDT
──────────────────────────────────────────────────────────────────────
  Launching scanner...

  Market closing soon — final scan complete for today.

======================================================================
  📋 END OF DAY REVIEW
  2026-05-05 15:47:15 EDT
======================================================================

  Waiting until 4:01 PM for post-close settlement scan...

  📡 SCAN #14 — POST-CLOSE SETTLEMENT
  Launching scanner...

  Recording outcomes for expiring contracts...
