======================================================================
  🔄 OPTIONS FLOW SCANNER — SCHEDULER
  Started: 2026-04-27 19:53:27 EDT
  Scan interval: every 30 minutes during market hours
  Market hours: 9:30 — 16:00 Eastern
  Scanner: fetch_trades.py
  Press Ctrl+C to stop
======================================================================
  Market is currently closed.
  Next open: 2026-04-28 09:29 EDT (13h 36m from now)
  Sleeping until market open...
======================================================================
  🔄 OPTIONS FLOW SCANNER — SCHEDULER
  Started: 2026-04-27 20:07:33 EDT
  Scan interval: every 30 minutes during market hours
  Market hours: 9:30 — 16:00 Eastern
  Scanner: fetch_trades.py
  Press Ctrl+C to stop
======================================================================
  Market is currently closed.
  Next open: 2026-04-28 09:29 EDT (13h 22m from now)
  Sleeping until market open...
