
[Session started: 2026-05-11 09:58:32]

======================================================================
  🔄 OPTIONS FLOW SCANNER — SCHEDULER
  Started: 2026-05-11 09:58:37 EDT
  Scan interval: every 30 minutes during market hours
  Market hours: 9:30 — 16:00 Eastern
  Scanner: fetch_trades.py
  Press Ctrl+C to stop
======================================================================

──────────────────────────────────────────────────────────────────────
  📡 SCAN #1
  2026-05-11 09:58:37 EDT
──────────────────────────────────────────────────────────────────────
  Launching scanner...

  ⏳ Next scan at 10:29:54 EDT

──────────────────────────────────────────────────────────────────────
  📡 SCAN #2
  2026-05-11 10:29:54 EDT
──────────────────────────────────────────────────────────────────────
  Launching scanner...

  ⏳ Next scan at 11:01:08 EDT

──────────────────────────────────────────────────────────────────────
  📡 SCAN #3
  2026-05-11 11:01:08 EDT
──────────────────────────────────────────────────────────────────────
  Launching scanner...

  ⏳ Next scan at 11:32:24 EDT


======================================================================
  Scheduler stopped by user
  Runtime:     1h 11m
  Total scans: 3
  Errors:      0
  Journal contains your complete signal history.
======================================================================


[Session started: 2026-05-11 11:10:47]

======================================================================
  🔄 OPTIONS FLOW SCANNER — SCHEDULER
  Started: 2026-05-11 11:10:47 EDT
  Scan interval: every 30 minutes during market hours
  Market hours: 9:30 — 16:00 Eastern
  Scanner: fetch_trades.py
  Press Ctrl+C to stop
======================================================================

──────────────────────────────────────────────────────────────────────
  📡 SCAN #1
  2026-05-11 11:10:47 EDT
──────────────────────────────────────────────────────────────────────
  Launching scanner...

  ⏳ Next scan at 11:42:02 EDT

──────────────────────────────────────────────────────────────────────
  📡 SCAN #2
  2026-05-11 11:42:02 EDT
──────────────────────────────────────────────────────────────────────
  Launching scanner...

  ⏳ Next scan at 12:13:17 EDT

──────────────────────────────────────────────────────────────────────
  📡 SCAN #3
  2026-05-11 12:13:16 EDT
──────────────────────────────────────────────────────────────────────
  Launching scanner...

  ⏳ Next scan at 12:44:32 EDT

──────────────────────────────────────────────────────────────────────
  📡 SCAN #4
  2026-05-11 12:44:32 EDT
──────────────────────────────────────────────────────────────────────
  Launching scanner...

  ⏳ Next scan at 13:15:46 EDT

──────────────────────────────────────────────────────────────────────
  📡 SCAN #5
  2026-05-11 13:15:46 EDT
──────────────────────────────────────────────────────────────────────
  Launching scanner...

  ⏳ Next scan at 13:47:01 EDT

──────────────────────────────────────────────────────────────────────
  📡 SCAN #6
  2026-05-11 13:47:01 EDT
──────────────────────────────────────────────────────────────────────
  Launching scanner...

  ⏳ Next scan at 14:18:17 EDT

──────────────────────────────────────────────────────────────────────
  📡 SCAN #7
  2026-05-11 14:18:17 EDT
──────────────────────────────────────────────────────────────────────
  Launching scanner...

  ⏳ Next scan at 14:49:34 EDT

──────────────────────────────────────────────────────────────────────
  📡 SCAN #8
  2026-05-11 14:49:34 EDT
──────────────────────────────────────────────────────────────────────
  Launching scanner...

  ⏳ Next scan at 15:20:49 EDT

──────────────────────────────────────────────────────────────────────
  📡 SCAN #9
  2026-05-11 15:20:49 EDT
──────────────────────────────────────────────────────────────────────
  Launching scanner...

  ⏳ Next scan at 15:52:06 EDT

──────────────────────────────────────────────────────────────────────
  📡 SCAN #10
  2026-05-11 15:52:06 EDT
──────────────────────────────────────────────────────────────────────
  Launching scanner...

  Market closing soon — final scan complete for today.

======================================================================
  📋 END OF DAY REVIEW
  2026-05-11 15:53:23 EDT
======================================================================

  Waiting until 4:01 PM for post-close settlement scan...

  📡 SCAN #11 — POST-CLOSE SETTLEMENT
  Launching scanner...

  Recording outcomes for expiring contracts...
