======================================================================
  🔄 OPTIONS FLOW SCANNER — SCHEDULER
  Started: 2026-04-25 15:13:17 EDT
  Scan interval: every 30 minutes during market hours
  Market hours: 9:30 — 16:00 Eastern
  Scanner: fetch_trades.py
  Press Ctrl+C to stop
======================================================================
  Market is currently closed.
  Next open: 2026-04-27 09:29 EDT (42h 16m from now)
  Sleeping until market open...
  Market is currently closed.
  Next open: 2026-04-27 09:29 EDT (41h 16m from now)
  Sleeping until market open...
  Market is currently closed.
  Next open: 2026-04-27 09:29 EDT (40h 16m from now)
  Sleeping until market open...
  Market is currently closed.
  Next open: 2026-04-27 09:29 EDT (39h 16m from now)
  Sleeping until market open...
  Market is currently closed.
  Next open: 2026-04-27 09:29 EDT (38h 16m from now)
  Sleeping until market open...
  Market is currently closed.
  Next open: 2026-04-27 09:29 EDT (37h 16m from now)
  Sleeping until market open...
  Market is currently closed.
  Next open: 2026-04-27 09:29 EDT (36h 16m from now)
  Sleeping until market open...
  Market is currently closed.
  Next open: 2026-04-27 09:29 EDT (35h 16m from now)
  Sleeping until market open...
  Market is currently closed.
  Next open: 2026-04-27 09:29 EDT (34h 16m from now)
  Sleeping until market open...
  Market is currently closed.
  Next open: 2026-04-27 09:29 EDT (33h 16m from now)
  Sleeping until market open...
  Market is currently closed.
  Next open: 2026-04-27 09:29 EDT (32h 16m from now)
  Sleeping until market open...
  Market is currently closed.
  Next open: 2026-04-27 09:29 EDT (31h 16m from now)
  Sleeping until market open...
  Market is currently closed.
  Next open: 2026-04-27 09:29 EDT (30h 16m from now)
  Sleeping until market open...
  Market is currently closed.
  Next open: 2026-04-27 09:29 EDT (29h 16m from now)
  Sleeping until market open...
  Market is currently closed.
  Next open: 2026-04-27 09:29 EDT (28h 16m from now)
  Sleeping until market open...
  Market is currently closed.
  Next open: 2026-04-27 09:29 EDT (27h 16m from now)
  Sleeping until market open...
  Market is currently closed.
  Next open: 2026-04-27 09:29 EDT (26h 16m from now)
  Sleeping until market open...
  Market is currently closed.
  Next open: 2026-04-27 09:29 EDT (23h 53m from now)
  Sleeping until market open...
  Market is currently closed.
  Next open: 2026-04-27 09:29 EDT (22h 53m from now)
  Sleeping until market open...
  Market is currently closed.
  Next open: 2026-04-27 09:29 EDT (7h 31m from now)
  Sleeping until market open...
  Market is currently closed.
  Next open: 2026-04-27 09:29 EDT (1h 5m from now)
  Sleeping until market open...
  Market is currently closed.
  Next open: 2026-04-27 09:29 EDT (0h 5m from now)
  Sleeping until market open...
  Market is currently closed.
  Next open: 2026-04-27 09:29 EDT (0h 0m from now)
  Sleeping until market open...
  Market is currently closed.
  Next open: 2026-04-27 09:29 EDT (0h 0m from now)
  Sleeping until market open...
  Market is currently closed.
  Next open: 2026-04-27 09:29 EDT (0h 0m from now)
  Sleeping until market open...
  Market is currently closed.
  Next open: 2026-04-27 09:29 EDT (0h 0m from now)
  Sleeping until market open...
  Market is currently closed.
  Next open: 2026-04-27 09:29 EDT (0h 0m from now)
  Sleeping until market open...
  Market is currently closed.
  Next open: 2026-04-27 09:29 EDT (0h 0m from now)
  Sleeping until market open...
  Market is currently closed.
  Next open: 2026-04-27 09:29 EDT (0h 0m from now)
  Sleeping until market open...
  Market is currently closed.
  Next open: 2026-04-27 09:29 EDT (0h 0m from now)
  Sleeping until market open...
  Market is currently closed.
  Next open: 2026-04-27 09:29 EDT (0h 0m from now)
  Sleeping until market open...
  Market is currently closed.
  Next open: 2026-04-27 09:29 EDT (0h 0m from now)
  Sleeping until market open...
  Market is currently closed.
  Next open: 2026-04-27 09:29 EDT (0h 0m from now)
  Sleeping until market open...
  Market is currently closed.
  Next open: 2026-04-27 09:29 EDT (0h 0m from now)
  Sleeping until market open...
  Market is currently closed.
  Next open: 2026-04-27 09:29 EDT (0h 0m from now)
  Sleeping until market open...
  Market is currently closed.
  Next open: 2026-04-27 09:29 EDT (0h 0m from now)
  Sleeping until market open...
  Market is currently closed.
  Next open: 2026-04-27 09:29 EDT (0h 0m from now)
  Sleeping until market open...
  Market is currently closed.
  Next open: 2026-04-27 09:29 EDT (0h 0m from now)
  Sleeping until market open...
  Market is currently closed.
  Next open: 2026-04-27 09:29 EDT (0h 0m from now)
  Sleeping until market open...
  Market is currently closed.
  Next open: 2026-04-27 09:29 EDT (0h 0m from now)
  Sleeping until market open...
  Market is currently closed.
  Next open: 2026-04-27 09:29 EDT (0h 0m from now)
  Sleeping until market open...
  Market is currently closed.
  Next open: 2026-04-27 09:29 EDT (0h 0m from now)
  Sleeping until market open...
  Market is currently closed.
  Next open: 2026-04-27 09:29 EDT (0h 0m from now)
  Sleeping until market open...
  Market is currently closed.
  Next open: 2026-04-27 09:29 EDT (0h 0m from now)
  Sleeping until market open...
  Market is currently closed.
  Next open: 2026-04-27 09:29 EDT (0h 0m from now)
  Sleeping until market open...
  Market is currently closed.
  Next open: 2026-04-27 09:29 EDT (0h 0m from now)
  Sleeping until market open...
  Market is currently closed.
  Next open: 2026-04-27 09:29 EDT (0h 0m from now)
  Sleeping until market open...
  Market is currently closed.
  Next open: 2026-04-27 09:29 EDT (0h 0m from now)
  Sleeping until market open...
  Market is currently closed.
  Next open: 2026-04-27 09:29 EDT (0h 0m from now)
  Sleeping until market open...
  Market is currently closed.
  Next open: 2026-04-27 09:29 EDT (0h 0m from now)
  Sleeping until market open...
  Market is currently closed.
  Next open: 2026-04-27 09:29 EDT (0h 0m from now)
  Sleeping until market open...
  Market is currently closed.
  Next open: 2026-04-27 09:29 EDT (0h 0m from now)
  Sleeping until market open...
  Market is currently closed.
  Next open: 2026-04-27 09:29 EDT (0h 0m from now)
  Sleeping until market open...
  Market is currently closed.
  Next open: 2026-04-27 09:29 EDT (0h 0m from now)
  Sleeping until market open...
  Market is currently closed.
  Next open: 2026-04-27 09:29 EDT (0h 0m from now)
  Sleeping until market open...
  Market is currently closed.
  Next open: 2026-04-27 09:29 EDT (0h 0m from now)
  Sleeping until market open...
  Market is currently closed.
  Next open: 2026-04-27 09:29 EDT (0h 0m from now)
  Sleeping until market open...
  Market is currently closed.
  Next open: 2026-04-27 09:29 EDT (0h 0m from now)
  Sleeping until market open...
  Market is currently closed.
  Next open: 2026-04-27 09:29 EDT (0h 0m from now)
  Sleeping until market open...
  Market is currently closed.
  Next open: 2026-04-27 09:29 EDT (0h 0m from now)
  Sleeping until market open...
  Market is currently closed.
  Next open: 2026-04-27 09:29 EDT (0h 0m from now)
  Sleeping until market open...
  Market is currently closed.
  Next open: 2026-04-27 09:29 EDT (0h 0m from now)
  Sleeping until market open...
  Market is currently closed.
  Next open: 2026-04-27 09:29 EDT (0h 0m from now)
  Sleeping until market open...
  Market is currently closed.
  Next open: 2026-04-27 09:29 EDT (0h 0m from now)
  Sleeping until market open...
  Market is currently closed.
  Next open: 2026-04-27 09:29 EDT (0h 0m from now)
  Sleeping until market open...
  Market is currently closed.
  Next open: 2026-04-27 09:29 EDT (0h 0m from now)
  Sleeping until market open...
  Market is currently closed.
  Next open: 2026-04-27 09:29 EDT (0h 0m from now)
  Sleeping until market open...
  Market is currently closed.
  Next open: 2026-04-27 09:29 EDT (0h 0m from now)
  Sleeping until market open...
  Market is currently closed.
  Next open: 2026-04-27 09:29 EDT (0h 0m from now)
  Sleeping until market open...
  Market is currently closed.
  Next open: 2026-04-27 09:29 EDT (0h 0m from now)
  Sleeping until market open...
  Market is currently closed.
  Next open: 2026-04-27 09:29 EDT (0h 0m from now)
  Sleeping until market open...
  Market is currently closed.
  Next open: 2026-04-27 09:29 EDT (0h 0m from now)
  Sleeping until market open...
  Market is currently closed.
  Next open: 2026-04-27 09:29 EDT (0h 0m from now)
  Sleeping until market open...
  Market is currently closed.
  Next open: 2026-04-27 09:29 EDT (0h 0m from now)
  Sleeping until market open...
  Market is currently closed.
  Next open: 2026-04-27 09:29 EDT (0h 0m from now)
  Sleeping until market open...
  Market is currently closed.
  Next open: 2026-04-27 09:29 EDT (0h 0m from now)
  Sleeping until market open...
  Market is currently closed.
  Next open: 2026-04-27 09:29 EDT (0h 0m from now)
  Sleeping until market open...
  Market is currently closed.
  Next open: 2026-04-27 09:29 EDT (0h 0m from now)
  Sleeping until market open...
  Market is currently closed.
  Next open: 2026-04-27 09:29 EDT (0h 0m from now)
  Sleeping until market open...
  Market is currently closed.
  Next open: 2026-04-27 09:29 EDT (0h 0m from now)
  Sleeping until market open...
  Market is currently closed.
  Next open: 2026-04-27 09:29 EDT (0h 0m from now)
  Sleeping until market open...
  Market is currently closed.
  Next open: 2026-04-27 09:29 EDT (0h 0m from now)
  Sleeping until market open...
  Market is currently closed.
  Next open: 2026-04-27 09:29 EDT (0h 0m from now)
  Sleeping until market open...
  Market is currently closed.
  Next open: 2026-04-27 09:29 EDT (0h 0m from now)
  Sleeping until market open...
  Market is currently closed.
  Next open: 2026-04-27 09:29 EDT (0h 0m from now)
  Sleeping until market open...
  Market is currently closed.
  Next open: 2026-04-27 09:29 EDT (0h 0m from now)
  Sleeping until market open...
  Market is currently closed.
  Next open: 2026-04-27 09:29 EDT (0h 0m from now)
  Sleeping until market open...
  Market is currently closed.
  Next open: 2026-04-27 09:29 EDT (0h 0m from now)
  Sleeping until market open...
  Market is currently closed.
  Next open: 2026-04-27 09:29 EDT (0h 0m from now)
  Sleeping until market open...
  Market is currently closed.
  Next open: 2026-04-27 09:29 EDT (0h 0m from now)
  Sleeping until market open...
  Market is currently closed.
  Next open: 2026-04-27 09:29 EDT (0h 0m from now)
  Sleeping until market open...
  Market is currently closed.
  Next open: 2026-04-27 09:29 EDT (0h 0m from now)
  Sleeping until market open...
  Market is currently closed.
  Next open: 2026-04-27 09:29 EDT (0h 0m from now)
  Sleeping until market open...
  Market is currently closed.
  Next open: 2026-04-27 09:29 EDT (0h 0m from now)
  Sleeping until market open...
  Market is currently closed.
  Next open: 2026-04-27 09:29 EDT (0h 0m from now)
  Sleeping until market open...
  Market is currently closed.
  Next open: 2026-04-27 09:29 EDT (0h 0m from now)
  Sleeping until market open...
  Market is currently closed.
  Next open: 2026-04-27 09:29 EDT (0h 0m from now)
  Sleeping until market open...
  Market is currently closed.
  Next open: 2026-04-27 09:29 EDT (0h 0m from now)
  Sleeping until market open...
  Market is currently closed.
  Next open: 2026-04-27 09:29 EDT (0h 0m from now)
  Sleeping until market open...
  Market is currently closed.
  Next open: 2026-04-27 09:29 EDT (0h 0m from now)
  Sleeping until market open...
  Market is currently closed.
  Next open: 2026-04-27 09:29 EDT (0h 0m from now)
  Sleeping until market open...
  Market is currently closed.
  Next open: 2026-04-27 09:29 EDT (0h 0m from now)
  Sleeping until market open...
──────────────────────────────────────────────────────────────────────
  📡 SCAN #1
  2026-04-27 09:30:00 EDT
──────────────────────────────────────────────────────────────────────
  Launching scanner...
  ⏳ Next scan at 10:01:22 EDT
──────────────────────────────────────────────────────────────────────
  📡 SCAN #2
  2026-04-27 10:01:22 EDT
──────────────────────────────────────────────────────────────────────
  Launching scanner...
  ⏳ Next scan at 10:32:43 EDT
──────────────────────────────────────────────────────────────────────
  📡 SCAN #3
  2026-04-27 10:32:43 EDT
──────────────────────────────────────────────────────────────────────
  Launching scanner...
  ⏳ Next scan at 11:04:07 EDT
──────────────────────────────────────────────────────────────────────
  📡 SCAN #4
  2026-04-27 11:04:07 EDT
──────────────────────────────────────────────────────────────────────
  Launching scanner...
  ⏳ Next scan at 11:35:30 EDT
──────────────────────────────────────────────────────────────────────
  📡 SCAN #5
  2026-04-27 11:35:30 EDT
──────────────────────────────────────────────────────────────────────
  Launching scanner...
  ⏳ Next scan at 12:06:50 EDT
──────────────────────────────────────────────────────────────────────
  📡 SCAN #6
  2026-04-27 12:06:50 EDT
──────────────────────────────────────────────────────────────────────
  Launching scanner...
  ⏳ Next scan at 12:38:11 EDT
──────────────────────────────────────────────────────────────────────
  📡 SCAN #7
  2026-04-27 12:38:11 EDT
──────────────────────────────────────────────────────────────────────
  Launching scanner...
  ⏳ Next scan at 13:09:33 EDT
──────────────────────────────────────────────────────────────────────
  📡 SCAN #8
  2026-04-27 13:09:33 EDT
──────────────────────────────────────────────────────────────────────
  Launching scanner...
  ⏳ Next scan at 13:40:52 EDT
──────────────────────────────────────────────────────────────────────
  📡 SCAN #9
  2026-04-27 13:40:52 EDT
──────────────────────────────────────────────────────────────────────
  Launching scanner...
  ⏳ Next scan at 14:12:12 EDT
──────────────────────────────────────────────────────────────────────
  📡 SCAN #10
  2026-04-27 14:12:12 EDT
──────────────────────────────────────────────────────────────────────
  Launching scanner...
  ⏳ Next scan at 14:43:32 EDT
──────────────────────────────────────────────────────────────────────
  📡 SCAN #11
  2026-04-27 14:43:32 EDT
──────────────────────────────────────────────────────────────────────
  Launching scanner...
  ⏳ Next scan at 15:14:56 EDT
──────────────────────────────────────────────────────────────────────
  📡 SCAN #12
  2026-04-27 15:14:56 EDT
──────────────────────────────────────────────────────────────────────
  Launching scanner...
  ⏳ Next scan at 15:46:17 EDT
──────────────────────────────────────────────────────────────────────
  📡 SCAN #13
  2026-04-27 15:46:17 EDT
──────────────────────────────────────────────────────────────────────
  Launching scanner...
  Market closing soon — final scan complete for today.
======================================================================
  📋 END OF DAY REVIEW
  2026-04-27 15:47:36 EDT
======================================================================
  Waiting until 4:01 PM for post-close settlement scan...
  📡 SCAN #14 — POST-CLOSE SETTLEMENT
  Launching scanner...
  Recording outcomes for expiring contracts...
