======================================================================
  🔄 OPTIONS FLOW SCANNER — SCHEDULER
  Started: 2026-04-26 10:13:53 EDT
  Scan interval: every 30 minutes during market hours
  Market hours: 9:30 — 16:00 Eastern
  Scanner: fetch_trades.py
  Press Ctrl+C to stop
======================================================================
  Market is currently closed.
  Next open: 2026-04-27 09:29 EDT (23h 16m from now)
  Sleeping until market open...
  Market is currently closed.
  Next open: 2026-04-27 09:29 EDT (22h 5m from now)
  Sleeping until market open...
  Market is currently closed.
  Next open: 2026-04-27 09:29 EDT (7h 31m from now)
  Sleeping until market open...
  Market is currently closed.
  Next open: 2026-04-27 09:29 EDT (1h 5m from now)
  Sleeping until market open...
  Market is currently closed.
  Next open: 2026-04-27 09:29 EDT (0h 5m from now)
  Sleeping until market open...
  Market is currently closed.
  Next open: 2026-04-27 09:29 EDT (0h 0m from now)
  Sleeping until market open...
  Market is currently closed.
  Next open: 2026-04-27 09:29 EDT (0h 0m from now)
  Sleeping until market open...
  Market is currently closed.
  Next open: 2026-04-27 09:29 EDT (0h 0m from now)
  Sleeping until market open...
  Market is currently closed.
  Next open: 2026-04-27 09:29 EDT (0h 0m from now)
  Sleeping until market open...
  Market is currently closed.
  Next open: 2026-04-27 09:29 EDT (0h 0m from now)
  Sleeping until market open...
  Market is currently closed.
  Next open: 2026-04-27 09:29 EDT (0h 0m from now)
  Sleeping until market open...
  Market is currently closed.
  Next open: 2026-04-27 09:29 EDT (0h 0m from now)
  Sleeping until market open...
  Market is currently closed.
  Next open: 2026-04-27 09:29 EDT (0h 0m from now)
  Sleeping until market open...
  Market is currently closed.
  Next open: 2026-04-27 09:29 EDT (0h 0m from now)
  Sleeping until market open...
  Market is currently closed.
  Next open: 2026-04-27 09:29 EDT (0h 0m from now)
  Sleeping until market open...
  Market is currently closed.
  Next open: 2026-04-27 09:29 EDT (0h 0m from now)
  Sleeping until market open...
  Market is currently closed.
  Next open: 2026-04-27 09:29 EDT (0h 0m from now)
  Sleeping until market open...
  Market is currently closed.
  Next open: 2026-04-27 09:29 EDT (0h 0m from now)
  Sleeping until market open...
  Market is currently closed.
  Next open: 2026-04-27 09:29 EDT (0h 0m from now)
  Sleeping until market open...
  Market is currently closed.
  Next open: 2026-04-27 09:29 EDT (0h 0m from now)
  Sleeping until market open...
  Market is currently closed.
  Next open: 2026-04-27 09:29 EDT (0h 0m from now)
  Sleeping until market open...
  Market is currently closed.
  Next open: 2026-04-27 09:29 EDT (0h 0m from now)
  Sleeping until market open...
  Market is currently closed.
  Next open: 2026-04-27 09:29 EDT (0h 0m from now)
  Sleeping until market open...
  Market is currently closed.
  Next open: 2026-04-27 09:29 EDT (0h 0m from now)
  Sleeping until market open...
  Market is currently closed.
  Next open: 2026-04-27 09:29 EDT (0h 0m from now)
  Sleeping until market open...
  Market is currently closed.
  Next open: 2026-04-27 09:29 EDT (0h 0m from now)
  Sleeping until market open...
  Market is currently closed.
  Next open: 2026-04-27 09:29 EDT (0h 0m from now)
  Sleeping until market open...
  Market is currently closed.
  Next open: 2026-04-27 09:29 EDT (0h 0m from now)
  Sleeping until market open...
  Market is currently closed.
  Next open: 2026-04-27 09:29 EDT (0h 0m from now)
  Sleeping until market open...
  Market is currently closed.
  Next open: 2026-04-27 09:29 EDT (0h 0m from now)
  Sleeping until market open...
  Market is currently closed.
  Next open: 2026-04-27 09:29 EDT (0h 0m from now)
  Sleeping until market open...
  Market is currently closed.
  Next open: 2026-04-27 09:29 EDT (0h 0m from now)
  Sleeping until market open...
  Market is currently closed.
  Next open: 2026-04-27 09:29 EDT (0h 0m from now)
  Sleeping until market open...
  Market is currently closed.
  Next open: 2026-04-27 09:29 EDT (0h 0m from now)
  Sleeping until market open...
  Market is currently closed.
  Next open: 2026-04-27 09:29 EDT (0h 0m from now)
  Sleeping until market open...
  Market is currently closed.
  Next open: 2026-04-27 09:29 EDT (0h 0m from now)
  Sleeping until market open...
  Market is currently closed.
  Next open: 2026-04-27 09:29 EDT (0h 0m from now)
  Sleeping until market open...
  Market is currently closed.
  Next open: 2026-04-27 09:29 EDT (0h 0m from now)
  Sleeping until market open...
  Market is currently closed.
  Next open: 2026-04-27 09:29 EDT (0h 0m from now)
  Sleeping until market open...
  Market is currently closed.
  Next open: 2026-04-27 09:29 EDT (0h 0m from now)
  Sleeping until market open...
  Market is currently closed.
  Next open: 2026-04-27 09:29 EDT (0h 0m from now)
  Sleeping until market open...
  Market is currently closed.
  Next open: 2026-04-27 09:29 EDT (0h 0m from now)
  Sleeping until market open...
  Market is currently closed.
  Next open: 2026-04-27 09:29 EDT (0h 0m from now)
  Sleeping until market open...
  Market is currently closed.
  Next open: 2026-04-27 09:29 EDT (0h 0m from now)
  Sleeping until market open...
  Market is currently closed.
  Next open: 2026-04-27 09:29 EDT (0h 0m from now)
  Sleeping until market open...
  Market is currently closed.
  Next open: 2026-04-27 09:29 EDT (0h 0m from now)
  Sleeping until market open...
  Market is currently closed.
  Next open: 2026-04-27 09:29 EDT (0h 0m from now)
  Sleeping until market open...
  Market is currently closed.
  Next open: 2026-04-27 09:29 EDT (0h 0m from now)
  Sleeping until market open...
  Market is currently closed.
  Next open: 2026-04-27 09:29 EDT (0h 0m from now)
  Sleeping until market open...
  Market is currently closed.
  Next open: 2026-04-27 09:29 EDT (0h 0m from now)
  Sleeping until market open...
  Market is currently closed.
  Next open: 2026-04-27 09:29 EDT (0h 0m from now)
  Sleeping until market open...
  Market is currently closed.
  Next open: 2026-04-27 09:29 EDT (0h 0m from now)
  Sleeping until market open...
  Market is currently closed.
  Next open: 2026-04-27 09:29 EDT (0h 0m from now)
  Sleeping until market open...
  Market is currently closed.
  Next open: 2026-04-27 09:29 EDT (0h 0m from now)
  Sleeping until market open...
  Market is currently closed.
  Next open: 2026-04-27 09:29 EDT (0h 0m from now)
  Sleeping until market open...
  Market is currently closed.
  Next open: 2026-04-27 09:29 EDT (0h 0m from now)
  Sleeping until market open...
  Market is currently closed.
  Next open: 2026-04-27 09:29 EDT (0h 0m from now)
  Sleeping until market open...
  Market is currently closed.
  Next open: 2026-04-27 09:29 EDT (0h 0m from now)
  Sleeping until market open...
  Market is currently closed.
  Next open: 2026-04-27 09:29 EDT (0h 0m from now)
  Sleeping until market open...
  Market is currently closed.
  Next open: 2026-04-27 09:29 EDT (0h 0m from now)
  Sleeping until market open...
  Market is currently closed.
  Next open: 2026-04-27 09:29 EDT (0h 0m from now)
  Sleeping until market open...
  Market is currently closed.
  Next open: 2026-04-27 09:29 EDT (0h 0m from now)
  Sleeping until market open...
  Market is currently closed.
  Next open: 2026-04-27 09:29 EDT (0h 0m from now)
  Sleeping until market open...
  Market is currently closed.
  Next open: 2026-04-27 09:29 EDT (0h 0m from now)
  Sleeping until market open...
  Market is currently closed.
  Next open: 2026-04-27 09:29 EDT (0h 0m from now)
  Sleeping until market open...
  Market is currently closed.
  Next open: 2026-04-27 09:29 EDT (0h 0m from now)
  Sleeping until market open...
  Market is currently closed.
  Next open: 2026-04-27 09:29 EDT (0h 0m from now)
  Sleeping until market open...
  Market is currently closed.
  Next open: 2026-04-27 09:29 EDT (0h 0m from now)
  Sleeping until market open...
  Market is currently closed.
  Next open: 2026-04-27 09:29 EDT (0h 0m from now)
  Sleeping until market open...
  Market is currently closed.
  Next open: 2026-04-27 09:29 EDT (0h 0m from now)
  Sleeping until market open...
  Market is currently closed.
  Next open: 2026-04-27 09:29 EDT (0h 0m from now)
  Sleeping until market open...
  Market is currently closed.
  Next open: 2026-04-27 09:29 EDT (0h 0m from now)
  Sleeping until market open...
  Market is currently closed.
  Next open: 2026-04-27 09:29 EDT (0h 0m from now)
  Sleeping until market open...
  Market is currently closed.
  Next open: 2026-04-27 09:29 EDT (0h 0m from now)
  Sleeping until market open...
  Market is currently closed.
  Next open: 2026-04-27 09:29 EDT (0h 0m from now)
  Sleeping until market open...
  Market is currently closed.
  Next open: 2026-04-27 09:29 EDT (0h 0m from now)
  Sleeping until market open...
  Market is currently closed.
  Next open: 2026-04-27 09:29 EDT (0h 0m from now)
  Sleeping until market open...
  Market is currently closed.
  Next open: 2026-04-27 09:29 EDT (0h 0m from now)
  Sleeping until market open...
  Market is currently closed.
  Next open: 2026-04-27 09:29 EDT (0h 0m from now)
  Sleeping until market open...
  Market is currently closed.
  Next open: 2026-04-27 09:29 EDT (0h 0m from now)
  Sleeping until market open...
  Market is currently closed.
  Next open: 2026-04-27 09:29 EDT (0h 0m from now)
  Sleeping until market open...
  Market is currently closed.
  Next open: 2026-04-27 09:29 EDT (0h 0m from now)
  Sleeping until market open...
  Market is currently closed.
  Next open: 2026-04-27 09:29 EDT (0h 0m from now)
  Sleeping until market open...
  Market is currently closed.
  Next open: 2026-04-27 09:29 EDT (0h 0m from now)
  Sleeping until market open...
  Market is currently closed.
  Next open: 2026-04-27 09:29 EDT (0h 0m from now)
  Sleeping until market open...
  Market is currently closed.
  Next open: 2026-04-27 09:29 EDT (0h 0m from now)
  Sleeping until market open...
  Market is currently closed.
  Next open: 2026-04-27 09:29 EDT (0h 0m from now)
  Sleeping until market open...
  Market is currently closed.
  Next open: 2026-04-27 09:29 EDT (0h 0m from now)
  Sleeping until market open...
  Market is currently closed.
  Next open: 2026-04-27 09:29 EDT (0h 0m from now)
  Sleeping until market open...
  Market is currently closed.
  Next open: 2026-04-27 09:29 EDT (0h 0m from now)
  Sleeping until market open...
  Market is currently closed.
  Next open: 2026-04-27 09:29 EDT (0h 0m from now)
  Sleeping until market open...
  Market is currently closed.
  Next open: 2026-04-27 09:29 EDT (0h 0m from now)
  Sleeping until market open...
  Market is currently closed.
  Next open: 2026-04-27 09:29 EDT (0h 0m from now)
  Sleeping until market open...
  Market is currently closed.
  Next open: 2026-04-27 09:29 EDT (0h 0m from now)
  Sleeping until market open...
  Market is currently closed.
  Next open: 2026-04-27 09:29 EDT (0h 0m from now)
  Sleeping until market open...
  Market is currently closed.
  Next open: 2026-04-27 09:29 EDT (0h 0m from now)
  Sleeping until market open...
  Market is currently closed.
  Next open: 2026-04-27 09:29 EDT (0h 0m from now)
  Sleeping until market open...
  Market is currently closed.
  Next open: 2026-04-27 09:29 EDT (0h 0m from now)
  Sleeping until market open...
  Market is currently closed.
  Next open: 2026-04-27 09:29 EDT (0h 0m from now)
  Sleeping until market open...
  Market is currently closed.
  Next open: 2026-04-27 09:29 EDT (0h 0m from now)
  Sleeping until market open...
  Market is currently closed.
  Next open: 2026-04-27 09:29 EDT (0h 0m from now)
  Sleeping until market open...
  Market is currently closed.
  Next open: 2026-04-27 09:29 EDT (0h 0m from now)
  Sleeping until market open...
  Market is currently closed.
  Next open: 2026-04-27 09:29 EDT (0h 0m from now)
  Sleeping until market open...
  Market is currently closed.
  Next open: 2026-04-27 09:29 EDT (0h 0m from now)
  Sleeping until market open...
  Market is currently closed.
  Next open: 2026-04-27 09:29 EDT (0h 0m from now)
  Sleeping until market open...
  Market is currently closed.
  Next open: 2026-04-27 09:29 EDT (0h 0m from now)
  Sleeping until market open...
  Market is currently closed.
  Next open: 2026-04-27 09:29 EDT (0h 0m from now)
  Sleeping until market open...
  Market is currently closed.
  Next open: 2026-04-27 09:29 EDT (0h 0m from now)
  Sleeping until market open...
  Market is currently closed.
  Next open: 2026-04-27 09:29 EDT (0h 0m from now)
  Sleeping until market open...
  Market is currently closed.
  Next open: 2026-04-27 09:29 EDT (0h 0m from now)
  Sleeping until market open...
  Market is currently closed.
  Next open: 2026-04-27 09:29 EDT (0h 0m from now)
  Sleeping until market open...
  Market is currently closed.
  Next open: 2026-04-27 09:29 EDT (0h 0m from now)
  Sleeping until market open...
  Market is currently closed.
  Next open: 2026-04-27 09:29 EDT (0h 0m from now)
  Sleeping until market open...
  Market is currently closed.
  Next open: 2026-04-27 09:29 EDT (0h 0m from now)
  Sleeping until market open...
  Market is currently closed.
  Next open: 2026-04-27 09:29 EDT (0h 0m from now)
  Sleeping until market open...
  Market is currently closed.
  Next open: 2026-04-27 09:29 EDT (0h 0m from now)
  Sleeping until market open...
  Market is currently closed.
  Next open: 2026-04-27 09:29 EDT (0h 0m from now)
  Sleeping until market open...
  Market is currently closed.
  Next open: 2026-04-27 09:29 EDT (0h 0m from now)
  Sleeping until market open...
  Market is currently closed.
  Next open: 2026-04-27 09:29 EDT (0h 0m from now)
  Sleeping until market open...
  Market is currently closed.
  Next open: 2026-04-27 09:29 EDT (0h 0m from now)
  Sleeping until market open...
  Market is currently closed.
  Next open: 2026-04-27 09:29 EDT (0h 0m from now)
  Sleeping until market open...
  Market is currently closed.
  Next open: 2026-04-27 09:29 EDT (0h 0m from now)
  Sleeping until market open...
  Market is currently closed.
  Next open: 2026-04-27 09:29 EDT (0h 0m from now)
  Sleeping until market open...
  Market is currently closed.
  Next open: 2026-04-27 09:29 EDT (0h 0m from now)
  Sleeping until market open...
  Market is currently closed.
  Next open: 2026-04-27 09:29 EDT (0h 0m from now)
  Sleeping until market open...
  Market is currently closed.
  Next open: 2026-04-27 09:29 EDT (0h 0m from now)
  Sleeping until market open...
  Market is currently closed.
  Next open: 2026-04-27 09:29 EDT (0h 0m from now)
  Sleeping until market open...
  Market is currently closed.
  Next open: 2026-04-27 09:29 EDT (0h 0m from now)
  Sleeping until market open...
  Market is currently closed.
  Next open: 2026-04-27 09:29 EDT (0h 0m from now)
  Sleeping until market open...
  Market is currently closed.
  Next open: 2026-04-27 09:29 EDT (0h 0m from now)
  Sleeping until market open...
  Market is currently closed.
  Next open: 2026-04-27 09:29 EDT (0h 0m from now)
  Sleeping until market open...
  Market is currently closed.
  Next open: 2026-04-27 09:29 EDT (0h 0m from now)
  Sleeping until market open...
  Market is currently closed.
  Next open: 2026-04-27 09:29 EDT (0h 0m from now)
  Sleeping until market open...
  Market is currently closed.
  Next open: 2026-04-27 09:29 EDT (0h 0m from now)
  Sleeping until market open...
  Market is currently closed.
  Next open: 2026-04-27 09:29 EDT (0h 0m from now)
  Sleeping until market open...
  Market is currently closed.
  Next open: 2026-04-27 09:29 EDT (0h 0m from now)
  Sleeping until market open...
  Market is currently closed.
  Next open: 2026-04-27 09:29 EDT (0h 0m from now)
  Sleeping until market open...
  Market is currently closed.
  Next open: 2026-04-27 09:29 EDT (0h 0m from now)
  Sleeping until market open...
  Market is currently closed.
  Next open: 2026-04-27 09:29 EDT (0h 0m from now)
  Sleeping until market open...
  Market is currently closed.
  Next open: 2026-04-27 09:29 EDT (0h 0m from now)
  Sleeping until market open...
  Market is currently closed.
  Next open: 2026-04-27 09:29 EDT (0h 0m from now)
  Sleeping until market open...
  Market is currently closed.
  Next open: 2026-04-27 09:29 EDT (0h 0m from now)
  Sleeping until market open...
  Market is currently closed.
  Next open: 2026-04-27 09:29 EDT (0h 0m from now)
  Sleeping until market open...
  Market is currently closed.
  Next open: 2026-04-27 09:29 EDT (0h 0m from now)
  Sleeping until market open...
──────────────────────────────────────────────────────────────────────
  📡 SCAN #1
  2026-04-27 09:30:00 EDT
──────────────────────────────────────────────────────────────────────
  Launching scanner...
  ⏳ Next scan at 10:01:46 EDT
──────────────────────────────────────────────────────────────────────
  📡 SCAN #2
  2026-04-27 10:01:46 EDT
──────────────────────────────────────────────────────────────────────
  Launching scanner...
  ⏳ Next scan at 10:33:36 EDT
──────────────────────────────────────────────────────────────────────
  📡 SCAN #3
  2026-04-27 10:33:36 EDT
──────────────────────────────────────────────────────────────────────
  Launching scanner...
  ⏳ Next scan at 11:05:23 EDT
──────────────────────────────────────────────────────────────────────
  📡 SCAN #4
  2026-04-27 11:05:25 EDT
──────────────────────────────────────────────────────────────────────
  Launching scanner...
  ⏳ Next scan at 11:37:13 EDT
──────────────────────────────────────────────────────────────────────
  📡 SCAN #5
  2026-04-27 11:37:13 EDT
──────────────────────────────────────────────────────────────────────
  Launching scanner...
  ⏳ Next scan at 12:09:01 EDT
──────────────────────────────────────────────────────────────────────
  📡 SCAN #6
  2026-04-27 12:09:01 EDT
──────────────────────────────────────────────────────────────────────
  Launching scanner...
  ⏳ Next scan at 12:40:48 EDT
──────────────────────────────────────────────────────────────────────
  📡 SCAN #7
  2026-04-27 12:40:48 EDT
──────────────────────────────────────────────────────────────────────
  Launching scanner...
  ⏳ Next scan at 13:12:39 EDT
──────────────────────────────────────────────────────────────────────
  📡 SCAN #8
  2026-04-27 13:12:39 EDT
──────────────────────────────────────────────────────────────────────
  Launching scanner...
  ⏳ Next scan at 13:44:34 EDT
──────────────────────────────────────────────────────────────────────
  📡 SCAN #9
  2026-04-27 13:44:34 EDT
──────────────────────────────────────────────────────────────────────
  Launching scanner...
  ⏳ Next scan at 14:16:25 EDT
──────────────────────────────────────────────────────────────────────
  📡 SCAN #10
  2026-04-27 14:16:25 EDT
──────────────────────────────────────────────────────────────────────
  Launching scanner...
  ⏳ Next scan at 14:48:14 EDT
──────────────────────────────────────────────────────────────────────
  📡 SCAN #11
  2026-04-27 14:48:14 EDT
──────────────────────────────────────────────────────────────────────
  Launching scanner...
  ⏳ Next scan at 15:20:01 EDT
──────────────────────────────────────────────────────────────────────
  📡 SCAN #12
  2026-04-27 15:20:01 EDT
──────────────────────────────────────────────────────────────────────
  Launching scanner...
  ⏳ Next scan at 15:51:50 EDT
──────────────────────────────────────────────────────────────────────
  📡 SCAN #13
  2026-04-27 15:51:50 EDT
──────────────────────────────────────────────────────────────────────
  Launching scanner...
  Market closing soon — final scan complete for today.
======================================================================
  📋 END OF DAY REVIEW
  2026-04-27 15:53:39 EDT
======================================================================
  Waiting until 4:01 PM for post-close settlement scan...
  📡 SCAN #14 — POST-CLOSE SETTLEMENT
  Launching scanner...
  Recording outcomes for expiring contracts...
