
=================================================================
  📅 DAILY SUMMARY — Friday, May 01 2026
  Generated: 2026-05-01 16:02:52 EDT
=================================================================

  ────────────────────────────────────────────────────────────
  📈 MARKET OVERVIEW
  ────────────────────────────────────────────────────────────
  Market overview not found in scanner log

  ────────────────────────────────────────────────────────────
  🎯 SIGNAL SUMMARY
  ────────────────────────────────────────────────────────────
  Total signals logged:  753
  Tickers with signals:  18
  🔥 HIGH:               122
  💰 INST:               63
  ⚡ WATCH:              568

  Flow bias (HIGH signals):
  ▲ Calls: 56.0%  $321.2M
  ▼ Puts:  44.0%  $252.3M
  Bias:    BULLISH

  ────────────────────────────────────────────────────────────
  ✅ QUALIFIED ASSESSMENTS TODAY
  ────────────────────────────────────────────────────────────
  No QUALIFIED signals found in today's log

  ────────────────────────────────────────────────────────────
  📂 POSITION ACTIVITY
  ────────────────────────────────────────────────────────────

  No positions opened today

  No positions closed today

  No open positions

  ────────────────────────────────────────────────────────────
  📊 OUTCOMES RECORDED TODAY
  ────────────────────────────────────────────────────────────
  Contracts expiring 2026-05-01:
  ✅ WIN:   624
  ❌ LOSS:  399
  ➖ FLAT:  0
  Total:    1023
  Win rate: 61.0%

  Top wins by premium:
  ✅ TSLA   TSLA260501C00380000          CALL  Strike $380.00  Premium $76.8M
  ✅ TSLA   TSLA260501C00390000          CALL  Strike $390.00  Premium $70.3M
  ✅ TSLA   TSLA260501C00385000          CALL  Strike $385.00  Premium $44.5M
  ✅ TSLA   TSLA260501C00360000          CALL  Strike $360.00  Premium $37.6M
  ✅ MSFT   MSFT260501P00477500          PUT   Strike $477.50  Premium $37.0M

  ────────────────────────────────────────────────────────────
  🔭 SIGNALS TO WATCH TOMORROW
  ────────────────────────────────────────────────────────────
  10 signal(s) carrying forward:

  Ticker   Contract                     Type   Expiry       Premium      Score
  ---------------------------------------------------------------------------
  🔥 SPY    SPY260505P00723000           PUT    2026-05-05   $1.2M        8.0
  🔥 SPY    SPY260504P00729000           PUT    2026-05-04   $1.2M        8.0
  🔥 AMZN   AMZN260508P00272500          PUT    2026-05-08   $1.1M        8.0
  🔥 QQQ    QQQ260504P00675000           PUT    2026-05-04   $3.6M        7.89
  🔥 TSLA   TSLA260508C00220000          CALL   2026-05-08   $8.4M        7.21
  🔥 QQQ    QQQ260504P00672000           PUT    2026-05-04   $929K        7.0
  🔥 AAPL   AAPL260506P00287500          PUT    2026-05-06   $871K        7.0
  🔥 AAPL   AAPL260504P00285000          PUT    2026-05-04   $525K        7.0
  🔥 QQQ    QQQ260504P00676000           PUT    2026-05-04   $768K        6.86
  🔥 NVDA   NVDA260504C00177500          CALL   2026-05-04   $840K        6.84

  ────────────────────────────────────────────────────────────
  💰 BANKROLL STATUS
  ────────────────────────────────────────────────────────────
  Starting bankroll:   $10,000.00
  Total P&L:           $-1,148.50
  Current bankroll:    $8,851.50
  Open exposure:       $0.00 (0.0% of bankroll)
  Max allowed (20%):   $1,770.30

  Paper trades:
  Total:               3
  Open:                0
  Closed:              3
  Win rate:            0.0%  (0W / 3L)

=================================================================
  End of daily summary — 2026-05-01
  Saved to: C:\Users\neast\options-flow-scanner\logs\summary_20260501.log
=================================================================

