
=================================================================
  📅 DAILY SUMMARY — Saturday, April 25 2026
  Generated: 2026-04-25 15:21:55 EDT
=================================================================

  ────────────────────────────────────────────────────────────
  📈 MARKET OVERVIEW
  ────────────────────────────────────────────────────────────
  Market overview not found in scanner log

  ────────────────────────────────────────────────────────────
  🎯 SIGNAL SUMMARY
  ────────────────────────────────────────────────────────────
  No signals logged for 2026-04-25

  ────────────────────────────────────────────────────────────
  ✅ QUALIFIED ASSESSMENTS TODAY
  ────────────────────────────────────────────────────────────
  No QUALIFIED signals found in today's log

  ────────────────────────────────────────────────────────────
  📂 POSITION ACTIVITY
  ────────────────────────────────────────────────────────────

  No positions opened today

  No positions closed today

  Currently open (2):
  #3  TSLA260427C00377500
       Entry: $4.35  Target: $8.70  Stop: $2.17
       Held: 1d  Verdict at entry: None
       💭 .2M premium in 4 DTE calls contradicts the 58% put bias, signaling potential gamma squeeze on a reversal.

  #4  SPY260427P00712000
       Entry: $2.55  Target: $5.10  Stop: $1.27
       Held: 1d  Verdict at entry: None
       💭 .9M in put premium with -0.41 delta at 3 DTE contradicts the 77% bullish call bias, signaling smart money hedging into SPY weakness.


  ────────────────────────────────────────────────────────────
  📊 OUTCOMES RECORDED TODAY
  ────────────────────────────────────────────────────────────
  No outcomes recorded for contracts expiring 2026-04-25

  ────────────────────────────────────────────────────────────
  🔭 SIGNALS TO WATCH TOMORROW
  ────────────────────────────────────────────────────────────
  No forward-dated HIGH/INST signals from today

  ────────────────────────────────────────────────────────────
  💰 BANKROLL STATUS
  ────────────────────────────────────────────────────────────
  Starting bankroll:   $10,000.00
  Total P&L:           $-667.00
  Current bankroll:    $9,333.00
  Open exposure:       $690.00 (7.4% of bankroll)
  Max allowed (20%):   $1,866.60

  Paper trades:
  Total:               3
  Open:                2
  Closed:              1
  Win rate:            0.0%  (0W / 1L)

=================================================================
  End of daily summary — 2026-04-25
  Saved to: C:\Users\neast\options-flow-scanner\logs\summary_20260425.log
=================================================================

