
=================================================================
  📅 DAILY SUMMARY — Friday, May 08 2026
  Generated: 2026-05-08 18:36:39 EDT
=================================================================

  ────────────────────────────────────────────────────────────
  📈 MARKET OVERVIEW
  ────────────────────────────────────────────────────────────
  Market overview not found in scanner log

  ────────────────────────────────────────────────────────────
  🎯 SIGNAL SUMMARY
  ────────────────────────────────────────────────────────────
  Total signals logged:  821
  Tickers with signals:  18
  🔥 HIGH:               163
  💰 INST:               45
  ⚡ WATCH:              613

  Flow bias (HIGH signals):
  ▲ Calls: 61.9%  $510.1M
  ▼ Puts:  38.1%  $314.5M
  Bias:    BULLISH

  ────────────────────────────────────────────────────────────
  ✅ QUALIFIED ASSESSMENTS TODAY
  ────────────────────────────────────────────────────────────
  No QUALIFIED signals found in today's log

  ────────────────────────────────────────────────────────────
  📂 POSITION ACTIVITY
  ────────────────────────────────────────────────────────────

  Opened today (8):
  #10  SPY260511P00745000
       Entry: $9.88  × 1 contract(s)  = $987.50
       Target: $19.75  Stop: $6.42
       💭 HIGH SPY put signal — score 8.0, $4.4M premium, 3 DTE, bearish thesis. Agent auto-entry at $9.88 mid.

  #11  TSLA260511P00425000
       Entry: $7.83  × 1 contract(s)  = $782.50
       Target: $15.65  Stop: $5.09
       💭 HIGH TSLA put signal — score 5.62, $1.6M premium, 3 DTE, bearish thesis. Agent auto-entry at $7.83 mid.

  #12  TSLA260515C00437500
       Entry: $4.40  × 1 contract(s)  = $440.00
       Target: $8.80  Stop: $2.20
       💭 OI confirmed overnight 89→4258, institutional conviction bet on TSLA clearing 437.50 by May 15. Entered morning after signal on confirmed flow.

  #13  TSLA260511P00430000
       Entry: $7.33  × 1 contract(s)  = $732.50
       Target: $14.65  Stop: $4.76
       💭 $2.8M premium on TSLA puts with 100% bearish flow and 8.0 score warrants paper trading to validate the downside conviction before capital deployment.

  #14  TSLA260513P00430000
       Entry: $11.70  × 1 contract(s)  = $1,170.00
       Target: $23.40  Stop: $7.60
       💭 $1.1M premium on TSLA 430 puts expiring today with 100% bearish flow and 8.0 score signals institutional conviction in immediate downside.

  #15  AMD260515P00457500
       Entry: $22.60  × 1 contract(s)  = $2,260.00
       Target: $45.20  Stop: $16.95
       💭 $2.0M premium in AMD puts expiring today with 100% bearish flow and 8.0 score warrants paper trading to test same-day gamma acceleration into close.

  #16  QQQ260511P00706000
       Entry: $2.11  × 1 contract(s)  = $211.00
       Target: $4.22  Stop: $1.37
       💭 QQQ put with $1.8M premium and 8.0 score expiring today in 100% bearish put flow warrants paper trading to test execution at extreme moneyness.

  #17  TSLA260515P00427500
       Entry: $11.00  × 1 contract(s)  = $1,100.00
       Target: $22.00  Stop: $8.25
       💭 $6M premium on TSLA puts with 8.8 score and 100% bearish flow concentration warrants a paper trade to test expiration dynamics.


  No positions closed today

  Currently open (8):
  #7  NFLX260515P00092000
       Entry: $3.72  Target: $7.44  Stop: $1.86
       Held: 3d  Verdict at entry: None
       💭 Deep ITM put with 0.73 delta and 10 days to expiration offers defined risk for a short volatility play if Netflix bounces.

  #10  SPY260511P00745000
       Entry: $9.88  Target: $19.75  Stop: $6.42
       Held: 0d  Verdict at entry: QUALIFIED
       💭 HIGH SPY put signal — score 8.0, $4.4M premium, 3 DTE, bearish thesis. Agent auto-entry at $9.88 mid.

  #12  TSLA260515C00437500
       Entry: $4.40  Target: $8.80  Stop: $2.20
       Held: 0d  Verdict at entry: None
       💭 OI confirmed overnight 89→4258, institutional conviction bet on TSLA clearing 437.50 by May 15. Entered morning after signal on confirmed flow.

  #13  TSLA260511P00430000
       Entry: $7.33  Target: $14.65  Stop: $4.76
       Held: 0d  Verdict at entry: QUALIFIED
       💭 $2.8M premium on TSLA puts with 100% bearish flow and 8.0 score warrants paper trading to validate the downside conviction before capital deployment.

  #14  TSLA260513P00430000
       Entry: $11.70  Target: $23.40  Stop: $7.60
       Held: 0d  Verdict at entry: QUALIFIED
       💭 $1.1M premium on TSLA 430 puts expiring today with 100% bearish flow and 8.0 score signals institutional conviction in immediate downside.

  #15  AMD260515P00457500
       Entry: $22.60  Target: $45.20  Stop: $16.95
       Held: 0d  Verdict at entry: QUALIFIED
       💭 $2.0M premium in AMD puts expiring today with 100% bearish flow and 8.0 score warrants paper trading to test same-day gamma acceleration into close.

  #16  QQQ260511P00706000
       Entry: $2.11  Target: $4.22  Stop: $1.37
       Held: 0d  Verdict at entry: QUALIFIED
       💭 QQQ put with $1.8M premium and 8.0 score expiring today in 100% bearish put flow warrants paper trading to test execution at extreme moneyness.

  #17  TSLA260515P00427500
       Entry: $11.00  Target: $22.00  Stop: $8.25
       Held: 0d  Verdict at entry: QUALIFIED
       💭 $6M premium on TSLA puts with 8.8 score and 100% bearish flow concentration warrants a paper trade to test expiration dynamics.


  ────────────────────────────────────────────────────────────
  📊 OUTCOMES RECORDED TODAY
  ────────────────────────────────────────────────────────────
  Contracts expiring 2026-05-08:
  ✅ WIN:   595
  ❌ LOSS:  400
  ➖ FLAT:  0
  Total:    995
  Win rate: 59.8%

  Top wins by premium:
  ✅ QQQ    QQQ260508C00675000           CALL  Strike $675.00  Premium $58.4M
  ✅ AMZN   AMZN260508C00260000          CALL  Strike $260.00  Premium $56.1M
  ✅ TSLA   TSLA260508C00425000          CALL  Strike $425.00  Premium $52.9M
  ✅ TSLA   TSLA260508C00385000          CALL  Strike $385.00  Premium $42.0M
  ✅ SPY    SPY260508C00718000           CALL  Strike $718.00  Premium $32.9M

  ────────────────────────────────────────────────────────────
  🔭 SIGNALS TO WATCH TOMORROW
  ────────────────────────────────────────────────────────────
  10 signal(s) carrying forward:

  Ticker   Contract                     Type   Expiry       Premium      Score
  ---------------------------------------------------------------------------
  🔥 TSLA   TSLA260515P00427500          PUT    2026-05-15   $6.0M        8.8
  🔥 SPY    SPY260511P00745000           PUT    2026-05-11   $4.4M        8.0
  🔥 TSLA   TSLA260511P00430000          PUT    2026-05-11   $2.8M        8.0
  🔥 AMD    AMD260515P00457500           PUT    2026-05-15   $2.0M        8.0
  🔥 QQQ    QQQ260511P00706000           PUT    2026-05-11   $1.8M        8.0
  🔥 QQQ    QQQ260513C00634000           CALL   2026-05-13   $1.2M        8.0
  🔥 TSLA   TSLA260513P00430000          PUT    2026-05-13   $1.1M        8.0
  🔥 AMD    AMD260515P00432500           PUT    2026-05-15   $1.1M        7.7
  🔥 AMD    AMD260515C00472500           CALL   2026-05-15   $5.3M        7.45
  🔥 QQQ    QQQ260511P00708000           PUT    2026-05-11   $999K        7.0

  ────────────────────────────────────────────────────────────
  💰 BANKROLL STATUS
  ────────────────────────────────────────────────────────────
  Starting bankroll:   $10,000.00
  Total P&L:           $-1,264.00
  Current bankroll:    $8,736.00
  Open exposure:       $7,273.00 (83.3% of bankroll)
  Max allowed (20%):   $1,747.20

  Paper trades:
  Total:               16
  Open:                8
  Closed:              7
  Win rate:            14.3%  (1W / 6L)

=================================================================
  End of daily summary — 2026-05-08
  Saved to: C:\Users\neast\options-flow-scanner\logs\summary_20260508.log
=================================================================

