
=================================================================
  📅 DAILY SUMMARY — Wednesday, May 06 2026
  Generated: 2026-05-06 16:02:42 EDT
=================================================================

  ────────────────────────────────────────────────────────────
  📈 MARKET OVERVIEW
  ────────────────────────────────────────────────────────────
  Market overview not found in scanner log

  ────────────────────────────────────────────────────────────
  🎯 SIGNAL SUMMARY
  ────────────────────────────────────────────────────────────
  Total signals logged:  761
  Tickers with signals:  19
  🔥 HIGH:               124
  💰 INST:               64
  ⚡ WATCH:              573

  Flow bias (HIGH signals):
  ▲ Calls: 44.5%  $176.1M
  ▼ Puts:  55.5%  $219.6M
  Bias:    BEARISH

  ────────────────────────────────────────────────────────────
  ✅ QUALIFIED ASSESSMENTS TODAY
  ────────────────────────────────────────────────────────────
  No QUALIFIED signals found in today's log

  ────────────────────────────────────────────────────────────
  📂 POSITION ACTIVITY
  ────────────────────────────────────────────────────────────

  No positions opened today

  Closed today (2):
  🔴 #9  MSFT260513C00420000
       Entry: $3.40  →  Exit: $2.57
       Reason: STOP  P&L: $-83.00 (-24.4%)
       📝 Auto-closed by position monitor. Bid:0.09 Ask:5.05

  🔴 #8  QQQ260508P00675000
       Entry: $2.68  →  Exit: $1.12
       Reason: STOP  P&L: $-156.00 (-58.2%)
       📝 Auto-closed by position monitor. Bid:1.11 Ask:1.13


  Currently open (1):
  #7  NFLX260515P00092000
       Entry: $3.72  Target: $7.44  Stop: $1.86
       Held: 1d  Verdict at entry: None
       💭 Deep ITM put with 0.73 delta and 10 days to expiration offers defined risk for a short volatility play if Netflix bounces.


  ────────────────────────────────────────────────────────────
  📊 OUTCOMES RECORDED TODAY
  ────────────────────────────────────────────────────────────
  Contracts expiring 2026-05-06:
  ✅ WIN:   282
  ❌ LOSS:  174
  ➖ FLAT:  0
  Total:    456
  Win rate: 61.8%

  Top wins by premium:
  ✅ TSLA   TSLA260506C00395000          CALL  Strike $395.00  Premium $71.4M
  ✅ TSLA   TSLA260506C00392500          CALL  Strike $392.50  Premium $41.3M
  ✅ NVDA   NVDA260506C00202500          CALL  Strike $202.50  Premium $32.5M
  ✅ TSLA   TSLA260506C00395000          CALL  Strike $395.00  Premium $27.5M
  ✅ TSLA   TSLA260506C00387500          CALL  Strike $387.50  Premium $20.0M

  ────────────────────────────────────────────────────────────
  🔭 SIGNALS TO WATCH TOMORROW
  ────────────────────────────────────────────────────────────
  10 signal(s) carrying forward:

  Ticker   Contract                     Type   Expiry       Premium      Score
  ---------------------------------------------------------------------------
  🔥 AMD    AMD260508P00400000           PUT    2026-05-08   $11.1M       9.0
  🔥 AMD    AMD260508P00420000           PUT    2026-05-08   $11.0M       9.0
  🔥 AMD    AMD260508P00425000           PUT    2026-05-08   $6.3M        9.0
  🔥 SPY    SPY260507P00730000           PUT    2026-05-07   $5.2M        9.0
  🔥 AMD    AMD260508P00422500           PUT    2026-05-08   $4.5M        8.0
  🔥 AMD    AMD260515P00420000           PUT    2026-05-15   $3.8M        8.0
  🔥 AMD    AMD260508P00430000           PUT    2026-05-08   $3.6M        8.0
  🔥 AMD    AMD260515P00425000           PUT    2026-05-15   $3.5M        8.0
  🔥 AMD    AMD260508P00417500           PUT    2026-05-08   $2.7M        8.0
  🔥 AMD    AMD260515P00415000           PUT    2026-05-15   $2.3M        8.0

  ────────────────────────────────────────────────────────────
  💰 BANKROLL STATUS
  ────────────────────────────────────────────────────────────
  Starting bankroll:   $10,000.00
  Total P&L:           +$69,743.00
  Current bankroll:    $79,743.00
  Open exposure:       $372.00 (0.5% of bankroll)
  Max allowed (20%):   $15,948.60

  Paper trades:
  Total:               8
  Open:                1
  Closed:              7
  Win rate:            14.3%  (1W / 6L)

  ✅ Bankroll healthy — +697.4% return on starting capital

=================================================================
  End of daily summary — 2026-05-06
  Saved to: C:\Users\neast\options-flow-scanner\logs\summary_20260506.log
=================================================================

