
=================================================================
  📅 DAILY SUMMARY — Tuesday, May 05 2026
  Generated: 2026-05-05 16:02:54 EDT
=================================================================

  ────────────────────────────────────────────────────────────
  📈 MARKET OVERVIEW
  ────────────────────────────────────────────────────────────
  Market overview not found in scanner log

  ────────────────────────────────────────────────────────────
  🎯 SIGNAL SUMMARY
  ────────────────────────────────────────────────────────────
  Total signals logged:  641
  Tickers with signals:  18
  🔥 HIGH:               124
  💰 INST:               51
  ⚡ WATCH:              466

  Flow bias (HIGH signals):
  ▲ Calls: 54.8%  $323.9M
  ▼ Puts:  45.2%  $267.6M
  Bias:    NEUTRAL

  ────────────────────────────────────────────────────────────
  ✅ QUALIFIED ASSESSMENTS TODAY
  ────────────────────────────────────────────────────────────
  No QUALIFIED signals found in today's log

  ────────────────────────────────────────────────────────────
  📂 POSITION ACTIVITY
  ────────────────────────────────────────────────────────────

  Opened today (3):
  #6  AAPL260508P00277500
       Entry: $2.52  × 1 contract(s)  = $252.00
       Target: $5.04  Stop: $1.26
       💭 ATM put with -0.52 delta and 31.2% IV provides balanced directional exposure for 3-day theta decay testing in neutral market conditions.

  #7  NFLX260515P00092000
       Entry: $3.72  × 1 contract(s)  = $372.00
       Target: $7.44  Stop: $1.86
       💭 Deep ITM put with 0.73 delta and 10 days to expiration offers defined risk for a short volatility play if Netflix bounces.

  #8  QQQ260508P00675000
       Entry: $2.68  × 1 contract(s)  = $268.00
       Target: $5.36  Stop: $1.34
       💭 QQQ 675 puts with 3 DTE and 29.7 delta offer defined-risk downside exposure at neutral flow with 23% IV for quick thesis testing.


  Closed today (1):
  🔴 #6  AAPL260508P00277500
       Entry: $2.52  →  Exit: $1.26
       Reason: STOP  P&L: $-125.50 (-49.8%)
       📝 Auto-closed by position monitor. Bid:1.23 Ask:1.3


  Currently open (2):
  #7  NFLX260515P00092000
       Entry: $3.72  Target: $7.44  Stop: $1.86
       Held: 0d  Verdict at entry: None
       💭 Deep ITM put with 0.73 delta and 10 days to expiration offers defined risk for a short volatility play if Netflix bounces.

  #8  QQQ260508P00675000
       Entry: $2.68  Target: $5.36  Stop: $1.34
       Held: 0d  Verdict at entry: None
       💭 QQQ 675 puts with 3 DTE and 29.7 delta offer defined-risk downside exposure at neutral flow with 23% IV for quick thesis testing.


  ────────────────────────────────────────────────────────────
  📊 OUTCOMES RECORDED TODAY
  ────────────────────────────────────────────────────────────
  Contracts expiring 2026-05-05:
  ✅ WIN:   108
  ❌ LOSS:  71
  ➖ FLAT:  0
  Total:    179
  Win rate: 60.3%

  Top wins by premium:
  ✅ SPY    SPY260505C00718000           CALL  Strike $718.00  Premium $13.8M
  ✅ SPY    SPY260505C00722000           CALL  Strike $722.00  Premium $12.7M
  ✅ SPY    SPY260505C00723000           CALL  Strike $723.00  Premium $11.8M
  ✅ QQQ    QQQ260505C00680000           CALL  Strike $680.00  Premium $11.5M
  ✅ SPY    SPY260505C00717000           CALL  Strike $717.00  Premium $9.0M

  ────────────────────────────────────────────────────────────
  🔭 SIGNALS TO WATCH TOMORROW
  ────────────────────────────────────────────────────────────
  10 signal(s) carrying forward:

  Ticker   Contract                     Type   Expiry       Premium      Score
  ---------------------------------------------------------------------------
  🔥 MSFT   MSFT260513C00367500          CALL   2026-05-13   $1.1M        8.0
  🔥 GOOGL  GOOGL260506P00387500         PUT    2026-05-06   $1.0M        8.0
  🔥 TSLA   TSLA260511P00410000          PUT    2026-05-11   $1.7M        7.99
  🔥 META   META260506C00605000          CALL   2026-05-06   $5.1M        7.51
  🔥 TSLA   TSLA260506P00400000          PUT    2026-05-06   $18.8M       7.15
  🔥 SPY    SPY260506P00723000           PUT    2026-05-06   $5.4M        7.05
  🔥 QQQ    QQQ260506P00681000           PUT    2026-05-06   $914K        7.0
  🔥 NFLX   NFLX260515P00111000          PUT    2026-05-15   $510K        7.0
  🔥 TSLA   TSLA260506P00407500          PUT    2026-05-06   $5.6M        6.91
  🔥 AAPL   AAPL260506P00282500          PUT    2026-05-06   $1.9M        6.73

  ────────────────────────────────────────────────────────────
  💰 BANKROLL STATUS
  ────────────────────────────────────────────────────────────
  Starting bankroll:   $10,000.00
  Total P&L:           +$69,982.00
  Current bankroll:    $79,982.00
  Open exposure:       $640.00 (0.8% of bankroll)
  Max allowed (20%):   $15,996.40

  Paper trades:
  Total:               7
  Open:                2
  Closed:              5
  Win rate:            20.0%  (1W / 4L)

  ✅ Bankroll healthy — +699.8% return on starting capital

=================================================================
  End of daily summary — 2026-05-05
  Saved to: C:\Users\neast\options-flow-scanner\logs\summary_20260505.log
=================================================================

