
=================================================================
  📅 DAILY SUMMARY — Thursday, April 30 2026
  Generated: 2026-04-30 16:02:52 EDT
=================================================================

  ────────────────────────────────────────────────────────────
  📈 MARKET OVERVIEW
  ────────────────────────────────────────────────────────────
  Scanner log not found for 2026-04-30

  ────────────────────────────────────────────────────────────
  🎯 SIGNAL SUMMARY
  ────────────────────────────────────────────────────────────
  Total signals logged:  1055
  Tickers with signals:  19
  🔥 HIGH:               171
  💰 INST:               108
  ⚡ WATCH:              776

  Flow bias (HIGH signals):
  ▲ Calls: 63.6%  $413.7M
  ▼ Puts:  36.4%  $237.2M
  Bias:    BULLISH

  ────────────────────────────────────────────────────────────
  ✅ QUALIFIED ASSESSMENTS TODAY
  ────────────────────────────────────────────────────────────
  Scanner log not found — assessments unavailable

  ────────────────────────────────────────────────────────────
  📂 POSITION ACTIVITY
  ────────────────────────────────────────────────────────────

  No positions opened today

  No positions closed today

  No open positions

  ────────────────────────────────────────────────────────────
  📊 OUTCOMES RECORDED TODAY
  ────────────────────────────────────────────────────────────
  Contracts expiring 2026-04-30:
  ✅ WIN:   126
  ❌ LOSS:  79
  ➖ FLAT:  1
  Total:    206
  Win rate: 61.2%

  Top wins by premium:
  ✅ SPY    SPY260430C00500000           CALL  Strike $500.00  Premium $64.0M
  ✅ SPY    SPY260430C00550000           CALL  Strike $550.00  Premium $22.7M
  ✅ QQQ    QQQ260430C00660000           CALL  Strike $660.00  Premium $12.8M
  ✅ SPY    SPY260430C00713000           CALL  Strike $713.00  Premium $11.2M
  ✅ SPY    SPY260430C00711000           CALL  Strike $711.00  Premium $9.7M

  ────────────────────────────────────────────────────────────
  🔭 SIGNALS TO WATCH TOMORROW
  ────────────────────────────────────────────────────────────
  10 signal(s) carrying forward:

  Ticker   Contract                     Type   Expiry       Premium      Score
  ---------------------------------------------------------------------------
  🔥 TSLA   TSLA260504P00390000          PUT    2026-05-04   $31.5M       9.0
  🔥 SPY    SPY260501P00728000           PUT    2026-05-01   $4.3M        8.0
  🔥 SPY    SPY260505C00686000           CALL   2026-05-05   $3.9M        8.0
  🔥 GOOGL  GOOGL260501P00370000         PUT    2026-05-01   $3.0M        8.0
  🔥 SPY    SPY260505P00688000           PUT    2026-05-05   $2.7M        8.0
  🔥 TSLA   TSLA260508C00347500          CALL   2026-05-08   $2.6M        8.0
  🔥 SPY    SPY260505C00688000           CALL   2026-05-05   $2.0M        8.0
  🔥 SPY    SPY260505C00706000           CALL   2026-05-05   $1.8M        8.0
  🔥 GOOGL  GOOGL260504P00370000         PUT    2026-05-04   $1.4M        8.0
  🔥 META   META260501C00607500          CALL   2026-05-01   $1.3M        8.0

  ────────────────────────────────────────────────────────────
  💰 BANKROLL STATUS
  ────────────────────────────────────────────────────────────
  Starting bankroll:   $10,000.00
  Total P&L:           $-1,148.50
  Current bankroll:    $8,851.50
  Open exposure:       $0.00 (0.0% of bankroll)
  Max allowed (20%):   $1,770.30

  Paper trades:
  Total:               3
  Open:                0
  Closed:              3
  Win rate:            0.0%  (0W / 3L)

=================================================================
  End of daily summary — 2026-04-30
  Saved to: C:\Users\neast\options-flow-scanner\logs\summary_20260430.log
=================================================================

